2026-09-02 13:04:00 | INFO     | utils | Logging to logs\e2_fgbf_pim.log
2026-09-02 13:04:00 | INFO     | __main__ |   CoRD-Net — E2 + FGBF + PIM-Lite Feature Block
2026-09-02 13:04:00 | INFO     | __main__ |   Experiment  : E2_FGBF_PIM
2026-09-02 13:04:00 | INFO     | __main__ |   Device      : cuda
2026-09-02 13:04:00 | INFO     | __main__ |   Epochs      : 60
2026-09-02 13:04:00 | INFO     | __main__ |   Batch size  : 16
2026-09-02 13:04:00 | INFO     | __main__ |   Data root   : Dataset
2026-09-02 13:04:00 | INFO     | __main__ |   Pretrained  : True
2026-09-02 13:04:00 | INFO     | __main__ |   Results dir : results/e2_fgbf_pim
2026-09-02 13:04:00 | INFO     | dataset | Split mode: pre-split directories (train/ val/ test/)
2026-09-02 13:04:00 | INFO     | dataset | Pre-split layout detected: train=5778  val=826  test=1656
2026-09-02 13:04:00 | INFO     | dataset | Dataset ready — train: 5778  val: 826
2026-09-02 13:04:00 | INFO     | dataset | Split mode: pre-split directories (train/ val/ test/)
2026-09-02 13:04:00 | INFO     | dataset | Pre-split layout detected: train=5778  val=826  test=1656
2026-09-02 13:04:43 | INFO     | trainer | epoch=1/60 | time=31.0s | lr=1.00e-04 | train/kl=1.2823 | train/main=1.2823 | train/total=1.4235 | train/fgbf=0.9414 | train/fgbf_loss=0.9414 | train/weighted_fgbf=0.1412 | train/weighted_fgbf_loss=0.1412 | train/fgbf_grad_norm=0.3430 | train/backbone_grad_norm=8.1444 | train/accuracy=0.5016 | val/kl=1.1428 | val/main=1.1428 | val/total=1.2546 | val/fgbf=0.7452 | val/fgbf_loss=0.7452 | val/weighted_fgbf=0.1118 | val/weighted_fgbf_loss=0.1118 | val/accuracy=0.5847 | val/kappa=0.6754 | val/mae=0.5799 | val/macro_f1=0.4791 | val/fgbf_low_grade_accuracy=0.6061 | val/fgbf_kl0_precision=0.6740 | val/fgbf_kl0_recall=0.7439 | val/fgbf_kl0_f1=0.7072 | val/fgbf_kl1_precision=0.0000 | val/fgbf_kl1_recall=0.0000 | val/fgbf_kl1_f1=0.0000 | val/fgbf_kl2_precision=0.5317 | val/fgbf_kl2_recall=0.8302 | val/fgbf_kl2_f1=0.6483 | val/fgbf_boundary_KL1_to_KL0=82.0000 | val/fgbf_boundary_KL1_to_KL2=71.0000
2026-09-02 13:05:30 | INFO     | trainer | epoch=2/60 | time=31.0s | lr=9.99e-05 | train/kl=1.1111 | train/main=1.1111 | train/total=1.2363 | train/fgbf=0.8349 | train/fgbf_loss=0.8349 | train/weighted_fgbf=0.1252 | train/weighted_fgbf_loss=0.1252 | train/fgbf_grad_norm=0.3725 | train/backbone_grad_norm=9.5514 | train/accuracy=0.6073 | val/kl=1.0767 | val/main=1.0767 | val/total=1.1823 | val/fgbf=0.7039 | val/fgbf_loss=0.7039 | val/weighted_fgbf=0.1056 | val/weighted_fgbf_loss=0.1056 | val/accuracy=0.6211 | val/kappa=0.7069 | val/mae=0.5254 | val/macro_f1=0.5674 | val/fgbf_low_grade_accuracy=0.6219 | val/fgbf_kl0_precision=0.6934 | val/fgbf_kl0_recall=0.7652 | val/fgbf_kl0_f1=0.7275 | val/fgbf_kl1_precision=0.3529 | val/fgbf_kl1_recall=0.0392 | val/fgbf_kl1_f1=0.0706 | val/fgbf_kl2_precision=0.5541 | val/fgbf_kl2_recall=0.8208 | val/fgbf_kl2_f1=0.6616 | val/fgbf_boundary_KL1_to_KL0=79.0000 | val/fgbf_boundary_KL1_to_KL2=68.0000
2026-09-02 13:06:14 | INFO     | trainer | epoch=3/60 | time=31.9s | lr=9.97e-05 | train/kl=1.0576 | train/main=1.0576 | train/total=1.1782 | train/fgbf=0.8036 | train/fgbf_loss=0.8036 | train/weighted_fgbf=0.1205 | train/weighted_fgbf_loss=0.1205 | train/fgbf_grad_norm=0.3564 | train/backbone_grad_norm=9.4807 | train/accuracy=0.6260 | val/kl=1.1611 | val/main=1.1611 | val/total=1.2944 | val/fgbf=0.8890 | val/fgbf_loss=0.8890 | val/weighted_fgbf=0.1334 | val/weighted_fgbf_loss=0.1334 | val/accuracy=0.5860 | val/kappa=0.6767 | val/mae=0.5956 | val/macro_f1=0.5417 | val/fgbf_low_grade_accuracy=0.5887 | val/fgbf_kl0_precision=0.5627 | val/fgbf_kl0_recall=0.9848 | val/fgbf_kl0_f1=0.7162 | val/fgbf_kl1_precision=0.2000 | val/fgbf_kl1_recall=0.0327 | val/fgbf_kl1_f1=0.0562 | val/fgbf_kl2_precision=0.8511 | val/fgbf_kl2_recall=0.3774 | val/fgbf_kl2_f1=0.5229 | val/fgbf_boundary_KL1_to_KL0=136.0000 | val/fgbf_boundary_KL1_to_KL2=12.0000
2026-09-02 13:06:58 | INFO     | trainer | epoch=4/60 | time=32.3s | lr=9.94e-05 | train/kl=1.0617 | train/main=1.0617 | train/total=1.1834 | train/fgbf=0.8117 | train/fgbf_loss=0.8117 | train/weighted_fgbf=0.1218 | train/weighted_fgbf_loss=0.1218 | train/fgbf_grad_norm=0.3377 | train/backbone_grad_norm=9.6539 | train/accuracy=0.6290 | val/kl=1.1919 | val/main=1.1919 | val/total=1.3140 | val/fgbf=0.8136 | val/fgbf_loss=0.8136 | val/weighted_fgbf=0.1220 | val/weighted_fgbf_loss=0.1220 | val/accuracy=0.5496 | val/kappa=0.5743 | val/mae=0.7034 | val/macro_f1=0.4815 | val/fgbf_low_grade_accuracy=0.5628 | val/fgbf_kl0_precision=0.5677 | val/fgbf_kl0_recall=0.8689 | val/fgbf_kl0_f1=0.6867 | val/fgbf_kl1_precision=0.2308 | val/fgbf_kl1_recall=0.0196 | val/fgbf_kl1_f1=0.0361 | val/fgbf_kl2_precision=0.5730 | val/fgbf_kl2_recall=0.4811 | val/fgbf_kl2_f1=0.5231 | val/fgbf_boundary_KL1_to_KL0=112.0000 | val/fgbf_boundary_KL1_to_KL2=38.0000
2026-09-02 13:07:40 | INFO     | trainer | epoch=5/60 | time=31.5s | lr=9.89e-05 | train/kl=1.1520 | train/main=1.1520 | train/total=1.2826 | train/fgbf=0.8707 | train/fgbf_loss=0.8707 | train/weighted_fgbf=0.1306 | train/weighted_fgbf_loss=0.1306 | train/fgbf_grad_norm=0.2867 | train/backbone_grad_norm=8.0954 | train/accuracy=0.5751 | val/kl=1.2239 | val/main=1.2239 | val/total=1.3396 | val/fgbf=0.7715 | val/fgbf_loss=0.7715 | val/weighted_fgbf=0.1157 | val/weighted_fgbf_loss=0.1157 | val/accuracy=0.5472 | val/kappa=0.4400 | val/mae=0.7760 | val/macro_f1=0.4656 | val/fgbf_low_grade_accuracy=0.5830 | val/fgbf_kl0_precision=0.5625 | val/fgbf_kl0_recall=0.9055 | val/fgbf_kl0_f1=0.6939 | val/fgbf_kl1_precision=0.3929 | val/fgbf_kl1_recall=0.0719 | val/fgbf_kl1_f1=0.1215 | val/fgbf_kl2_precision=0.7007 | val/fgbf_kl2_recall=0.4528 | val/fgbf_kl2_f1=0.5501 | val/fgbf_boundary_KL1_to_KL0=120.0000 | val/fgbf_boundary_KL1_to_KL2=22.0000
2026-09-02 13:08:23 | INFO     | trainer | epoch=6/60 | time=31.5s | lr=9.83e-05 | train/kl=1.0893 | train/main=1.0893 | train/total=1.2132 | train/fgbf=0.8256 | train/fgbf_loss=0.8256 | train/weighted_fgbf=0.1238 | train/weighted_fgbf_loss=0.1238 | train/fgbf_grad_norm=0.2912 | train/backbone_grad_norm=8.6071 | train/accuracy=0.6054 | val/kl=1.0449 | val/main=1.0449 | val/total=1.1507 | val/fgbf=0.7054 | val/fgbf_loss=0.7054 | val/weighted_fgbf=0.1058 | val/weighted_fgbf_loss=0.1058 | val/accuracy=0.6247 | val/kappa=0.7018 | val/mae=0.5375 | val/macro_f1=0.5976 | val/fgbf_low_grade_accuracy=0.6190 | val/fgbf_kl0_precision=0.7038 | val/fgbf_kl0_recall=0.7317 | val/fgbf_kl0_f1=0.7175 | val/fgbf_kl1_precision=0.6250 | val/fgbf_kl1_recall=0.0327 | val/fgbf_kl1_f1=0.0621 | val/fgbf_kl2_precision=0.5349 | val/fgbf_kl2_recall=0.8679 | val/fgbf_kl2_f1=0.6619 | val/fgbf_boundary_KL1_to_KL0=74.0000 | val/fgbf_boundary_KL1_to_KL2=74.0000
2026-09-02 13:09:07 | INFO     | trainer | epoch=7/60 | time=31.5s | lr=9.76e-05 | train/kl=1.0170 | train/main=1.0170 | train/total=1.1320 | train/fgbf=0.7668 | train/fgbf_loss=0.7668 | train/weighted_fgbf=0.1150 | train/weighted_fgbf_loss=0.1150 | train/fgbf_grad_norm=0.2883 | train/backbone_grad_norm=9.3876 | train/accuracy=0.6489 | val/kl=1.0284 | val/main=1.0284 | val/total=1.1260 | val/fgbf=0.6506 | val/fgbf_loss=0.6506 | val/weighted_fgbf=0.0976 | val/weighted_fgbf_loss=0.0976 | val/accuracy=0.6477 | val/kappa=0.7650 | val/mae=0.4516 | val/macro_f1=0.6165 | val/fgbf_low_grade_accuracy=0.6623 | val/fgbf_kl0_precision=0.7099 | val/fgbf_kl0_recall=0.8506 | val/fgbf_kl0_f1=0.7739 | val/fgbf_kl1_precision=0.3793 | val/fgbf_kl1_recall=0.1438 | val/fgbf_kl1_f1=0.2085 | val/fgbf_kl2_precision=0.6529 | val/fgbf_kl2_recall=0.7453 | val/fgbf_kl2_f1=0.6960 | val/fgbf_boundary_KL1_to_KL0=77.0000 | val/fgbf_boundary_KL1_to_KL2=54.0000
2026-09-02 13:09:50 | INFO     | trainer | epoch=8/60 | time=31.4s | lr=9.67e-05 | train/kl=1.0133 | train/main=1.0133 | train/total=1.1284 | train/fgbf=0.7668 | train/fgbf_loss=0.7668 | train/weighted_fgbf=0.1150 | train/weighted_fgbf_loss=0.1150 | train/fgbf_grad_norm=0.2718 | train/backbone_grad_norm=9.0931 | train/accuracy=0.6537 | val/kl=1.0141 | val/main=1.0141 | val/total=1.1131 | val/fgbf=0.6599 | val/fgbf_loss=0.6599 | val/weighted_fgbf=0.0990 | val/weighted_fgbf_loss=0.0990 | val/accuracy=0.6489 | val/kappa=0.7756 | val/mae=0.4419 | val/macro_f1=0.6559 | val/fgbf_low_grade_accuracy=0.6335 | val/fgbf_kl0_precision=0.6851 | val/fgbf_kl0_recall=0.8293 | val/fgbf_kl0_f1=0.7503 | val/fgbf_kl1_precision=0.3238 | val/fgbf_kl1_recall=0.2222 | val/fgbf_kl1_f1=0.2636 | val/fgbf_kl2_precision=0.6963 | val/fgbf_kl2_recall=0.6274 | val/fgbf_kl2_f1=0.6600 | val/fgbf_boundary_KL1_to_KL0=87.0000 | val/fgbf_boundary_KL1_to_KL2=32.0000
2026-09-02 13:10:33 | INFO     | trainer | epoch=9/60 | time=31.7s | lr=9.57e-05 | train/kl=0.9943 | train/main=0.9943 | train/total=1.1062 | train/fgbf=0.7461 | train/fgbf_loss=0.7461 | train/weighted_fgbf=0.1119 | train/weighted_fgbf_loss=0.1119 | train/fgbf_grad_norm=0.2699 | train/backbone_grad_norm=9.6602 | train/accuracy=0.6671 | val/kl=1.0596 | val/main=1.0596 | val/total=1.1715 | val/fgbf=0.7461 | val/fgbf_loss=0.7461 | val/weighted_fgbf=0.1119 | val/weighted_fgbf_loss=0.1119 | val/accuracy=0.6513 | val/kappa=0.7539 | val/mae=0.4746 | val/macro_f1=0.6305 | val/fgbf_low_grade_accuracy=0.6392 | val/fgbf_kl0_precision=0.6209 | val/fgbf_kl0_recall=0.9238 | val/fgbf_kl0_f1=0.7426 | val/fgbf_kl1_precision=0.3929 | val/fgbf_kl1_recall=0.0719 | val/fgbf_kl1_f1=0.1215 | val/fgbf_kl2_precision=0.7288 | val/fgbf_kl2_recall=0.6085 | val/fgbf_kl2_f1=0.6632 | val/fgbf_boundary_KL1_to_KL0=112.0000 | val/fgbf_boundary_KL1_to_KL2=30.0000
2026-09-02 13:11:16 | INFO     | trainer | epoch=10/60 | time=31.5s | lr=9.46e-05 | train/kl=0.9955 | train/main=0.9955 | train/total=1.1090 | train/fgbf=0.7567 | train/fgbf_loss=0.7567 | train/weighted_fgbf=0.1135 | train/weighted_fgbf_loss=0.1135 | train/fgbf_grad_norm=0.2649 | train/backbone_grad_norm=10.3148 | train/accuracy=0.6707 | val/kl=1.0216 | val/main=1.0216 | val/total=1.1249 | val/fgbf=0.6886 | val/fgbf_loss=0.6886 | val/weighted_fgbf=0.1033 | val/weighted_fgbf_loss=0.1033 | val/accuracy=0.6441 | val/kappa=0.7668 | val/mae=0.4613 | val/macro_f1=0.6509 | val/fgbf_low_grade_accuracy=0.6465 | val/fgbf_kl0_precision=0.6826 | val/fgbf_kl0_recall=0.8720 | val/fgbf_kl0_f1=0.7657 | val/fgbf_kl1_precision=0.3942 | val/fgbf_kl1_recall=0.3529 | val/fgbf_kl1_f1=0.3724 | val/fgbf_kl2_precision=0.7883 | val/fgbf_kl2_recall=0.5094 | val/fgbf_kl2_f1=0.6189 | val/fgbf_boundary_KL1_to_KL0=81.0000 | val/fgbf_boundary_KL1_to_KL2=18.0000
2026-09-02 13:12:00 | INFO     | trainer | epoch=11/60 | time=31.8s | lr=9.33e-05 | train/kl=1.0334 | train/main=1.0334 | train/total=1.1510 | train/fgbf=0.7846 | train/fgbf_loss=0.7846 | train/weighted_fgbf=0.1177 | train/weighted_fgbf_loss=0.1177 | train/fgbf_grad_norm=0.2505 | train/backbone_grad_norm=9.9586 | train/accuracy=0.6492 | val/kl=1.0952 | val/main=1.0952 | val/total=1.2019 | val/fgbf=0.7112 | val/fgbf_loss=0.7112 | val/weighted_fgbf=0.1067 | val/weighted_fgbf_loss=0.1067 | val/accuracy=0.6029 | val/kappa=0.7106 | val/mae=0.5339 | val/macro_f1=0.5844 | val/fgbf_low_grade_accuracy=0.6277 | val/fgbf_kl0_precision=0.6895 | val/fgbf_kl0_recall=0.7378 | val/fgbf_kl0_f1=0.7128 | val/fgbf_kl1_precision=0.4045 | val/fgbf_kl1_recall=0.2353 | val/fgbf_kl1_f1=0.2975 | val/fgbf_kl2_precision=0.6206 | val/fgbf_kl2_recall=0.7406 | val/fgbf_kl2_f1=0.6753 | val/fgbf_boundary_KL1_to_KL0=72.0000 | val/fgbf_boundary_KL1_to_KL2=45.0000
2026-09-02 13:12:43 | INFO     | trainer | epoch=12/60 | time=31.5s | lr=9.19e-05 | train/kl=1.0062 | train/main=1.0062 | train/total=1.1216 | train/fgbf=0.7694 | train/fgbf_loss=0.7694 | train/weighted_fgbf=0.1154 | train/weighted_fgbf_loss=0.1154 | train/fgbf_grad_norm=0.2486 | train/backbone_grad_norm=10.8623 | train/accuracy=0.6595 | val/kl=1.0366 | val/main=1.0366 | val/total=1.1437 | val/fgbf=0.7141 | val/fgbf_loss=0.7141 | val/weighted_fgbf=0.1071 | val/weighted_fgbf_loss=0.1071 | val/accuracy=0.6392 | val/kappa=0.7658 | val/mae=0.4625 | val/macro_f1=0.6550 | val/fgbf_low_grade_accuracy=0.6436 | val/fgbf_kl0_precision=0.7254 | val/fgbf_kl0_recall=0.7652 | val/fgbf_kl0_f1=0.7448 | val/fgbf_kl1_precision=0.3564 | val/fgbf_kl1_recall=0.2353 | val/fgbf_kl1_f1=0.2835 | val/fgbf_kl2_precision=0.6463 | val/fgbf_kl2_recall=0.7500 | val/fgbf_kl2_f1=0.6943 | val/fgbf_boundary_KL1_to_KL0=64.0000 | val/fgbf_boundary_KL1_to_KL2=53.0000
2026-09-02 13:13:26 | INFO     | trainer | epoch=13/60 | time=31.5s | lr=9.05e-05 | train/kl=1.0070 | train/main=1.0070 | train/total=1.1222 | train/fgbf=0.7685 | train/fgbf_loss=0.7685 | train/weighted_fgbf=0.1153 | train/weighted_fgbf_loss=0.1153 | train/fgbf_grad_norm=0.2495 | train/backbone_grad_norm=11.1127 | train/accuracy=0.6610 | val/kl=1.0470 | val/main=1.0470 | val/total=1.1528 | val/fgbf=0.7057 | val/fgbf_loss=0.7057 | val/weighted_fgbf=0.1059 | val/weighted_fgbf_loss=0.1059 | val/accuracy=0.6441 | val/kappa=0.7433 | val/mae=0.4794 | val/macro_f1=0.6291 | val/fgbf_low_grade_accuracy=0.6479 | val/fgbf_kl0_precision=0.6699 | val/fgbf_kl0_recall=0.8354 | val/fgbf_kl0_f1=0.7436 | val/fgbf_kl1_precision=0.4667 | val/fgbf_kl1_recall=0.1373 | val/fgbf_kl1_f1=0.2121 | val/fgbf_kl2_precision=0.6444 | val/fgbf_kl2_recall=0.7264 | val/fgbf_kl2_f1=0.6829 | val/fgbf_boundary_KL1_to_KL0=85.0000 | val/fgbf_boundary_KL1_to_KL2=47.0000
2026-09-02 13:14:09 | INFO     | trainer | epoch=14/60 | time=31.7s | lr=8.89e-05 | train/kl=1.0514 | train/main=1.0514 | train/total=1.1709 | train/fgbf=0.7966 | train/fgbf_loss=0.7966 | train/weighted_fgbf=0.1195 | train/weighted_fgbf_loss=0.1195 | train/fgbf_grad_norm=0.2394 | train/backbone_grad_norm=10.6389 | train/accuracy=0.6390 | val/kl=1.0711 | val/main=1.0711 | val/total=1.1783 | val/fgbf=0.7152 | val/fgbf_loss=0.7152 | val/weighted_fgbf=0.1073 | val/weighted_fgbf_loss=0.1073 | val/accuracy=0.6283 | val/kappa=0.7516 | val/mae=0.4903 | val/macro_f1=0.6161 | val/fgbf_low_grade_accuracy=0.6436 | val/fgbf_kl0_precision=0.7267 | val/fgbf_kl0_recall=0.7622 | val/fgbf_kl0_f1=0.7440 | val/fgbf_kl1_precision=0.4286 | val/fgbf_kl1_recall=0.1961 | val/fgbf_kl1_f1=0.2691 | val/fgbf_kl2_precision=0.5950 | val/fgbf_kl2_recall=0.7830 | val/fgbf_kl2_f1=0.6762 | val/fgbf_boundary_KL1_to_KL0=67.0000 | val/fgbf_boundary_KL1_to_KL2=56.0000
2026-09-02 13:14:52 | INFO     | trainer | epoch=15/60 | time=31.0s | lr=8.72e-05 | train/kl=1.0388 | train/main=1.0388 | train/total=1.1552 | train/fgbf=0.7756 | train/fgbf_loss=0.7756 | train/weighted_fgbf=0.1163 | train/weighted_fgbf_loss=0.1163 | train/fgbf_grad_norm=0.2506 | train/backbone_grad_norm=10.4902 | train/accuracy=0.6444 | val/kl=1.0595 | val/main=1.0595 | val/total=1.1662 | val/fgbf=0.7111 | val/fgbf_loss=0.7111 | val/weighted_fgbf=0.1067 | val/weighted_fgbf_loss=0.1067 | val/accuracy=0.6150 | val/kappa=0.7168 | val/mae=0.5363 | val/macro_f1=0.5780 | val/fgbf_low_grade_accuracy=0.6320 | val/fgbf_kl0_precision=0.6395 | val/fgbf_kl0_recall=0.8598 | val/fgbf_kl0_f1=0.7334 | val/fgbf_kl1_precision=0.5000 | val/fgbf_kl1_recall=0.1046 | val/fgbf_kl1_f1=0.1730 | val/fgbf_kl2_precision=0.6364 | val/fgbf_kl2_recall=0.6604 | val/fgbf_kl2_f1=0.6481 | val/fgbf_boundary_KL1_to_KL0=94.0000 | val/fgbf_boundary_KL1_to_KL2=43.0000
2026-09-02 13:15:35 | INFO     | trainer | epoch=16/60 | time=31.7s | lr=8.54e-05 | train/kl=1.0251 | train/main=1.0251 | train/total=1.1400 | train/fgbf=0.7657 | train/fgbf_loss=0.7657 | train/weighted_fgbf=0.1149 | train/weighted_fgbf_loss=0.1149 | train/fgbf_grad_norm=0.2371 | train/backbone_grad_norm=10.1074 | train/accuracy=0.6465 | val/kl=1.0826 | val/main=1.0826 | val/total=1.1946 | val/fgbf=0.7466 | val/fgbf_loss=0.7466 | val/weighted_fgbf=0.1120 | val/weighted_fgbf_loss=0.1120 | val/accuracy=0.6090 | val/kappa=0.7342 | val/mae=0.5133 | val/macro_f1=0.6163 | val/fgbf_low_grade_accuracy=0.6118 | val/fgbf_kl0_precision=0.6649 | val/fgbf_kl0_recall=0.7866 | val/fgbf_kl0_f1=0.7207 | val/fgbf_kl1_precision=0.3566 | val/fgbf_kl1_recall=0.3333 | val/fgbf_kl1_f1=0.3446 | val/fgbf_kl2_precision=0.7099 | val/fgbf_kl2_recall=0.5425 | val/fgbf_kl2_f1=0.6150 | val/fgbf_boundary_KL1_to_KL0=81.0000 | val/fgbf_boundary_KL1_to_KL2=21.0000
2026-09-02 13:16:18 | INFO     | trainer | epoch=17/60 | time=31.4s | lr=8.35e-05 | train/kl=1.0084 | train/main=1.0084 | train/total=1.1209 | train/fgbf=0.7501 | train/fgbf_loss=0.7501 | train/weighted_fgbf=0.1125 | train/weighted_fgbf_loss=0.1125 | train/fgbf_grad_norm=0.2252 | train/backbone_grad_norm=10.1512 | train/accuracy=0.6598 | val/kl=1.0301 | val/main=1.0301 | val/total=1.1363 | val/fgbf=0.7085 | val/fgbf_loss=0.7085 | val/weighted_fgbf=0.1063 | val/weighted_fgbf_loss=0.1063 | val/accuracy=0.6441 | val/kappa=0.7775 | val/mae=0.4516 | val/macro_f1=0.6345 | val/fgbf_low_grade_accuracy=0.6465 | val/fgbf_kl0_precision=0.6899 | val/fgbf_kl0_recall=0.8140 | val/fgbf_kl0_f1=0.7469 | val/fgbf_kl1_precision=0.3621 | val/fgbf_kl1_recall=0.2745 | val/fgbf_kl1_f1=0.3123 | val/fgbf_kl2_precision=0.7316 | val/fgbf_kl2_recall=0.6557 | val/fgbf_kl2_f1=0.6915 | val/fgbf_boundary_KL1_to_KL0=81.0000 | val/fgbf_boundary_KL1_to_KL2=30.0000
2026-09-02 13:17:02 | INFO     | trainer | epoch=18/60 | time=32.1s | lr=8.15e-05 | train/kl=0.9426 | train/main=0.9426 | train/total=1.0465 | train/fgbf=0.6926 | train/fgbf_loss=0.6926 | train/weighted_fgbf=0.1039 | train/weighted_fgbf_loss=0.1039 | train/fgbf_grad_norm=0.2338 | train/backbone_grad_norm=10.7754 | train/accuracy=0.6967 | val/kl=1.0363 | val/main=1.0363 | val/total=1.1431 | val/fgbf=0.7118 | val/fgbf_loss=0.7118 | val/weighted_fgbf=0.1068 | val/weighted_fgbf_loss=0.1068 | val/accuracy=0.6465 | val/kappa=0.7709 | val/mae=0.4625 | val/macro_f1=0.6143 | val/fgbf_low_grade_accuracy=0.6450 | val/fgbf_kl0_precision=0.6422 | val/fgbf_kl0_recall=0.9085 | val/fgbf_kl0_f1=0.7525 | val/fgbf_kl1_precision=0.3623 | val/fgbf_kl1_recall=0.1634 | val/fgbf_kl1_f1=0.2252 | val/fgbf_kl2_precision=0.7750 | val/fgbf_kl2_recall=0.5849 | val/fgbf_kl2_f1=0.6667 | val/fgbf_boundary_KL1_to_KL0=106.0000 | val/fgbf_boundary_KL1_to_KL2=22.0000
2026-09-02 13:17:46 | INFO     | trainer | epoch=19/60 | time=31.8s | lr=7.94e-05 | train/kl=1.0593 | train/main=1.0593 | train/total=1.1765 | train/fgbf=0.7812 | train/fgbf_loss=0.7812 | train/weighted_fgbf=0.1172 | train/weighted_fgbf_loss=0.1172 | train/fgbf_grad_norm=0.2254 | train/backbone_grad_norm=9.2824 | train/accuracy=0.6318 | val/kl=1.1354 | val/main=1.1354 | val/total=1.2503 | val/fgbf=0.7657 | val/fgbf_loss=0.7657 | val/weighted_fgbf=0.1149 | val/weighted_fgbf_loss=0.1149 | val/accuracy=0.5884 | val/kappa=0.6340 | val/mae=0.6199 | val/macro_f1=0.5498 | val/fgbf_low_grade_accuracy=0.6061 | val/fgbf_kl0_precision=0.5924 | val/fgbf_kl0_recall=0.8994 | val/fgbf_kl0_f1=0.7143 | val/fgbf_kl1_precision=0.4333 | val/fgbf_kl1_recall=0.0850 | val/fgbf_kl1_f1=0.1421 | val/fgbf_kl2_precision=0.6788 | val/fgbf_kl2_recall=0.5283 | val/fgbf_kl2_f1=0.5942 | val/fgbf_boundary_KL1_to_KL0=114.0000 | val/fgbf_boundary_KL1_to_KL2=26.0000
2026-09-02 13:18:29 | INFO     | trainer | epoch=20/60 | time=31.6s | lr=7.72e-05 | train/kl=1.1036 | train/main=1.1036 | train/total=1.2257 | train/fgbf=0.8136 | train/fgbf_loss=0.8136 | train/weighted_fgbf=0.1220 | train/weighted_fgbf_loss=0.1220 | train/fgbf_grad_norm=0.2118 | train/backbone_grad_norm=8.8400 | train/accuracy=0.6053 | val/kl=1.1065 | val/main=1.1065 | val/total=1.2184 | val/fgbf=0.7463 | val/fgbf_loss=0.7463 | val/weighted_fgbf=0.1119 | val/weighted_fgbf_loss=0.1119 | val/accuracy=0.5884 | val/kappa=0.6414 | val/mae=0.6005 | val/macro_f1=0.5627 | val/fgbf_low_grade_accuracy=0.5988 | val/fgbf_kl0_precision=0.6553 | val/fgbf_kl0_recall=0.7591 | val/fgbf_kl0_f1=0.7034 | val/fgbf_kl1_precision=0.3250 | val/fgbf_kl1_recall=0.1699 | val/fgbf_kl1_f1=0.2232 | val/fgbf_kl2_precision=0.6009 | val/fgbf_kl2_recall=0.6604 | val/fgbf_kl2_f1=0.6292 | val/fgbf_boundary_KL1_to_KL0=79.0000 | val/fgbf_boundary_KL1_to_KL2=48.0000
2026-09-02 13:19:13 | INFO     | trainer | epoch=21/60 | time=32.2s | lr=7.50e-05 | train/kl=1.1071 | train/main=1.1071 | train/total=1.2298 | train/fgbf=0.8179 | train/fgbf_loss=0.8179 | train/weighted_fgbf=0.1227 | train/weighted_fgbf_loss=0.1227 | train/fgbf_grad_norm=0.1981 | train/backbone_grad_norm=8.4448 | train/accuracy=0.6073 | val/kl=1.1206 | val/main=1.1206 | val/total=1.2341 | val/fgbf=0.7563 | val/fgbf_loss=0.7563 | val/weighted_fgbf=0.1135 | val/weighted_fgbf_loss=0.1135 | val/accuracy=0.5981 | val/kappa=0.6550 | val/mae=0.5956 | val/macro_f1=0.5621 | val/fgbf_low_grade_accuracy=0.6147 | val/fgbf_kl0_precision=0.6073 | val/fgbf_kl0_recall=0.9146 | val/fgbf_kl0_f1=0.7299 | val/fgbf_kl1_precision=0.3409 | val/fgbf_kl1_recall=0.0980 | val/fgbf_kl1_f1=0.1523 | val/fgbf_kl2_precision=0.7161 | val/fgbf_kl2_recall=0.5236 | val/fgbf_kl2_f1=0.6049 | val/fgbf_boundary_KL1_to_KL0=110.0000 | val/fgbf_boundary_KL1_to_KL2=28.0000
2026-09-02 13:19:57 | INFO     | trainer | epoch=22/60 | time=31.7s | lr=7.27e-05 | train/kl=1.0934 | train/main=1.0934 | train/total=1.2129 | train/fgbf=0.7968 | train/fgbf_loss=0.7968 | train/weighted_fgbf=0.1195 | train/weighted_fgbf_loss=0.1195 | train/fgbf_grad_norm=0.2019 | train/backbone_grad_norm=8.3649 | train/accuracy=0.6106 | val/kl=1.1850 | val/main=1.1850 | val/total=1.3054 | val/fgbf=0.8030 | val/fgbf_loss=0.8030 | val/weighted_fgbf=0.1205 | val/weighted_fgbf_loss=0.1205 | val/accuracy=0.5678 | val/kappa=0.5828 | val/mae=0.6671 | val/macro_f1=0.5108 | val/fgbf_low_grade_accuracy=0.5830 | val/fgbf_kl0_precision=0.5736 | val/fgbf_kl0_recall=0.9268 | val/fgbf_kl0_f1=0.7086 | val/fgbf_kl1_precision=0.2766 | val/fgbf_kl1_recall=0.0850 | val/fgbf_kl1_f1=0.1300 | val/fgbf_kl2_precision=0.7500 | val/fgbf_kl2_recall=0.4104 | val/fgbf_kl2_f1=0.5305 | val/fgbf_boundary_KL1_to_KL0=121.0000 | val/fgbf_boundary_KL1_to_KL2=19.0000
2026-09-02 13:20:39 | INFO     | trainer | epoch=23/60 | time=31.2s | lr=7.03e-05 | train/kl=1.1188 | train/main=1.1188 | train/total=1.2404 | train/fgbf=0.8103 | train/fgbf_loss=0.8103 | train/weighted_fgbf=0.1215 | train/weighted_fgbf_loss=0.1215 | train/fgbf_grad_norm=0.1866 | train/backbone_grad_norm=8.0308 | train/accuracy=0.5973 | val/kl=1.3135 | val/main=1.3135 | val/total=1.4409 | val/fgbf=0.8494 | val/fgbf_loss=0.8494 | val/weighted_fgbf=0.1274 | val/weighted_fgbf_loss=0.1274 | val/accuracy=0.4758 | val/kappa=0.3809 | val/mae=0.8947 | val/macro_f1=0.3512 | val/fgbf_low_grade_accuracy=0.5354 | val/fgbf_kl0_precision=0.5306 | val/fgbf_kl0_recall=0.8994 | val/fgbf_kl0_f1=0.6674 | val/fgbf_kl1_precision=0.2667 | val/fgbf_kl1_recall=0.0261 | val/fgbf_kl1_f1=0.0476 | val/fgbf_kl2_precision=0.5902 | val/fgbf_kl2_recall=0.3396 | val/fgbf_kl2_f1=0.4311 | val/fgbf_boundary_KL1_to_KL0=126.0000 | val/fgbf_boundary_KL1_to_KL2=23.0000
2026-09-02 13:21:23 | INFO     | trainer | epoch=24/60 | time=31.7s | lr=6.79e-05 | train/kl=1.1641 | train/main=1.1641 | train/total=1.2917 | train/fgbf=0.8505 | train/fgbf_loss=0.8505 | train/weighted_fgbf=0.1276 | train/weighted_fgbf_loss=0.1276 | train/fgbf_grad_norm=0.1804 | train/backbone_grad_norm=7.6681 | train/accuracy=0.5706 | val/kl=1.2735 | val/main=1.2735 | val/total=1.3974 | val/fgbf=0.8255 | val/fgbf_loss=0.8255 | val/weighted_fgbf=0.1238 | val/weighted_fgbf_loss=0.1238 | val/accuracy=0.5194 | val/kappa=0.4189 | val/mae=0.8160 | val/macro_f1=0.4537 | val/fgbf_low_grade_accuracy=0.5570 | val/fgbf_kl0_precision=0.5573 | val/fgbf_kl0_recall=0.8902 | val/fgbf_kl0_f1=0.6854 | val/fgbf_kl1_precision=0.3438 | val/fgbf_kl1_recall=0.0719 | val/fgbf_kl1_f1=0.1189 | val/fgbf_kl2_precision=0.6058 | val/fgbf_kl2_recall=0.3915 | val/fgbf_kl2_f1=0.4756 | val/fgbf_boundary_KL1_to_KL0=114.0000 | val/fgbf_boundary_KL1_to_KL2=28.0000
2026-09-02 13:22:06 | INFO     | trainer | epoch=25/60 | time=31.7s | lr=6.55e-05 | train/kl=1.0972 | train/main=1.0972 | train/total=1.2168 | train/fgbf=0.7973 | train/fgbf_loss=0.7973 | train/weighted_fgbf=0.1196 | train/weighted_fgbf_loss=0.1196 | train/fgbf_grad_norm=0.1835 | train/backbone_grad_norm=8.7138 | train/accuracy=0.6030 | val/kl=1.2565 | val/main=1.2565 | val/total=1.3852 | val/fgbf=0.8577 | val/fgbf_loss=0.8577 | val/weighted_fgbf=0.1287 | val/weighted_fgbf_loss=0.1287 | val/accuracy=0.5266 | val/kappa=0.4860 | val/mae=0.7518 | val/macro_f1=0.4875 | val/fgbf_low_grade_accuracy=0.5556 | val/fgbf_kl0_precision=0.5811 | val/fgbf_kl0_recall=0.8415 | val/fgbf_kl0_f1=0.6874 | val/fgbf_kl1_precision=0.3012 | val/fgbf_kl1_recall=0.1634 | val/fgbf_kl1_f1=0.2119 | val/fgbf_kl2_precision=0.6222 | val/fgbf_kl2_recall=0.3962 | val/fgbf_kl2_f1=0.4841 | val/fgbf_boundary_KL1_to_KL0=101.0000 | val/fgbf_boundary_KL1_to_KL2=27.0000
2026-09-02 13:22:50 | INFO     | trainer | epoch=26/60 | time=31.8s | lr=6.29e-05 | train/kl=1.0596 | train/main=1.0596 | train/total=1.1733 | train/fgbf=0.7579 | train/fgbf_loss=0.7579 | train/weighted_fgbf=0.1137 | train/weighted_fgbf_loss=0.1137 | train/fgbf_grad_norm=0.1869 | train/backbone_grad_norm=8.7874 | train/accuracy=0.6285 | val/kl=1.2396 | val/main=1.2396 | val/total=1.3641 | val/fgbf=0.8300 | val/fgbf_loss=0.8300 | val/weighted_fgbf=0.1245 | val/weighted_fgbf_loss=0.1245 | val/accuracy=0.5387 | val/kappa=0.5051 | val/mae=0.7203 | val/macro_f1=0.5047 | val/fgbf_low_grade_accuracy=0.5700 | val/fgbf_kl0_precision=0.5912 | val/fgbf_kl0_recall=0.8201 | val/fgbf_kl0_f1=0.6871 | val/fgbf_kl1_precision=0.2800 | val/fgbf_kl1_recall=0.1373 | val/fgbf_kl1_f1=0.1842 | val/fgbf_kl2_precision=0.6442 | val/fgbf_kl2_recall=0.4953 | val/fgbf_kl2_f1=0.5600 | val/fgbf_boundary_KL1_to_KL0=98.0000 | val/fgbf_boundary_KL1_to_KL2=34.0000
2026-09-02 13:23:33 | INFO     | trainer | epoch=27/60 | time=31.9s | lr=6.04e-05 | train/kl=1.0480 | train/main=1.0480 | train/total=1.1578 | train/fgbf=0.7316 | train/fgbf_loss=0.7316 | train/weighted_fgbf=0.1097 | train/weighted_fgbf_loss=0.1097 | train/fgbf_grad_norm=0.1990 | train/backbone_grad_norm=9.7985 | train/accuracy=0.6350 | val/kl=1.2443 | val/main=1.2443 | val/total=1.3739 | val/fgbf=0.8638 | val/fgbf_loss=0.8638 | val/weighted_fgbf=0.1296 | val/weighted_fgbf_loss=0.1296 | val/accuracy=0.5460 | val/kappa=0.5279 | val/mae=0.7058 | val/macro_f1=0.5105 | val/fgbf_low_grade_accuracy=0.5714 | val/fgbf_kl0_precision=0.5924 | val/fgbf_kl0_recall=0.8598 | val/fgbf_kl0_f1=0.7015 | val/fgbf_kl1_precision=0.2925 | val/fgbf_kl1_recall=0.2026 | val/fgbf_kl1_f1=0.2394 | val/fgbf_kl2_precision=0.7477 | val/fgbf_kl2_recall=0.3915 | val/fgbf_kl2_f1=0.5139 | val/fgbf_boundary_KL1_to_KL0=102.0000 | val/fgbf_boundary_KL1_to_KL2=20.0000
2026-09-02 13:23:33 | INFO     | trainer | Early stopping triggered at epoch 27 (no val QWK improvement for 10 epochs).
2026-09-02 13:23:34 | INFO     | trainer | Restoring best model checkpoint (val_qwk=0.7775) from checkpoints\e2_fgbf_pim_best.pt for evaluation...
2026-09-02 13:23:34 | INFO     | trainer | Training complete. Generating reports …
2026-09-02 13:23:34 | INFO     | reporting | Results directory: results\e2_fgbf_pim\e2_fgbf_pim
2026-09-02 13:23:34 | INFO     | trainer | Collecting val logits …
2026-09-02 13:23:46 | INFO     | trainer | Collecting train logits …
2026-09-02 13:24:04 | INFO     | trainer | Collecting test logits …
2026-09-02 13:24:16 | INFO     | reporting | Generating reports for experiment 'e2_fgbf_pim' …
2026-09-02 13:24:17 | INFO     | reporting | Saved results\e2_fgbf_pim\e2_fgbf_pim\val_confusion_matrix.png
2026-09-02 13:24:17 | INFO     | reporting | Saved results\e2_fgbf_pim\e2_fgbf_pim\val_confusion_matrix.csv
2026-09-02 13:24:17 | INFO     | reporting | Saved results\e2_fgbf_pim\e2_fgbf_pim\test_confusion_matrix.png
2026-09-02 13:24:17 | INFO     | reporting | Saved results\e2_fgbf_pim\e2_fgbf_pim\test_confusion_matrix.csv
2026-09-02 13:24:17 | INFO     | reporting | Saved results\e2_fgbf_pim\e2_fgbf_pim\val_fgbf_confusion_matrix.png
2026-09-02 13:24:17 | INFO     | reporting | Saved results\e2_fgbf_pim\e2_fgbf_pim\val_fgbf_confusion_matrix.csv
2026-09-02 13:24:17 | INFO     | reporting | Saved results\e2_fgbf_pim\e2_fgbf_pim\test_fgbf_confusion_matrix.png
2026-09-02 13:24:17 | INFO     | reporting | Saved results\e2_fgbf_pim\e2_fgbf_pim\test_fgbf_confusion_matrix.csv
2026-09-02 13:24:17 | INFO     | reporting | Saved results\e2_fgbf_pim\e2_fgbf_pim\classification_report_val.txt
2026-09-02 13:24:17 | INFO     | reporting | Saved results\e2_fgbf_pim\e2_fgbf_pim\classification_report_test.txt
2026-09-02 13:24:17 | INFO     | reporting | Saved results\e2_fgbf_pim\e2_fgbf_pim\predictions.csv
2026-09-02 13:24:17 | INFO     | reporting | Saved results\e2_fgbf_pim\e2_fgbf_pim\metrics.json
2026-09-02 13:24:17 | INFO     | reporting | Saved results\e2_fgbf_pim\e2_fgbf_pim\metrics.csv
2026-09-02 13:24:18 | INFO     | reporting | Saved results\e2_fgbf_pim\e2_fgbf_pim\plots\loss_curve.png
2026-09-02 13:24:18 | INFO     | reporting | Saved results\e2_fgbf_pim\e2_fgbf_pim\plots\accuracy_curve.png
2026-09-02 13:24:18 | INFO     | reporting | Saved results\e2_fgbf_pim\e2_fgbf_pim\plots\loss_vs_accuracy.png
2026-09-02 13:24:18 | INFO     | reporting | Saved results\e2_fgbf_pim\e2_fgbf_pim\plots\f1_curve.png
2026-09-02 13:24:18 | INFO     | reporting | Saved results\e2_fgbf_pim\e2_fgbf_pim\plots\qwk_curve.png
2026-09-02 13:24:19 | INFO     | reporting | Saved results\e2_fgbf_pim\e2_fgbf_pim\plots\mae_curve.png
2026-09-02 13:24:19 | INFO     | reporting | Saved results\e2_fgbf_pim\e2_fgbf_pim\plots\learning_rate_curve.png
2026-09-02 13:24:19 | INFO     | reporting | ====================================================
2026-09-02 13:24:19 | INFO     | reporting |   FINAL RESULTS
2026-09-02 13:24:19 | INFO     | reporting | ====================================================
2026-09-02 13:24:19 | INFO     | reporting | TRAIN
2026-09-02 13:24:19 | INFO     | reporting |   Overall Accuracy   : 0.7245
2026-09-02 13:24:19 | INFO     | reporting |   Macro Precision    : 0.7588
2026-09-02 13:24:19 | INFO     | reporting |   Macro Recall       : 0.7145
2026-09-02 13:24:19 | INFO     | reporting |   Macro F1           : 0.7170
2026-09-02 13:24:19 | INFO     | reporting |   Weighted Precision : 0.7155
2026-09-02 13:24:19 | INFO     | reporting |   Weighted Recall    : 0.7245
2026-09-02 13:24:19 | INFO     | reporting |   Weighted F1        : 0.6988
2026-09-02 13:24:19 | INFO     | reporting |   MAE                : 0.3565
2026-09-02 13:24:19 | INFO     | reporting |   QWK                : 0.8214
2026-09-02 13:24:19 | INFO     | reporting |   KL0 Recall         : 0.9265
2026-09-02 13:24:19 | INFO     | reporting |   KL1 Recall         : 0.2342
2026-09-02 13:24:19 | INFO     | reporting |   KL1 F1             : 0.3375
2026-09-02 13:24:19 | INFO     | reporting |   KL2 Recall         : 0.6957
2026-09-02 13:24:19 | INFO     | reporting |   Boundary Error Counts:
2026-09-02 13:24:19 | INFO     | reporting |     KL1 -> KL0       : 605
2026-09-02 13:24:19 | INFO     | reporting |     KL1 -> KL2       : 188
2026-09-02 13:24:19 | INFO     | reporting |     KL0 -> KL1       : 69
2026-09-02 13:24:19 | INFO     | reporting |     KL2 -> KL1       : 82
2026-09-02 13:24:19 | INFO     | reporting |   FGBF Diagnostics (Auxiliary Head):
2026-09-02 13:24:19 | INFO     | reporting |     FGBF Low-Grade Acc : 0.7222
2026-09-02 13:24:19 | INFO     | reporting |     KL0 Prec/Rec/F1    : 0.7097 / 0.9147 / 0.7992
2026-09-02 13:24:19 | INFO     | reporting |     KL1 Prec/Rec/F1    : 0.5695 / 0.2859 / 0.3806
2026-09-02 13:24:19 | INFO     | reporting |     KL2 Prec/Rec/F1    : 0.8074 / 0.7333 / 0.7686
2026-09-02 13:24:19 | INFO     | reporting |     FGBF Boundary Errors:
2026-09-02 13:24:19 | INFO     | reporting |       KL1 -> KL0       : 576
2026-09-02 13:24:19 | INFO     | reporting |       KL1 -> KL2       : 171
2026-09-02 13:24:19 | INFO     | reporting |   ------------------------------------------------
2026-09-02 13:24:19 | INFO     | reporting | VALIDATION
2026-09-02 13:24:19 | INFO     | reporting |   Overall Accuracy   : 0.6441
2026-09-02 13:24:19 | INFO     | reporting |   Macro Precision    : 0.6367
2026-09-02 13:24:19 | INFO     | reporting |   Macro Recall       : 0.6432
2026-09-02 13:24:19 | INFO     | reporting |   Macro F1           : 0.6345
2026-09-02 13:24:19 | INFO     | reporting |   Weighted Precision : 0.6206
2026-09-02 13:24:19 | INFO     | reporting |   Weighted Recall    : 0.6441
2026-09-02 13:24:19 | INFO     | reporting |   Weighted F1        : 0.6258
2026-09-02 13:24:19 | INFO     | reporting |   MAE                : 0.4516
2026-09-02 13:24:19 | INFO     | reporting |   QWK                : 0.7775
2026-09-02 13:24:19 | INFO     | reporting |   KL0 Recall         : 0.8354
2026-09-02 13:24:19 | INFO     | reporting |   KL1 Recall         : 0.2222
2026-09-02 13:24:19 | INFO     | reporting |   KL1 F1             : 0.2742
2026-09-02 13:24:19 | INFO     | reporting |   KL2 Recall         : 0.5896
2026-09-02 13:24:19 | INFO     | reporting |   Boundary Error Counts:
2026-09-02 13:24:19 | INFO     | reporting |     KL1 -> KL0       : 83
2026-09-02 13:24:19 | INFO     | reporting |     KL1 -> KL2       : 32
2026-09-02 13:24:19 | INFO     | reporting |     KL0 -> KL1       : 32
2026-09-02 13:24:19 | INFO     | reporting |     KL2 -> KL1       : 29
2026-09-02 13:24:19 | INFO     | reporting |   FGBF Diagnostics (Auxiliary Head):
2026-09-02 13:24:19 | INFO     | reporting |     FGBF Low-Grade Acc : 0.6465
2026-09-02 13:24:19 | INFO     | reporting |     KL0 Prec/Rec/F1    : 0.6899 / 0.8140 / 0.7469
2026-09-02 13:24:19 | INFO     | reporting |     KL1 Prec/Rec/F1    : 0.3621 / 0.2745 / 0.3123
2026-09-02 13:24:19 | INFO     | reporting |     KL2 Prec/Rec/F1    : 0.7316 / 0.6557 / 0.6915
2026-09-02 13:24:19 | INFO     | reporting |     FGBF Boundary Errors:
2026-09-02 13:24:19 | INFO     | reporting |       KL1 -> KL0       : 81
2026-09-02 13:24:19 | INFO     | reporting |       KL1 -> KL2       : 30
2026-09-02 13:24:19 | INFO     | reporting |   ------------------------------------------------
2026-09-02 13:24:19 | INFO     | reporting | TEST
2026-09-02 13:24:19 | INFO     | reporting |   Overall Accuracy   : 0.6618
2026-09-02 13:24:19 | INFO     | reporting |   Macro Precision    : 0.6607
2026-09-02 13:24:19 | INFO     | reporting |   Macro Recall       : 0.6428
2026-09-02 13:24:19 | INFO     | reporting |   Macro F1           : 0.6457
2026-09-02 13:24:19 | INFO     | reporting |   Weighted Precision : 0.6373
2026-09-02 13:24:19 | INFO     | reporting |   Weighted Recall    : 0.6618
2026-09-02 13:24:19 | INFO     | reporting |   Weighted F1        : 0.6418
2026-09-02 13:24:19 | INFO     | reporting |   MAE                : 0.4161
2026-09-02 13:24:19 | INFO     | reporting |   QWK                : 0.8024
2026-09-02 13:24:19 | INFO     | reporting |   KL0 Recall         : 0.8826
2026-09-02 13:24:19 | INFO     | reporting |   KL1 Recall         : 0.2128
2026-09-02 13:24:19 | INFO     | reporting |   KL1 F1             : 0.2653
2026-09-02 13:24:19 | INFO     | reporting |   KL2 Recall         : 0.6018
2026-09-02 13:24:19 | INFO     | reporting |   Boundary Error Counts:
2026-09-02 13:24:19 | INFO     | reporting |     KL1 -> KL0       : 163
2026-09-02 13:24:19 | INFO     | reporting |     KL1 -> KL2       : 66
2026-09-02 13:24:19 | INFO     | reporting |     KL0 -> KL1       : 47
2026-09-02 13:24:19 | INFO     | reporting |     KL2 -> KL1       : 63
2026-09-02 13:24:19 | INFO     | reporting |   FGBF Diagnostics (Auxiliary Head):
2026-09-02 13:24:19 | INFO     | reporting |     FGBF Low-Grade Acc : 0.6650
2026-09-02 13:24:19 | INFO     | reporting |     KL0 Prec/Rec/F1    : 0.7016 / 0.8685 / 0.7762
2026-09-02 13:24:19 | INFO     | reporting |     KL1 Prec/Rec/F1    : 0.3538 / 0.2534 / 0.2953
2026-09-02 13:24:19 | INFO     | reporting |     KL2 Prec/Rec/F1    : 0.7625 / 0.6465 / 0.6998
2026-09-02 13:24:19 | INFO     | reporting |     FGBF Boundary Errors:
2026-09-02 13:24:19 | INFO     | reporting |       KL1 -> KL0       : 159
2026-09-02 13:24:19 | INFO     | reporting |       KL1 -> KL2       : 62
2026-09-02 13:24:19 | INFO     | reporting | ====================================================
