2026-09-02 13:26:10 | INFO     | utils | Logging to logs\e2_fgbf_ms.log
2026-09-02 13:26:10 | INFO     | __main__ |   CoRD-Net — E2 + FGBF + Multi-Scale Feature Block
2026-09-02 13:26:10 | INFO     | __main__ |   Experiment  : E2_FGBF_MS
2026-09-02 13:26:10 | INFO     | __main__ |   Device      : cuda
2026-09-02 13:26:10 | INFO     | __main__ |   Epochs      : 60
2026-09-02 13:26:10 | INFO     | __main__ |   Batch size  : 16
2026-09-02 13:26:10 | INFO     | __main__ |   Data root   : Dataset
2026-09-02 13:26:10 | INFO     | __main__ |   Pretrained  : True
2026-09-02 13:26:10 | INFO     | __main__ |   Results dir : results/e2_fgbf_ms
2026-09-02 13:26:10 | INFO     | dataset | Split mode: pre-split directories (train/ val/ test/)
2026-09-02 13:26:10 | INFO     | dataset | Pre-split layout detected: train=5778  val=826  test=1656
2026-09-02 13:26:10 | INFO     | dataset | Dataset ready — train: 5778  val: 826
2026-09-02 13:26:10 | INFO     | dataset | Split mode: pre-split directories (train/ val/ test/)
2026-09-02 13:26:10 | INFO     | dataset | Pre-split layout detected: train=5778  val=826  test=1656
2026-09-02 13:26:55 | INFO     | trainer | epoch=1/60 | time=32.3s | lr=1.00e-04 | train/kl=1.2644 | train/main=1.2644 | train/total=1.4046 | train/fgbf=0.9348 | train/fgbf_loss=0.9348 | train/weighted_fgbf=0.1402 | train/weighted_fgbf_loss=0.1402 | train/fgbf_grad_norm=0.3046 | train/backbone_grad_norm=7.2346 | train/accuracy=0.5078 | val/kl=1.1171 | val/main=1.1171 | val/total=1.2257 | val/fgbf=0.7236 | val/fgbf_loss=0.7236 | val/weighted_fgbf=0.1085 | val/weighted_fgbf_loss=0.1085 | val/accuracy=0.5969 | val/kappa=0.6979 | val/mae=0.5484 | val/macro_f1=0.4829 | val/fgbf_low_grade_accuracy=0.6205 | val/fgbf_kl0_precision=0.6386 | val/fgbf_kl0_recall=0.8567 | val/fgbf_kl0_f1=0.7318 | val/fgbf_kl1_precision=0.3125 | val/fgbf_kl1_recall=0.0327 | val/fgbf_kl1_f1=0.0592 | val/fgbf_kl2_precision=0.6076 | val/fgbf_kl2_recall=0.6792 | val/fgbf_kl2_f1=0.6414 | val/fgbf_boundary_KL1_to_KL0=96.0000 | val/fgbf_boundary_KL1_to_KL2=52.0000
2026-09-02 13:27:39 | INFO     | trainer | epoch=2/60 | time=31.9s | lr=9.99e-05 | train/kl=1.1245 | train/main=1.1245 | train/total=1.2528 | train/fgbf=0.8552 | train/fgbf_loss=0.8552 | train/weighted_fgbf=0.1283 | train/weighted_fgbf_loss=0.1283 | train/fgbf_grad_norm=0.2895 | train/backbone_grad_norm=8.3240 | train/accuracy=0.5976 | val/kl=1.1371 | val/main=1.1371 | val/total=1.2474 | val/fgbf=0.7356 | val/fgbf_loss=0.7356 | val/weighted_fgbf=0.1103 | val/weighted_fgbf_loss=0.1103 | val/accuracy=0.6005 | val/kappa=0.6494 | val/mae=0.5884 | val/macro_f1=0.4971 | val/fgbf_low_grade_accuracy=0.6205 | val/fgbf_kl0_precision=0.6584 | val/fgbf_kl0_recall=0.8049 | val/fgbf_kl0_f1=0.7243 | val/fgbf_kl1_precision=0.5882 | val/fgbf_kl1_recall=0.0654 | val/fgbf_kl1_f1=0.1176 | val/fgbf_kl2_precision=0.5673 | val/fgbf_kl2_recall=0.7358 | val/fgbf_kl2_f1=0.6407 | val/fgbf_boundary_KL1_to_KL0=84.0000 | val/fgbf_boundary_KL1_to_KL2=59.0000
2026-09-02 13:28:23 | INFO     | trainer | epoch=3/60 | time=31.5s | lr=9.97e-05 | train/kl=1.0887 | train/main=1.0887 | train/total=1.2132 | train/fgbf=0.8301 | train/fgbf_loss=0.8301 | train/weighted_fgbf=0.1245 | train/weighted_fgbf_loss=0.1245 | train/fgbf_grad_norm=0.2686 | train/backbone_grad_norm=8.3482 | train/accuracy=0.6170 | val/kl=1.0238 | val/main=1.0238 | val/total=1.1252 | val/fgbf=0.6760 | val/fgbf_loss=0.6760 | val/weighted_fgbf=0.1014 | val/weighted_fgbf_loss=0.1014 | val/accuracy=0.6429 | val/kappa=0.7677 | val/mae=0.4600 | val/macro_f1=0.6209 | val/fgbf_low_grade_accuracy=0.6392 | val/fgbf_kl0_precision=0.6708 | val/fgbf_kl0_recall=0.8323 | val/fgbf_kl0_f1=0.7429 | val/fgbf_kl1_precision=0.3152 | val/fgbf_kl1_recall=0.1895 | val/fgbf_kl1_f1=0.2367 | val/fgbf_kl2_precision=0.7268 | val/fgbf_kl2_recall=0.6651 | val/fgbf_kl2_f1=0.6946 | val/fgbf_boundary_KL1_to_KL0=93.0000 | val/fgbf_boundary_KL1_to_KL2=31.0000
2026-09-02 13:29:06 | INFO     | trainer | epoch=4/60 | time=31.6s | lr=9.94e-05 | train/kl=1.0251 | train/main=1.0251 | train/total=1.1430 | train/fgbf=0.7865 | train/fgbf_loss=0.7865 | train/weighted_fgbf=0.1180 | train/weighted_fgbf_loss=0.1180 | train/fgbf_grad_norm=0.2641 | train/backbone_grad_norm=9.5127 | train/accuracy=0.6480 | val/kl=1.0503 | val/main=1.0503 | val/total=1.1549 | val/fgbf=0.6970 | val/fgbf_loss=0.6970 | val/weighted_fgbf=0.1046 | val/weighted_fgbf_loss=0.1046 | val/accuracy=0.6320 | val/kappa=0.7449 | val/mae=0.5073 | val/macro_f1=0.5975 | val/fgbf_low_grade_accuracy=0.6436 | val/fgbf_kl0_precision=0.6683 | val/fgbf_kl0_recall=0.8293 | val/fgbf_kl0_f1=0.7401 | val/fgbf_kl1_precision=0.4130 | val/fgbf_kl1_recall=0.1242 | val/fgbf_kl1_f1=0.1910 | val/fgbf_kl2_precision=0.6458 | val/fgbf_kl2_recall=0.7311 | val/fgbf_kl2_f1=0.6858 | val/fgbf_boundary_KL1_to_KL0=86.0000 | val/fgbf_boundary_KL1_to_KL2=48.0000
2026-09-02 13:29:50 | INFO     | trainer | epoch=5/60 | time=32.0s | lr=9.89e-05 | train/kl=0.9865 | train/main=0.9865 | train/total=1.0992 | train/fgbf=0.7516 | train/fgbf_loss=0.7516 | train/weighted_fgbf=0.1127 | train/weighted_fgbf_loss=0.1127 | train/fgbf_grad_norm=0.2649 | train/backbone_grad_norm=9.4267 | train/accuracy=0.6695 | val/kl=0.9904 | val/main=0.9904 | val/total=1.0906 | val/fgbf=0.6678 | val/fgbf_loss=0.6678 | val/weighted_fgbf=0.1002 | val/weighted_fgbf_loss=0.1002 | val/accuracy=0.6840 | val/kappa=0.7825 | val/mae=0.4225 | val/macro_f1=0.6703 | val/fgbf_low_grade_accuracy=0.6797 | val/fgbf_kl0_precision=0.7184 | val/fgbf_kl0_recall=0.8323 | val/fgbf_kl0_f1=0.7712 | val/fgbf_kl1_precision=0.5333 | val/fgbf_kl1_recall=0.2092 | val/fgbf_kl1_f1=0.3005 | val/fgbf_kl2_precision=0.6561 | val/fgbf_kl2_recall=0.7830 | val/fgbf_kl2_f1=0.7140 | val/fgbf_boundary_KL1_to_KL0=71.0000 | val/fgbf_boundary_KL1_to_KL2=50.0000
2026-09-02 13:30:34 | INFO     | trainer | epoch=6/60 | time=32.1s | lr=9.83e-05 | train/kl=0.9911 | train/main=0.9911 | train/total=1.1037 | train/fgbf=0.7506 | train/fgbf_loss=0.7506 | train/weighted_fgbf=0.1126 | train/weighted_fgbf_loss=0.1126 | train/fgbf_grad_norm=0.2499 | train/backbone_grad_norm=9.2951 | train/accuracy=0.6627 | val/kl=1.1034 | val/main=1.1034 | val/total=1.2198 | val/fgbf=0.7759 | val/fgbf_loss=0.7759 | val/weighted_fgbf=0.1164 | val/weighted_fgbf_loss=0.1164 | val/accuracy=0.6114 | val/kappa=0.7042 | val/mae=0.5460 | val/macro_f1=0.5782 | val/fgbf_low_grade_accuracy=0.6219 | val/fgbf_kl0_precision=0.6825 | val/fgbf_kl0_recall=0.7866 | val/fgbf_kl0_f1=0.7309 | val/fgbf_kl1_precision=0.3750 | val/fgbf_kl1_recall=0.0588 | val/fgbf_kl1_f1=0.1017 | val/fgbf_kl2_precision=0.5636 | val/fgbf_kl2_recall=0.7736 | val/fgbf_kl2_f1=0.6521 | val/fgbf_boundary_KL1_to_KL0=79.0000 | val/fgbf_boundary_KL1_to_KL2=65.0000
2026-09-02 13:31:18 | INFO     | trainer | epoch=7/60 | time=32.0s | lr=9.76e-05 | train/kl=0.9790 | train/main=0.9790 | train/total=1.0920 | train/fgbf=0.7529 | train/fgbf_loss=0.7529 | train/weighted_fgbf=0.1129 | train/weighted_fgbf_loss=0.1129 | train/fgbf_grad_norm=0.2472 | train/backbone_grad_norm=10.1282 | train/accuracy=0.6743 | val/kl=1.0221 | val/main=1.0221 | val/total=1.1240 | val/fgbf=0.6798 | val/fgbf_loss=0.6798 | val/weighted_fgbf=0.1020 | val/weighted_fgbf_loss=0.1020 | val/accuracy=0.6271 | val/kappa=0.7338 | val/mae=0.5085 | val/macro_f1=0.5872 | val/fgbf_low_grade_accuracy=0.6320 | val/fgbf_kl0_precision=0.6725 | val/fgbf_kl0_recall=0.8262 | val/fgbf_kl0_f1=0.7415 | val/fgbf_kl1_precision=0.4444 | val/fgbf_kl1_recall=0.0261 | val/fgbf_kl1_f1=0.0494 | val/fgbf_kl2_precision=0.5801 | val/fgbf_kl2_recall=0.7689 | val/fgbf_kl2_f1=0.6613 | val/fgbf_boundary_KL1_to_KL0=85.0000 | val/fgbf_boundary_KL1_to_KL2=64.0000
2026-09-02 13:32:02 | INFO     | trainer | epoch=8/60 | time=31.8s | lr=9.67e-05 | train/kl=0.9799 | train/main=0.9799 | train/total=1.0911 | train/fgbf=0.7410 | train/fgbf_loss=0.7410 | train/weighted_fgbf=0.1111 | train/weighted_fgbf_loss=0.1111 | train/fgbf_grad_norm=0.2382 | train/backbone_grad_norm=9.9258 | train/accuracy=0.6691 | val/kl=1.0029 | val/main=1.0029 | val/total=1.1036 | val/fgbf=0.6710 | val/fgbf_loss=0.6710 | val/weighted_fgbf=0.1006 | val/weighted_fgbf_loss=0.1006 | val/accuracy=0.6550 | val/kappa=0.7594 | val/mae=0.4649 | val/macro_f1=0.6180 | val/fgbf_low_grade_accuracy=0.6522 | val/fgbf_kl0_precision=0.7021 | val/fgbf_kl0_recall=0.8262 | val/fgbf_kl0_f1=0.7591 | val/fgbf_kl1_precision=0.4615 | val/fgbf_kl1_recall=0.0392 | val/fgbf_kl1_f1=0.0723 | val/fgbf_kl2_precision=0.5952 | val/fgbf_kl2_recall=0.8255 | val/fgbf_kl2_f1=0.6917 | val/fgbf_boundary_KL1_to_KL0=81.0000 | val/fgbf_boundary_KL1_to_KL2=66.0000
2026-09-02 13:32:46 | INFO     | trainer | epoch=9/60 | time=32.2s | lr=9.57e-05 | train/kl=0.9464 | train/main=0.9464 | train/total=1.0531 | train/fgbf=0.7116 | train/fgbf_loss=0.7116 | train/weighted_fgbf=0.1067 | train/weighted_fgbf_loss=0.1067 | train/fgbf_grad_norm=0.2381 | train/backbone_grad_norm=10.2220 | train/accuracy=0.6872 | val/kl=1.0365 | val/main=1.0365 | val/total=1.1454 | val/fgbf=0.7255 | val/fgbf_loss=0.7255 | val/weighted_fgbf=0.1088 | val/weighted_fgbf_loss=0.1088 | val/accuracy=0.6453 | val/kappa=0.7595 | val/mae=0.4722 | val/macro_f1=0.6426 | val/fgbf_low_grade_accuracy=0.6291 | val/fgbf_kl0_precision=0.6506 | val/fgbf_kl0_recall=0.8628 | val/fgbf_kl0_f1=0.7418 | val/fgbf_kl1_precision=0.3478 | val/fgbf_kl1_recall=0.2092 | val/fgbf_kl1_f1=0.2612 | val/fgbf_kl2_precision=0.7289 | val/fgbf_kl2_recall=0.5708 | val/fgbf_kl2_f1=0.6402 | val/fgbf_boundary_KL1_to_KL0=97.0000 | val/fgbf_boundary_KL1_to_KL2=24.0000
2026-09-02 13:33:31 | INFO     | trainer | epoch=10/60 | time=32.4s | lr=9.46e-05 | train/kl=0.9440 | train/main=0.9440 | train/total=1.0499 | train/fgbf=0.7059 | train/fgbf_loss=0.7059 | train/weighted_fgbf=0.1059 | train/weighted_fgbf_loss=0.1059 | train/fgbf_grad_norm=0.2344 | train/backbone_grad_norm=11.1813 | train/accuracy=0.6968 | val/kl=1.0070 | val/main=1.0070 | val/total=1.1162 | val/fgbf=0.7282 | val/fgbf_loss=0.7282 | val/weighted_fgbf=0.1092 | val/weighted_fgbf_loss=0.1092 | val/accuracy=0.6646 | val/kappa=0.7789 | val/mae=0.4395 | val/macro_f1=0.6474 | val/fgbf_low_grade_accuracy=0.6609 | val/fgbf_kl0_precision=0.6630 | val/fgbf_kl0_recall=0.9116 | val/fgbf_kl0_f1=0.7677 | val/fgbf_kl1_precision=0.4444 | val/fgbf_kl1_recall=0.1307 | val/fgbf_kl1_f1=0.2020 | val/fgbf_kl2_precision=0.7056 | val/fgbf_kl2_recall=0.6557 | val/fgbf_kl2_f1=0.6797 | val/fgbf_boundary_KL1_to_KL0=97.0000 | val/fgbf_boundary_KL1_to_KL2=36.0000
2026-09-02 13:34:15 | INFO     | trainer | epoch=11/60 | time=32.2s | lr=9.33e-05 | train/kl=0.9185 | train/main=0.9185 | train/total=1.0218 | train/fgbf=0.6883 | train/fgbf_loss=0.6883 | train/weighted_fgbf=0.1032 | train/weighted_fgbf_loss=0.1032 | train/fgbf_grad_norm=0.2334 | train/backbone_grad_norm=11.2684 | train/accuracy=0.7110 | val/kl=1.0427 | val/main=1.0427 | val/total=1.1464 | val/fgbf=0.6909 | val/fgbf_loss=0.6909 | val/weighted_fgbf=0.1036 | val/weighted_fgbf_loss=0.1036 | val/accuracy=0.6356 | val/kappa=0.7461 | val/mae=0.4818 | val/macro_f1=0.6453 | val/fgbf_low_grade_accuracy=0.6349 | val/fgbf_kl0_precision=0.6948 | val/fgbf_kl0_recall=0.7774 | val/fgbf_kl0_f1=0.7338 | val/fgbf_kl1_precision=0.3846 | val/fgbf_kl1_recall=0.2614 | val/fgbf_kl1_f1=0.3113 | val/fgbf_kl2_precision=0.6532 | val/fgbf_kl2_recall=0.6840 | val/fgbf_kl2_f1=0.6682 | val/fgbf_boundary_KL1_to_KL0=70.0000 | val/fgbf_boundary_KL1_to_KL2=43.0000
2026-09-02 13:35:00 | INFO     | trainer | epoch=12/60 | time=32.5s | lr=9.19e-05 | train/kl=0.9453 | train/main=0.9453 | train/total=1.0509 | train/fgbf=0.7045 | train/fgbf_loss=0.7045 | train/weighted_fgbf=0.1057 | train/weighted_fgbf_loss=0.1057 | train/fgbf_grad_norm=0.2319 | train/backbone_grad_norm=11.3091 | train/accuracy=0.6939 | val/kl=1.0969 | val/main=1.0969 | val/total=1.2054 | val/fgbf=0.7234 | val/fgbf_loss=0.7234 | val/weighted_fgbf=0.1085 | val/weighted_fgbf_loss=0.1085 | val/accuracy=0.6380 | val/kappa=0.6803 | val/mae=0.5266 | val/macro_f1=0.6124 | val/fgbf_low_grade_accuracy=0.6465 | val/fgbf_kl0_precision=0.7000 | val/fgbf_kl0_recall=0.7683 | val/fgbf_kl0_f1=0.7326 | val/fgbf_kl1_precision=0.5085 | val/fgbf_kl1_recall=0.1961 | val/fgbf_kl1_f1=0.2830 | val/fgbf_kl2_precision=0.6058 | val/fgbf_kl2_recall=0.7830 | val/fgbf_kl2_f1=0.6831 | val/fgbf_boundary_KL1_to_KL0=73.0000 | val/fgbf_boundary_KL1_to_KL2=50.0000
2026-09-02 13:35:43 | INFO     | trainer | epoch=13/60 | time=31.4s | lr=9.05e-05 | train/kl=0.9146 | train/main=0.9146 | train/total=1.0155 | train/fgbf=0.6726 | train/fgbf_loss=0.6726 | train/weighted_fgbf=0.1009 | train/weighted_fgbf_loss=0.1009 | train/fgbf_grad_norm=0.2282 | train/backbone_grad_norm=11.7912 | train/accuracy=0.7091 | val/kl=1.0292 | val/main=1.0292 | val/total=1.1339 | val/fgbf=0.6977 | val/fgbf_loss=0.6977 | val/weighted_fgbf=0.1047 | val/weighted_fgbf_loss=0.1047 | val/accuracy=0.6477 | val/kappa=0.7454 | val/mae=0.4806 | val/macro_f1=0.6318 | val/fgbf_low_grade_accuracy=0.6522 | val/fgbf_kl0_precision=0.7008 | val/fgbf_kl0_recall=0.7927 | val/fgbf_kl0_f1=0.7439 | val/fgbf_kl1_precision=0.4211 | val/fgbf_kl1_recall=0.2092 | val/fgbf_kl1_f1=0.2795 | val/fgbf_kl2_precision=0.6504 | val/fgbf_kl2_recall=0.7547 | val/fgbf_kl2_f1=0.6987 | val/fgbf_boundary_KL1_to_KL0=73.0000 | val/fgbf_boundary_KL1_to_KL2=48.0000
2026-09-02 13:36:25 | INFO     | trainer | epoch=14/60 | time=31.1s | lr=8.89e-05 | train/kl=0.8941 | train/main=0.8941 | train/total=0.9937 | train/fgbf=0.6640 | train/fgbf_loss=0.6640 | train/weighted_fgbf=0.0996 | train/weighted_fgbf_loss=0.0996 | train/fgbf_grad_norm=0.2270 | train/backbone_grad_norm=12.2998 | train/accuracy=0.7211 | val/kl=1.1231 | val/main=1.1231 | val/total=1.2380 | val/fgbf=0.7664 | val/fgbf_loss=0.7664 | val/weighted_fgbf=0.1150 | val/weighted_fgbf_loss=0.1150 | val/accuracy=0.6041 | val/kappa=0.7111 | val/mae=0.5387 | val/macro_f1=0.5342 | val/fgbf_low_grade_accuracy=0.6392 | val/fgbf_kl0_precision=0.7159 | val/fgbf_kl0_recall=0.7683 | val/fgbf_kl0_f1=0.7412 | val/fgbf_kl1_precision=0.4000 | val/fgbf_kl1_recall=0.0654 | val/fgbf_kl1_f1=0.1124 | val/fgbf_kl2_precision=0.5728 | val/fgbf_kl2_recall=0.8538 | val/fgbf_kl2_f1=0.6856 | val/fgbf_boundary_KL1_to_KL0=71.0000 | val/fgbf_boundary_KL1_to_KL2=72.0000
2026-09-02 13:37:08 | INFO     | trainer | epoch=15/60 | time=30.9s | lr=8.72e-05 | train/kl=0.8851 | train/main=0.8851 | train/total=0.9810 | train/fgbf=0.6398 | train/fgbf_loss=0.6398 | train/weighted_fgbf=0.0960 | train/weighted_fgbf_loss=0.0960 | train/fgbf_grad_norm=0.2261 | train/backbone_grad_norm=12.0398 | train/accuracy=0.7327 | val/kl=1.0042 | val/main=1.0042 | val/total=1.1063 | val/fgbf=0.6804 | val/fgbf_loss=0.6804 | val/weighted_fgbf=0.1021 | val/weighted_fgbf_loss=0.1021 | val/accuracy=0.6659 | val/kappa=0.7635 | val/mae=0.4528 | val/macro_f1=0.6520 | val/fgbf_low_grade_accuracy=0.6667 | val/fgbf_kl0_precision=0.7008 | val/fgbf_kl0_recall=0.8140 | val/fgbf_kl0_f1=0.7532 | val/fgbf_kl1_precision=0.4789 | val/fgbf_kl1_recall=0.2222 | val/fgbf_kl1_f1=0.3036 | val/fgbf_kl2_precision=0.6680 | val/fgbf_kl2_recall=0.7594 | val/fgbf_kl2_f1=0.7108 | val/fgbf_boundary_KL1_to_KL0=79.0000 | val/fgbf_boundary_KL1_to_KL2=40.0000
2026-09-02 13:37:08 | INFO     | trainer | Early stopping triggered at epoch 15 (no val QWK improvement for 10 epochs).
2026-09-02 13:37:08 | INFO     | trainer | Restoring best model checkpoint (val_qwk=0.7825) from checkpoints\e2_fgbf_ms_best.pt for evaluation...
2026-09-02 13:37:08 | INFO     | trainer | Training complete. Generating reports …
2026-09-02 13:37:09 | INFO     | reporting | Results directory: results\e2_fgbf_ms\e2_fgbf_ms
2026-09-02 13:37:09 | INFO     | trainer | Collecting val logits …
2026-09-02 13:37:20 | INFO     | trainer | Collecting train logits …
2026-09-02 13:37:38 | INFO     | trainer | Collecting test logits …
2026-09-02 13:37:50 | INFO     | reporting | Generating reports for experiment 'e2_fgbf_ms' …
2026-09-02 13:37:51 | INFO     | reporting | Saved results\e2_fgbf_ms\e2_fgbf_ms\val_confusion_matrix.png
2026-09-02 13:37:51 | INFO     | reporting | Saved results\e2_fgbf_ms\e2_fgbf_ms\val_confusion_matrix.csv
2026-09-02 13:37:51 | INFO     | reporting | Saved results\e2_fgbf_ms\e2_fgbf_ms\test_confusion_matrix.png
2026-09-02 13:37:51 | INFO     | reporting | Saved results\e2_fgbf_ms\e2_fgbf_ms\test_confusion_matrix.csv
2026-09-02 13:37:51 | INFO     | reporting | Saved results\e2_fgbf_ms\e2_fgbf_ms\val_fgbf_confusion_matrix.png
2026-09-02 13:37:51 | INFO     | reporting | Saved results\e2_fgbf_ms\e2_fgbf_ms\val_fgbf_confusion_matrix.csv
2026-09-02 13:37:51 | INFO     | reporting | Saved results\e2_fgbf_ms\e2_fgbf_ms\test_fgbf_confusion_matrix.png
2026-09-02 13:37:51 | INFO     | reporting | Saved results\e2_fgbf_ms\e2_fgbf_ms\test_fgbf_confusion_matrix.csv
2026-09-02 13:37:51 | INFO     | reporting | Saved results\e2_fgbf_ms\e2_fgbf_ms\classification_report_val.txt
2026-09-02 13:37:51 | INFO     | reporting | Saved results\e2_fgbf_ms\e2_fgbf_ms\classification_report_test.txt
2026-09-02 13:37:51 | INFO     | reporting | Saved results\e2_fgbf_ms\e2_fgbf_ms\predictions.csv
2026-09-02 13:37:51 | INFO     | reporting | Saved results\e2_fgbf_ms\e2_fgbf_ms\metrics.json
2026-09-02 13:37:51 | INFO     | reporting | Saved results\e2_fgbf_ms\e2_fgbf_ms\metrics.csv
2026-09-02 13:37:51 | INFO     | reporting | Saved results\e2_fgbf_ms\e2_fgbf_ms\plots\loss_curve.png
2026-09-02 13:37:52 | INFO     | reporting | Saved results\e2_fgbf_ms\e2_fgbf_ms\plots\accuracy_curve.png
2026-09-02 13:37:52 | INFO     | reporting | Saved results\e2_fgbf_ms\e2_fgbf_ms\plots\loss_vs_accuracy.png
2026-09-02 13:37:52 | INFO     | reporting | Saved results\e2_fgbf_ms\e2_fgbf_ms\plots\f1_curve.png
2026-09-02 13:37:52 | INFO     | reporting | Saved results\e2_fgbf_ms\e2_fgbf_ms\plots\qwk_curve.png
2026-09-02 13:37:53 | INFO     | reporting | Saved results\e2_fgbf_ms\e2_fgbf_ms\plots\mae_curve.png
2026-09-02 13:37:53 | INFO     | reporting | Saved results\e2_fgbf_ms\e2_fgbf_ms\plots\learning_rate_curve.png
2026-09-02 13:37:53 | INFO     | reporting | ====================================================
2026-09-02 13:37:53 | INFO     | reporting |   FINAL RESULTS
2026-09-02 13:37:53 | INFO     | reporting | ====================================================
2026-09-02 13:37:53 | INFO     | reporting | TRAIN
2026-09-02 13:37:53 | INFO     | reporting |   Overall Accuracy   : 0.7034
2026-09-02 13:37:53 | INFO     | reporting |   Macro Precision    : 0.6983
2026-09-02 13:37:53 | INFO     | reporting |   Macro Recall       : 0.6961
2026-09-02 13:37:53 | INFO     | reporting |   Macro F1           : 0.6739
2026-09-02 13:37:53 | INFO     | reporting |   Weighted Precision : 0.6718
2026-09-02 13:37:53 | INFO     | reporting |   Weighted Recall    : 0.7034
2026-09-02 13:37:53 | INFO     | reporting |   Weighted F1        : 0.6648
2026-09-02 13:37:53 | INFO     | reporting |   MAE                : 0.3648
2026-09-02 13:37:53 | INFO     | reporting |   QWK                : 0.8285
2026-09-02 13:37:53 | INFO     | reporting |   KL0 Recall         : 0.8648
2026-09-02 13:37:53 | INFO     | reporting |   KL1 Recall         : 0.1080
2026-09-02 13:37:53 | INFO     | reporting |   KL1 F1             : 0.1730
2026-09-02 13:37:53 | INFO     | reporting |   KL2 Recall         : 0.8033
2026-09-02 13:37:53 | INFO     | reporting |   Boundary Error Counts:
2026-09-02 13:37:53 | INFO     | reporting |     KL1 -> KL0       : 501
2026-09-02 13:37:53 | INFO     | reporting |     KL1 -> KL2       : 423
2026-09-02 13:37:53 | INFO     | reporting |     KL0 -> KL1       : 96
2026-09-02 13:37:53 | INFO     | reporting |     KL2 -> KL1       : 49
2026-09-02 13:37:53 | INFO     | reporting |   FGBF Diagnostics (Auxiliary Head):
2026-09-02 13:37:53 | INFO     | reporting |     FGBF Low-Grade Acc : 0.7039
2026-09-02 13:37:53 | INFO     | reporting |     KL0 Prec/Rec/F1    : 0.7496 / 0.8556 / 0.7991
2026-09-02 13:37:53 | INFO     | reporting |     KL1 Prec/Rec/F1    : 0.4488 / 0.1845 / 0.2615
2026-09-02 13:37:53 | INFO     | reporting |     KL2 Prec/Rec/F1    : 0.6986 / 0.8337 / 0.7602
2026-09-02 13:37:53 | INFO     | reporting |     FGBF Boundary Errors:
2026-09-02 13:37:53 | INFO     | reporting |       KL1 -> KL0       : 491
2026-09-02 13:37:53 | INFO     | reporting |       KL1 -> KL2       : 362
2026-09-02 13:37:53 | INFO     | reporting |   ------------------------------------------------
2026-09-02 13:37:53 | INFO     | reporting | VALIDATION
2026-09-02 13:37:53 | INFO     | reporting |   Overall Accuracy   : 0.6840
2026-09-02 13:37:53 | INFO     | reporting |   Macro Precision    : 0.7144
2026-09-02 13:37:53 | INFO     | reporting |   Macro Recall       : 0.6859
2026-09-02 13:37:53 | INFO     | reporting |   Macro F1           : 0.6703
2026-09-02 13:37:53 | INFO     | reporting |   Weighted Precision : 0.6829
2026-09-02 13:37:53 | INFO     | reporting |   Weighted Recall    : 0.6840
2026-09-02 13:37:53 | INFO     | reporting |   Weighted F1        : 0.6547
2026-09-02 13:37:53 | INFO     | reporting |   MAE                : 0.4225
2026-09-02 13:37:53 | INFO     | reporting |   QWK                : 0.7825
2026-09-02 13:37:53 | INFO     | reporting |   KL0 Recall         : 0.8415
2026-09-02 13:37:53 | INFO     | reporting |   KL1 Recall         : 0.1765
2026-09-02 13:37:53 | INFO     | reporting |   KL1 F1             : 0.2755
2026-09-02 13:37:53 | INFO     | reporting |   KL2 Recall         : 0.7500
2026-09-02 13:37:53 | INFO     | reporting |   Boundary Error Counts:
2026-09-02 13:37:53 | INFO     | reporting |     KL1 -> KL0       : 74
2026-09-02 13:37:53 | INFO     | reporting |     KL1 -> KL2       : 50
2026-09-02 13:37:53 | INFO     | reporting |     KL0 -> KL1       : 11
2026-09-02 13:37:53 | INFO     | reporting |     KL2 -> KL1       : 5
2026-09-02 13:37:53 | INFO     | reporting |   FGBF Diagnostics (Auxiliary Head):
2026-09-02 13:37:53 | INFO     | reporting |     FGBF Low-Grade Acc : 0.6797
2026-09-02 13:37:53 | INFO     | reporting |     KL0 Prec/Rec/F1    : 0.7184 / 0.8323 / 0.7712
2026-09-02 13:37:53 | INFO     | reporting |     KL1 Prec/Rec/F1    : 0.5333 / 0.2092 / 0.3005
2026-09-02 13:37:53 | INFO     | reporting |     KL2 Prec/Rec/F1    : 0.6561 / 0.7830 / 0.7140
2026-09-02 13:37:53 | INFO     | reporting |     FGBF Boundary Errors:
2026-09-02 13:37:53 | INFO     | reporting |       KL1 -> KL0       : 71
2026-09-02 13:37:53 | INFO     | reporting |       KL1 -> KL2       : 50
2026-09-02 13:37:53 | INFO     | reporting |   ------------------------------------------------
2026-09-02 13:37:53 | INFO     | reporting | TEST
2026-09-02 13:37:53 | INFO     | reporting |   Overall Accuracy   : 0.6775
2026-09-02 13:37:53 | INFO     | reporting |   Macro Precision    : 0.6624
2026-09-02 13:37:53 | INFO     | reporting |   Macro Recall       : 0.6599
2026-09-02 13:37:53 | INFO     | reporting |   Macro F1           : 0.6459
2026-09-02 13:37:53 | INFO     | reporting |   Weighted Precision : 0.6383
2026-09-02 13:37:53 | INFO     | reporting |   Weighted Recall    : 0.6775
2026-09-02 13:37:53 | INFO     | reporting |   Weighted F1        : 0.6426
2026-09-02 13:37:53 | INFO     | reporting |   MAE                : 0.3967
2026-09-02 13:37:53 | INFO     | reporting |   QWK                : 0.8121
2026-09-02 13:37:53 | INFO     | reporting |   KL0 Recall         : 0.8513
2026-09-02 13:37:53 | INFO     | reporting |   KL1 Recall         : 0.1047
2026-09-02 13:37:53 | INFO     | reporting |   KL1 F1             : 0.1602
2026-09-02 13:37:53 | INFO     | reporting |   KL2 Recall         : 0.7562
2026-09-02 13:37:53 | INFO     | reporting |   Boundary Error Counts:
2026-09-02 13:37:53 | INFO     | reporting |     KL1 -> KL0       : 148
2026-09-02 13:37:53 | INFO     | reporting |     KL1 -> KL2       : 114
2026-09-02 13:37:53 | INFO     | reporting |     KL0 -> KL1       : 35
2026-09-02 13:37:53 | INFO     | reporting |     KL2 -> KL1       : 23
2026-09-02 13:37:53 | INFO     | reporting |   FGBF Diagnostics (Auxiliary Head):
2026-09-02 13:37:53 | INFO     | reporting |     FGBF Low-Grade Acc : 0.6816
2026-09-02 13:37:53 | INFO     | reporting |     KL0 Prec/Rec/F1    : 0.7302 / 0.8388 / 0.7808
2026-09-02 13:37:53 | INFO     | reporting |     KL1 Prec/Rec/F1    : 0.3475 / 0.1385 / 0.1981
2026-09-02 13:37:53 | INFO     | reporting |     KL2 Prec/Rec/F1    : 0.6887 / 0.8166 / 0.7472
2026-09-02 13:37:53 | INFO     | reporting |     FGBF Boundary Errors:
2026-09-02 13:37:53 | INFO     | reporting |       KL1 -> KL0       : 144
2026-09-02 13:37:53 | INFO     | reporting |       KL1 -> KL2       : 111
2026-09-02 13:37:53 | INFO     | reporting | ====================================================
