2026-09-02 12:43:15 | INFO     | utils | Logging to logs\e2_fgbf.log
2026-09-02 12:43:15 | INFO     | __main__ |   CoRD-Net — E2 + Fine-Grained Boundary Feature Module
2026-09-02 12:43:15 | INFO     | __main__ |   Experiment  : E2_FGBF
2026-09-02 12:43:15 | INFO     | __main__ |   Device      : cuda
2026-09-02 12:43:15 | INFO     | __main__ |   Epochs      : 60
2026-09-02 12:43:15 | INFO     | __main__ |   Batch size  : 16
2026-09-02 12:43:15 | INFO     | __main__ |   Data root   : Dataset
2026-09-02 12:43:15 | INFO     | __main__ |   Pretrained  : True
2026-09-02 12:43:15 | INFO     | __main__ |   Results dir : results/e2_fgbf
2026-09-02 12:43:15 | INFO     | dataset | Split mode: pre-split directories (train/ val/ test/)
2026-09-02 12:43:15 | INFO     | dataset | Pre-split layout detected: train=5778  val=826  test=1656
2026-09-02 12:43:15 | INFO     | dataset | Dataset ready — train: 5778  val: 826
2026-09-02 12:43:15 | INFO     | dataset | Split mode: pre-split directories (train/ val/ test/)
2026-09-02 12:43:15 | INFO     | dataset | Pre-split layout detected: train=5778  val=826  test=1656
2026-09-02 12:43:56 | INFO     | trainer | epoch=1/60 | time=29.7s | lr=1.00e-04 | train/kl=1.2834 | train/main=1.2834 | train/total=1.4243 | train/fgbf=0.9393 | train/fgbf_loss=0.9393 | train/weighted_fgbf=0.1409 | train/weighted_fgbf_loss=0.1409 | train/fgbf_grad_norm=0.3170 | train/backbone_grad_norm=7.2921 | train/accuracy=0.5021 | val/kl=1.1565 | val/main=1.1565 | val/total=1.2659 | val/fgbf=0.7292 | val/fgbf_loss=0.7292 | val/weighted_fgbf=0.1094 | val/weighted_fgbf_loss=0.1094 | val/accuracy=0.5896 | val/kappa=0.6899 | val/mae=0.5666 | val/macro_f1=0.4097 | val/fgbf_low_grade_accuracy=0.6248 | val/fgbf_kl0_precision=0.6220 | val/fgbf_kl0_recall=0.8780 | val/fgbf_kl0_f1=0.7282 | val/fgbf_kl1_precision=0.4444 | val/fgbf_kl1_recall=0.0523 | val/fgbf_kl1_f1=0.0936 | val/fgbf_kl2_precision=0.6462 | val/fgbf_kl2_recall=0.6462 | val/fgbf_kl2_f1=0.6462 | val/fgbf_boundary_KL1_to_KL0=105.0000 | val/fgbf_boundary_KL1_to_KL2=40.0000
2026-09-02 12:44:37 | INFO     | trainer | epoch=2/60 | time=29.7s | lr=9.99e-05 | train/kl=1.2474 | train/main=1.2474 | train/total=1.3867 | train/fgbf=0.9291 | train/fgbf_loss=0.9291 | train/weighted_fgbf=0.1394 | train/weighted_fgbf_loss=0.1394 | train/fgbf_grad_norm=0.3153 | train/backbone_grad_norm=8.1332 | train/accuracy=0.5199 | val/kl=1.1464 | val/main=1.1464 | val/total=1.2579 | val/fgbf=0.7427 | val/fgbf_loss=0.7427 | val/weighted_fgbf=0.1114 | val/weighted_fgbf_loss=0.1114 | val/accuracy=0.5823 | val/kappa=0.6137 | val/mae=0.6295 | val/macro_f1=0.4535 | val/fgbf_low_grade_accuracy=0.6147 | val/fgbf_kl0_precision=0.5965 | val/fgbf_kl0_recall=0.9421 | val/fgbf_kl0_f1=0.7305 | val/fgbf_kl1_precision=0.0000 | val/fgbf_kl1_recall=0.0000 | val/fgbf_kl1_f1=0.0000 | val/fgbf_kl2_precision=0.6686 | val/fgbf_kl2_recall=0.5519 | val/fgbf_kl2_f1=0.6047 | val/fgbf_boundary_KL1_to_KL0=114.0000 | val/fgbf_boundary_KL1_to_KL2=39.0000
2026-09-02 12:45:17 | INFO     | trainer | epoch=3/60 | time=29.5s | lr=9.97e-05 | train/kl=1.1892 | train/main=1.1892 | train/total=1.3244 | train/fgbf=0.9017 | train/fgbf_loss=0.9017 | train/weighted_fgbf=0.1353 | train/weighted_fgbf_loss=0.1353 | train/fgbf_grad_norm=0.2560 | train/backbone_grad_norm=9.4599 | train/accuracy=0.5538 | val/kl=1.3097 | val/main=1.3097 | val/total=1.4332 | val/fgbf=0.8233 | val/fgbf_loss=0.8233 | val/weighted_fgbf=0.1235 | val/weighted_fgbf_loss=0.1235 | val/accuracy=0.4831 | val/kappa=0.3046 | val/mae=0.9479 | val/macro_f1=0.3543 | val/fgbf_low_grade_accuracy=0.5325 | val/fgbf_kl0_precision=0.5137 | val/fgbf_kl0_recall=0.9695 | val/fgbf_kl0_f1=0.6716 | val/fgbf_kl1_precision=0.0000 | val/fgbf_kl1_recall=0.0000 | val/fgbf_kl1_f1=0.0000 | val/fgbf_kl2_precision=0.7391 | val/fgbf_kl2_recall=0.2406 | val/fgbf_kl2_f1=0.3630 | val/fgbf_boundary_KL1_to_KL0=142.0000 | val/fgbf_boundary_KL1_to_KL2=11.0000
2026-09-02 12:45:58 | INFO     | trainer | epoch=4/60 | time=29.7s | lr=9.94e-05 | train/kl=1.3907 | train/main=1.3907 | train/total=1.5436 | train/fgbf=1.0195 | train/fgbf_loss=1.0195 | train/weighted_fgbf=0.1529 | train/weighted_fgbf_loss=0.1529 | train/fgbf_grad_norm=0.1832 | train/backbone_grad_norm=3.4476 | train/accuracy=0.4330 | val/kl=1.4652 | val/main=1.4652 | val/total=1.5988 | val/fgbf=0.8907 | val/fgbf_loss=0.8907 | val/weighted_fgbf=0.1336 | val/weighted_fgbf_loss=0.1336 | val/accuracy=0.3971 | val/kappa=0.0000 | val/mae=1.2143 | val/macro_f1=0.1137 | val/fgbf_low_grade_accuracy=0.4733 | val/fgbf_kl0_precision=0.4733 | val/fgbf_kl0_recall=1.0000 | val/fgbf_kl0_f1=0.6425 | val/fgbf_kl1_precision=0.0000 | val/fgbf_kl1_recall=0.0000 | val/fgbf_kl1_f1=0.0000 | val/fgbf_kl2_precision=0.0000 | val/fgbf_kl2_recall=0.0000 | val/fgbf_kl2_f1=0.0000 | val/fgbf_boundary_KL1_to_KL0=153.0000 | val/fgbf_boundary_KL1_to_KL2=0.0000
2026-09-02 12:46:38 | INFO     | trainer | epoch=5/60 | time=29.4s | lr=9.89e-05 | train/kl=1.4475 | train/main=1.4475 | train/total=1.6051 | train/fgbf=1.0506 | train/fgbf_loss=1.0506 | train/weighted_fgbf=0.1576 | train/weighted_fgbf_loss=0.1576 | train/fgbf_grad_norm=0.1014 | train/backbone_grad_norm=0.4311 | train/accuracy=0.3956 | val/kl=1.4590 | val/main=1.4590 | val/total=1.5926 | val/fgbf=0.8905 | val/fgbf_loss=0.8905 | val/weighted_fgbf=0.1336 | val/weighted_fgbf_loss=0.1336 | val/accuracy=0.3971 | val/kappa=0.0000 | val/mae=1.2143 | val/macro_f1=0.1137 | val/fgbf_low_grade_accuracy=0.4733 | val/fgbf_kl0_precision=0.4733 | val/fgbf_kl0_recall=1.0000 | val/fgbf_kl0_f1=0.6425 | val/fgbf_kl1_precision=0.0000 | val/fgbf_kl1_recall=0.0000 | val/fgbf_kl1_f1=0.0000 | val/fgbf_kl2_precision=0.0000 | val/fgbf_kl2_recall=0.0000 | val/fgbf_kl2_f1=0.0000 | val/fgbf_boundary_KL1_to_KL0=153.0000 | val/fgbf_boundary_KL1_to_KL2=0.0000
2026-09-02 12:47:19 | INFO     | trainer | epoch=6/60 | time=29.4s | lr=9.83e-05 | train/kl=1.4472 | train/main=1.4472 | train/total=1.6048 | train/fgbf=1.0504 | train/fgbf_loss=1.0504 | train/weighted_fgbf=0.1576 | train/weighted_fgbf_loss=0.1576 | train/fgbf_grad_norm=0.1004 | train/backbone_grad_norm=0.4183 | train/accuracy=0.3956 | val/kl=1.4600 | val/main=1.4600 | val/total=1.5935 | val/fgbf=0.8903 | val/fgbf_loss=0.8903 | val/weighted_fgbf=0.1335 | val/weighted_fgbf_loss=0.1335 | val/accuracy=0.3971 | val/kappa=0.0000 | val/mae=1.2143 | val/macro_f1=0.1137 | val/fgbf_low_grade_accuracy=0.4733 | val/fgbf_kl0_precision=0.4733 | val/fgbf_kl0_recall=1.0000 | val/fgbf_kl0_f1=0.6425 | val/fgbf_kl1_precision=0.0000 | val/fgbf_kl1_recall=0.0000 | val/fgbf_kl1_f1=0.0000 | val/fgbf_kl2_precision=0.0000 | val/fgbf_kl2_recall=0.0000 | val/fgbf_kl2_f1=0.0000 | val/fgbf_boundary_KL1_to_KL0=153.0000 | val/fgbf_boundary_KL1_to_KL2=0.0000
2026-09-02 12:47:59 | INFO     | trainer | epoch=7/60 | time=29.5s | lr=9.76e-05 | train/kl=1.4464 | train/main=1.4464 | train/total=1.6038 | train/fgbf=1.0491 | train/fgbf_loss=1.0491 | train/weighted_fgbf=0.1574 | train/weighted_fgbf_loss=0.1574 | train/fgbf_grad_norm=0.0934 | train/backbone_grad_norm=0.3891 | train/accuracy=0.3958 | val/kl=1.4581 | val/main=1.4581 | val/total=1.5917 | val/fgbf=0.8902 | val/fgbf_loss=0.8902 | val/weighted_fgbf=0.1335 | val/weighted_fgbf_loss=0.1335 | val/accuracy=0.3971 | val/kappa=0.0000 | val/mae=1.2143 | val/macro_f1=0.1137 | val/fgbf_low_grade_accuracy=0.4733 | val/fgbf_kl0_precision=0.4733 | val/fgbf_kl0_recall=1.0000 | val/fgbf_kl0_f1=0.6425 | val/fgbf_kl1_precision=0.0000 | val/fgbf_kl1_recall=0.0000 | val/fgbf_kl1_f1=0.0000 | val/fgbf_kl2_precision=0.0000 | val/fgbf_kl2_recall=0.0000 | val/fgbf_kl2_f1=0.0000 | val/fgbf_boundary_KL1_to_KL0=153.0000 | val/fgbf_boundary_KL1_to_KL2=0.0000
2026-09-02 12:48:39 | INFO     | trainer | epoch=8/60 | time=29.5s | lr=9.67e-05 | train/kl=1.4470 | train/main=1.4470 | train/total=1.6047 | train/fgbf=1.0513 | train/fgbf_loss=1.0513 | train/weighted_fgbf=0.1577 | train/weighted_fgbf_loss=0.1577 | train/fgbf_grad_norm=0.0916 | train/backbone_grad_norm=0.3739 | train/accuracy=0.3956 | val/kl=1.4599 | val/main=1.4599 | val/total=1.5934 | val/fgbf=0.8900 | val/fgbf_loss=0.8900 | val/weighted_fgbf=0.1335 | val/weighted_fgbf_loss=0.1335 | val/accuracy=0.3971 | val/kappa=0.0000 | val/mae=1.2143 | val/macro_f1=0.1137 | val/fgbf_low_grade_accuracy=0.4733 | val/fgbf_kl0_precision=0.4733 | val/fgbf_kl0_recall=1.0000 | val/fgbf_kl0_f1=0.6425 | val/fgbf_kl1_precision=0.0000 | val/fgbf_kl1_recall=0.0000 | val/fgbf_kl1_f1=0.0000 | val/fgbf_kl2_precision=0.0000 | val/fgbf_kl2_recall=0.0000 | val/fgbf_kl2_f1=0.0000 | val/fgbf_boundary_KL1_to_KL0=153.0000 | val/fgbf_boundary_KL1_to_KL2=0.0000
2026-09-02 12:49:20 | INFO     | trainer | epoch=9/60 | time=29.6s | lr=9.57e-05 | train/kl=1.4469 | train/main=1.4469 | train/total=1.6045 | train/fgbf=1.0503 | train/fgbf_loss=1.0503 | train/weighted_fgbf=0.1575 | train/weighted_fgbf_loss=0.1575 | train/fgbf_grad_norm=0.0888 | train/backbone_grad_norm=0.3472 | train/accuracy=0.3956 | val/kl=1.4598 | val/main=1.4598 | val/total=1.5933 | val/fgbf=0.8903 | val/fgbf_loss=0.8903 | val/weighted_fgbf=0.1335 | val/weighted_fgbf_loss=0.1335 | val/accuracy=0.3971 | val/kappa=0.0000 | val/mae=1.2143 | val/macro_f1=0.1137 | val/fgbf_low_grade_accuracy=0.4733 | val/fgbf_kl0_precision=0.4733 | val/fgbf_kl0_recall=1.0000 | val/fgbf_kl0_f1=0.6425 | val/fgbf_kl1_precision=0.0000 | val/fgbf_kl1_recall=0.0000 | val/fgbf_kl1_f1=0.0000 | val/fgbf_kl2_precision=0.0000 | val/fgbf_kl2_recall=0.0000 | val/fgbf_kl2_f1=0.0000 | val/fgbf_boundary_KL1_to_KL0=153.0000 | val/fgbf_boundary_KL1_to_KL2=0.0000
2026-09-02 12:50:00 | INFO     | trainer | epoch=10/60 | time=29.6s | lr=9.46e-05 | train/kl=1.4461 | train/main=1.4461 | train/total=1.6035 | train/fgbf=1.0491 | train/fgbf_loss=1.0491 | train/weighted_fgbf=0.1574 | train/weighted_fgbf_loss=0.1574 | train/fgbf_grad_norm=0.0798 | train/backbone_grad_norm=0.3212 | train/accuracy=0.3956 | val/kl=1.4587 | val/main=1.4587 | val/total=1.5922 | val/fgbf=0.8903 | val/fgbf_loss=0.8903 | val/weighted_fgbf=0.1335 | val/weighted_fgbf_loss=0.1335 | val/accuracy=0.3971 | val/kappa=0.0000 | val/mae=1.2143 | val/macro_f1=0.1137 | val/fgbf_low_grade_accuracy=0.4733 | val/fgbf_kl0_precision=0.4733 | val/fgbf_kl0_recall=1.0000 | val/fgbf_kl0_f1=0.6425 | val/fgbf_kl1_precision=0.0000 | val/fgbf_kl1_recall=0.0000 | val/fgbf_kl1_f1=0.0000 | val/fgbf_kl2_precision=0.0000 | val/fgbf_kl2_recall=0.0000 | val/fgbf_kl2_f1=0.0000 | val/fgbf_boundary_KL1_to_KL0=153.0000 | val/fgbf_boundary_KL1_to_KL2=0.0000
2026-09-02 12:50:41 | INFO     | trainer | epoch=11/60 | time=29.6s | lr=9.33e-05 | train/kl=1.4455 | train/main=1.4455 | train/total=1.6031 | train/fgbf=1.0507 | train/fgbf_loss=1.0507 | train/weighted_fgbf=0.1576 | train/weighted_fgbf_loss=0.1576 | train/fgbf_grad_norm=0.0815 | train/backbone_grad_norm=0.3256 | train/accuracy=0.3958 | val/kl=1.4593 | val/main=1.4593 | val/total=1.5929 | val/fgbf=0.8909 | val/fgbf_loss=0.8909 | val/weighted_fgbf=0.1336 | val/weighted_fgbf_loss=0.1336 | val/accuracy=0.3971 | val/kappa=0.0000 | val/mae=1.2143 | val/macro_f1=0.1137 | val/fgbf_low_grade_accuracy=0.4733 | val/fgbf_kl0_precision=0.4733 | val/fgbf_kl0_recall=1.0000 | val/fgbf_kl0_f1=0.6425 | val/fgbf_kl1_precision=0.0000 | val/fgbf_kl1_recall=0.0000 | val/fgbf_kl1_f1=0.0000 | val/fgbf_kl2_precision=0.0000 | val/fgbf_kl2_recall=0.0000 | val/fgbf_kl2_f1=0.0000 | val/fgbf_boundary_KL1_to_KL0=153.0000 | val/fgbf_boundary_KL1_to_KL2=0.0000
2026-09-02 12:50:41 | INFO     | trainer | Early stopping triggered at epoch 11 (no val QWK improvement for 10 epochs).
2026-09-02 12:50:41 | INFO     | trainer | Restoring best model checkpoint (val_qwk=0.6899) from checkpoints\e2_fgbf_best.pt for evaluation...
2026-09-02 12:50:42 | INFO     | trainer | Training complete. Generating reports …
2026-09-02 12:50:42 | INFO     | reporting | Results directory: results\e2_fgbf\e2_fgbf
2026-09-02 12:50:42 | INFO     | trainer | Collecting val logits …
2026-09-02 12:50:53 | INFO     | trainer | Collecting train logits …
2026-09-02 12:51:10 | INFO     | trainer | Collecting test logits …
2026-09-02 12:51:22 | INFO     | reporting | Generating reports for experiment 'e2_fgbf' …
2026-09-02 12:51:22 | INFO     | reporting | Saved results\e2_fgbf\e2_fgbf\val_confusion_matrix.png
2026-09-02 12:51:22 | INFO     | reporting | Saved results\e2_fgbf\e2_fgbf\val_confusion_matrix.csv
2026-09-02 12:51:22 | INFO     | reporting | Saved results\e2_fgbf\e2_fgbf\test_confusion_matrix.png
2026-09-02 12:51:22 | INFO     | reporting | Saved results\e2_fgbf\e2_fgbf\test_confusion_matrix.csv
2026-09-02 12:51:23 | INFO     | reporting | Saved results\e2_fgbf\e2_fgbf\val_fgbf_confusion_matrix.png
2026-09-02 12:51:23 | INFO     | reporting | Saved results\e2_fgbf\e2_fgbf\val_fgbf_confusion_matrix.csv
2026-09-02 12:51:23 | INFO     | reporting | Saved results\e2_fgbf\e2_fgbf\test_fgbf_confusion_matrix.png
2026-09-02 12:51:23 | INFO     | reporting | Saved results\e2_fgbf\e2_fgbf\test_fgbf_confusion_matrix.csv
2026-09-02 12:51:23 | INFO     | reporting | Saved results\e2_fgbf\e2_fgbf\classification_report_val.txt
2026-09-02 12:51:23 | INFO     | reporting | Saved results\e2_fgbf\e2_fgbf\classification_report_test.txt
2026-09-02 12:51:23 | INFO     | reporting | Saved results\e2_fgbf\e2_fgbf\predictions.csv
2026-09-02 12:51:23 | INFO     | reporting | Saved results\e2_fgbf\e2_fgbf\metrics.json
2026-09-02 12:51:23 | INFO     | reporting | Saved results\e2_fgbf\e2_fgbf\metrics.csv
2026-09-02 12:51:23 | INFO     | reporting | Saved results\e2_fgbf\e2_fgbf\plots\loss_curve.png
2026-09-02 12:51:23 | INFO     | reporting | Saved results\e2_fgbf\e2_fgbf\plots\accuracy_curve.png
2026-09-02 12:51:23 | INFO     | reporting | Saved results\e2_fgbf\e2_fgbf\plots\loss_vs_accuracy.png
2026-09-02 12:51:24 | INFO     | reporting | Saved results\e2_fgbf\e2_fgbf\plots\f1_curve.png
2026-09-02 12:51:24 | INFO     | reporting | Saved results\e2_fgbf\e2_fgbf\plots\qwk_curve.png
2026-09-02 12:51:24 | INFO     | reporting | Saved results\e2_fgbf\e2_fgbf\plots\mae_curve.png
2026-09-02 12:51:24 | INFO     | reporting | Saved results\e2_fgbf\e2_fgbf\plots\learning_rate_curve.png
2026-09-02 12:51:24 | INFO     | reporting | ====================================================
2026-09-02 12:51:24 | INFO     | reporting |   FINAL RESULTS
2026-09-02 12:51:24 | INFO     | reporting | ====================================================
2026-09-02 12:51:24 | INFO     | reporting | TRAIN
2026-09-02 12:51:24 | INFO     | reporting |   Overall Accuracy   : 0.5805
2026-09-02 12:51:24 | INFO     | reporting |   Macro Precision    : 0.4995
2026-09-02 12:51:24 | INFO     | reporting |   Macro Recall       : 0.4227
2026-09-02 12:51:24 | INFO     | reporting |   Macro F1           : 0.3949
2026-09-02 12:51:24 | INFO     | reporting |   Weighted Precision : 0.4781
2026-09-02 12:51:24 | INFO     | reporting |   Weighted Recall    : 0.5805
2026-09-02 12:51:24 | INFO     | reporting |   Weighted F1        : 0.5109
2026-09-02 12:51:24 | INFO     | reporting |   MAE                : 0.5829
2026-09-02 12:51:24 | INFO     | reporting |   QWK                : 0.6697
2026-09-02 12:51:24 | INFO     | reporting |   KL0 Recall         : 0.8735
2026-09-02 12:51:24 | INFO     | reporting |   KL1 Recall         : 0.0000
2026-09-02 12:51:24 | INFO     | reporting |   KL1 F1             : 0.0000
2026-09-02 12:51:24 | INFO     | reporting |   KL2 Recall         : 0.6102
2026-09-02 12:51:24 | INFO     | reporting |   Boundary Error Counts:
2026-09-02 12:51:24 | INFO     | reporting |     KL1 -> KL0       : 698
2026-09-02 12:51:24 | INFO     | reporting |     KL1 -> KL2       : 310
2026-09-02 12:51:24 | INFO     | reporting |     KL0 -> KL1       : 0
2026-09-02 12:51:24 | INFO     | reporting |     KL2 -> KL1       : 0
2026-09-02 12:51:24 | INFO     | reporting |   FGBF Diagnostics (Auxiliary Head):
2026-09-02 12:51:24 | INFO     | reporting |     FGBF Low-Grade Acc : 0.6385
2026-09-02 12:51:24 | INFO     | reporting |     KL0 Prec/Rec/F1    : 0.6406 / 0.8770 / 0.7403
2026-09-02 12:51:24 | INFO     | reporting |     KL1 Prec/Rec/F1    : 0.3853 / 0.0402 / 0.0727
2026-09-02 12:51:24 | INFO     | reporting |     KL2 Prec/Rec/F1    : 0.6516 / 0.6920 / 0.6711
2026-09-02 12:51:24 | INFO     | reporting |     FGBF Boundary Errors:
2026-09-02 12:51:24 | INFO     | reporting |       KL1 -> KL0       : 694
2026-09-02 12:51:24 | INFO     | reporting |       KL1 -> KL2       : 310
2026-09-02 12:51:24 | INFO     | reporting |   ------------------------------------------------
2026-09-02 12:51:24 | INFO     | reporting | VALIDATION
2026-09-02 12:51:24 | INFO     | reporting |   Overall Accuracy   : 0.5896
2026-09-02 12:51:24 | INFO     | reporting |   Macro Precision    : 0.5471
2026-09-02 12:51:24 | INFO     | reporting |   Macro Recall       : 0.4433
2026-09-02 12:51:24 | INFO     | reporting |   Macro F1           : 0.4097
2026-09-02 12:51:24 | INFO     | reporting |   Weighted Precision : 0.4901
2026-09-02 12:51:24 | INFO     | reporting |   Weighted Recall    : 0.5896
2026-09-02 12:51:24 | INFO     | reporting |   Weighted F1        : 0.5167
2026-09-02 12:51:24 | INFO     | reporting |   MAE                : 0.5666
2026-09-02 12:51:24 | INFO     | reporting |   QWK                : 0.6899
2026-09-02 12:51:24 | INFO     | reporting |   KL0 Recall         : 0.8780
2026-09-02 12:51:24 | INFO     | reporting |   KL1 Recall         : 0.0000
2026-09-02 12:51:24 | INFO     | reporting |   KL1 F1             : 0.0000
2026-09-02 12:51:24 | INFO     | reporting |   KL2 Recall         : 0.5943
2026-09-02 12:51:24 | INFO     | reporting |   Boundary Error Counts:
2026-09-02 12:51:24 | INFO     | reporting |     KL1 -> KL0       : 109
2026-09-02 12:51:24 | INFO     | reporting |     KL1 -> KL2       : 40
2026-09-02 12:51:24 | INFO     | reporting |     KL0 -> KL1       : 0
2026-09-02 12:51:24 | INFO     | reporting |     KL2 -> KL1       : 0
2026-09-02 12:51:24 | INFO     | reporting |   FGBF Diagnostics (Auxiliary Head):
2026-09-02 12:51:24 | INFO     | reporting |     FGBF Low-Grade Acc : 0.6248
2026-09-02 12:51:24 | INFO     | reporting |     KL0 Prec/Rec/F1    : 0.6220 / 0.8780 / 0.7282
2026-09-02 12:51:24 | INFO     | reporting |     KL1 Prec/Rec/F1    : 0.4444 / 0.0523 / 0.0936
2026-09-02 12:51:24 | INFO     | reporting |     KL2 Prec/Rec/F1    : 0.6462 / 0.6462 / 0.6462
2026-09-02 12:51:24 | INFO     | reporting |     FGBF Boundary Errors:
2026-09-02 12:51:24 | INFO     | reporting |       KL1 -> KL0       : 105
2026-09-02 12:51:24 | INFO     | reporting |       KL1 -> KL2       : 40
2026-09-02 12:51:24 | INFO     | reporting |   ------------------------------------------------
2026-09-02 12:51:24 | INFO     | reporting | TEST
2026-09-02 12:51:24 | INFO     | reporting |   Overall Accuracy   : 0.5851
2026-09-02 12:51:24 | INFO     | reporting |   Macro Precision    : 0.5451
2026-09-02 12:51:24 | INFO     | reporting |   Macro Recall       : 0.4232
2026-09-02 12:51:24 | INFO     | reporting |   Macro F1           : 0.3992
2026-09-02 12:51:24 | INFO     | reporting |   Weighted Precision : 0.4894
2026-09-02 12:51:24 | INFO     | reporting |   Weighted Recall    : 0.5851
2026-09-02 12:51:24 | INFO     | reporting |   Weighted F1        : 0.5135
2026-09-02 12:51:24 | INFO     | reporting |   MAE                : 0.5731
2026-09-02 12:51:24 | INFO     | reporting |   QWK                : 0.6795
2026-09-02 12:51:24 | INFO     | reporting |   KL0 Recall         : 0.9045
2026-09-02 12:51:24 | INFO     | reporting |   KL1 Recall         : 0.0000
2026-09-02 12:51:24 | INFO     | reporting |   KL1 F1             : 0.0000
2026-09-02 12:51:24 | INFO     | reporting |   KL2 Recall         : 0.5996
2026-09-02 12:51:24 | INFO     | reporting |   Boundary Error Counts:
2026-09-02 12:51:24 | INFO     | reporting |     KL1 -> KL0       : 206
2026-09-02 12:51:24 | INFO     | reporting |     KL1 -> KL2       : 85
2026-09-02 12:51:24 | INFO     | reporting |     KL0 -> KL1       : 0
2026-09-02 12:51:24 | INFO     | reporting |     KL2 -> KL1       : 0
2026-09-02 12:51:24 | INFO     | reporting |   FGBF Diagnostics (Auxiliary Head):
2026-09-02 12:51:24 | INFO     | reporting |     FGBF Low-Grade Acc : 0.6375
2026-09-02 12:51:24 | INFO     | reporting |     KL0 Prec/Rec/F1    : 0.6215 / 0.9045 / 0.7368
2026-09-02 12:51:24 | INFO     | reporting |     KL1 Prec/Rec/F1    : 0.2812 / 0.0304 / 0.0549
2026-09-02 12:51:24 | INFO     | reporting |     KL2 Prec/Rec/F1    : 0.7000 / 0.6577 / 0.6782
2026-09-02 12:51:24 | INFO     | reporting |     FGBF Boundary Errors:
2026-09-02 12:51:24 | INFO     | reporting |       KL1 -> KL0       : 207
2026-09-02 12:51:24 | INFO     | reporting |       KL1 -> KL2       : 80
2026-09-02 12:51:24 | INFO     | reporting | ====================================================
