2026-09-16 10:13:42 | INFO     | utils | Logging to logs\e3.log
2026-09-16 10:13:42 | INFO     | __main__ | ══════════════════════════════════════════════════════════════
2026-09-16 10:13:42 | INFO     | __main__ |   CoRD-Net — E2 + Dual-Intensity Stem
2026-09-16 10:13:42 | INFO     | __main__ |   Experiment  : E3
2026-09-16 10:13:42 | INFO     | __main__ |   Device      : cuda
2026-09-16 10:13:42 | INFO     | __main__ |   Epochs      : 60
2026-09-16 10:13:42 | INFO     | __main__ |   Batch size  : 16
2026-09-16 10:13:42 | INFO     | __main__ |   Loss type   : weighted_ce
2026-09-16 10:13:42 | INFO     | __main__ |   Sampler     : none
2026-09-16 10:13:42 | INFO     | __main__ |   SWA         : False
2026-09-16 10:13:42 | INFO     | __main__ |   Data root   : .\Dataset
2026-09-16 10:13:42 | INFO     | __main__ |   Pretrained  : True
2026-09-16 10:13:42 | INFO     | __main__ |   Grad ckpt   : False
2026-09-16 10:13:42 | INFO     | __main__ |   Grad accum  : 1
2026-09-16 10:13:42 | INFO     | __main__ |   Results dir : results
2026-09-16 10:13:42 | INFO     | __main__ | ══════════════════════════════════════════════════════════════
2026-09-16 10:13:42 | INFO     | dataset | Split mode: pre-split directories (train/ val/ test/)
2026-09-16 10:13:42 | INFO     | dataset | Pre-split layout detected: train=5778  val=826  test=1656
2026-09-16 10:13:42 | INFO     | dataset | Dataset ready — train: 5778  val: 826
2026-09-16 10:13:42 | INFO     | dataset | Split mode: pre-split directories (train/ val/ test/)
2026-09-16 10:13:42 | INFO     | dataset | Pre-split layout detected: train=5778  val=826  test=1656
2026-09-16 10:13:43 | INFO     | utils | ┌─ E3 active modules ──────────────────────────────────┐
2026-09-16 10:13:43 | INFO     | utils | │  ✓  STN (Auto-Localization)                        │
2026-09-16 10:13:43 | INFO     | utils | │  ✓  Dual-Intensity Stem                            │
2026-09-16 10:13:43 | INFO     | utils | │  ✗  Compartment Branches                           │
2026-09-16 10:13:43 | INFO     | utils | │  ✗  Soft ROI Mask (DRP Block)                      │
2026-09-16 10:13:43 | INFO     | utils | │  ✗  Prototype-Guided Refinement (PGR)              │
2026-09-16 10:13:43 | INFO     | utils | │  ✗  Relational Token Coupling (RTC)                │
2026-09-16 10:13:43 | INFO     | utils | │  ✗  Auxiliary Heads                                │
2026-09-16 10:13:43 | INFO     | utils | └────────────────────────────────────────────────────┘
2026-09-16 10:13:43 | INFO     | utils | ┌─ E3 parameter summary ──────────────────────────────┐
2026-09-16 10:13:43 | INFO     | utils | │  Total parameters    : 30,939,997                  │
2026-09-16 10:13:43 | INFO     | utils | │  Trainable parameters: 30,939,997                  │
2026-09-16 10:13:43 | INFO     | utils | └────────────────────────────────────────────────────┘
2026-09-16 10:13:43 | INFO     | trainer | Training E3 | epochs 1→60 | device=cuda
2026-09-16 10:14:51 | INFO     | utils | Checkpoint saved → checkpoints\e3_best.pt
2026-09-16 10:14:51 | INFO     | trainer | epoch=1/60 | time=54.2s | lr=2.00e-06 | train/kl=1.6422 | train/main=1.6422 | train/total=1.6422 | train/fgbf_grad_norm=0.0000 | train/backbone_grad_norm=3.9487 | train/compartment_grad_norm=0.0000 | train/head_grad_norm=0.8859 | train/accuracy=0.4115 | val/kl=1.5453 | val/main=1.5453 | val/total=1.5453 | val/accuracy=0.5061 | val/kappa=0.5600 | val/mae=0.7651 | val/macro_f1=0.3411 | val/kl0_f1=0.6659 | val/kl1_recall=0.0000 | val/kl1_f1=0.0000 | val/kl2_recall=0.4104 | val/kl2_f1=0.4508 | val/low_grade_min_recall=0.0000 | val/low_grade_min_f1=0.0000 | val/low_grade_worst_class=1.0000 | val/score=0.2717
2026-09-16 10:15:50 | INFO     | utils | Checkpoint saved → checkpoints\e3_best.pt
2026-09-16 10:15:50 | INFO     | trainer | epoch=2/60 | time=46.4s | lr=5.60e-06 | train/kl=1.4685 | train/main=1.4685 | train/total=1.4685 | train/fgbf_grad_norm=0.0000 | train/backbone_grad_norm=12.3769 | train/compartment_grad_norm=0.0000 | train/head_grad_norm=1.2203 | train/accuracy=0.5017 | val/kl=1.4091 | val/main=1.4091 | val/total=1.4091 | val/accuracy=0.5763 | val/kappa=0.6657 | val/mae=0.6102 | val/macro_f1=0.4885 | val/kl0_f1=0.6917 | val/kl1_recall=0.0000 | val/kl1_f1=0.0000 | val/kl2_recall=0.4670 | val/kl2_f1=0.5116 | val/low_grade_min_recall=0.0000 | val/low_grade_min_f1=0.0000 | val/low_grade_worst_class=1.0000 | val/score=0.3489
2026-09-16 10:16:49 | INFO     | utils | Checkpoint saved → checkpoints\e3_best.pt
2026-09-16 10:16:49 | INFO     | trainer | epoch=3/60 | time=46.5s | lr=9.20e-06 | train/kl=1.3414 | train/main=1.3414 | train/total=1.3414 | train/fgbf_grad_norm=0.0000 | train/backbone_grad_norm=18.1515 | train/compartment_grad_norm=0.0000 | train/head_grad_norm=1.3872 | train/accuracy=0.5680 | val/kl=1.3587 | val/main=1.3587 | val/total=1.3587 | val/accuracy=0.5714 | val/kappa=0.6926 | val/mae=0.5956 | val/macro_f1=0.5357 | val/kl0_f1=0.7000 | val/kl1_recall=0.0523 | val/kl1_f1=0.0748 | val/kl2_recall=0.2736 | val/kl2_f1=0.3919 | val/low_grade_min_recall=0.0523 | val/low_grade_min_f1=0.0748 | val/low_grade_worst_class=1.0000 | val/score=0.3543
2026-09-16 10:17:48 | INFO     | utils | Checkpoint saved → checkpoints\e3_best.pt
2026-09-16 10:17:48 | INFO     | trainer | epoch=4/60 | time=46.3s | lr=1.28e-05 | train/kl=1.2915 | train/main=1.2915 | train/total=1.2915 | train/fgbf_grad_norm=0.0000 | train/backbone_grad_norm=20.5096 | train/compartment_grad_norm=0.0000 | train/head_grad_norm=1.2166 | train/accuracy=0.5954 | val/kl=1.3404 | val/main=1.3404 | val/total=1.3404 | val/accuracy=0.5896 | val/kappa=0.7289 | val/mae=0.5424 | val/macro_f1=0.5978 | val/kl0_f1=0.7061 | val/kl1_recall=0.2288 | val/kl1_f1=0.2593 | val/kl2_recall=0.4434 | val/kl2_f1=0.5081 | val/low_grade_min_recall=0.2288 | val/low_grade_min_f1=0.2593 | val/low_grade_worst_class=1.0000 | val/score=0.4693
2026-09-16 10:18:47 | INFO     | trainer | epoch=5/60 | time=46.4s | lr=1.64e-05 | train/kl=1.2640 | train/main=1.2640 | train/total=1.2640 | train/fgbf_grad_norm=0.0000 | train/backbone_grad_norm=19.3724 | train/compartment_grad_norm=0.0000 | train/head_grad_norm=1.1027 | train/accuracy=0.6068 | val/kl=1.3169 | val/main=1.3169 | val/total=1.3169 | val/accuracy=0.6005 | val/kappa=0.7406 | val/mae=0.5303 | val/macro_f1=0.5635 | val/kl0_f1=0.7387 | val/kl1_recall=0.1830 | val/kl1_f1=0.2286 | val/kl2_recall=0.4670 | val/kl2_f1=0.5380 | val/low_grade_min_recall=0.1830 | val/low_grade_min_f1=0.2286 | val/low_grade_worst_class=1.0000 | val/score=0.4554
2026-09-16 10:19:46 | INFO     | trainer | epoch=6/60 | time=46.9s | lr=2.00e-05 | train/kl=1.2498 | train/main=1.2498 | train/total=1.2498 | train/fgbf_grad_norm=0.0000 | train/backbone_grad_norm=18.1169 | train/compartment_grad_norm=0.0000 | train/head_grad_norm=0.9750 | train/accuracy=0.6177 | val/kl=1.3803 | val/main=1.3803 | val/total=1.3803 | val/accuracy=0.5872 | val/kappa=0.5720 | val/mae=0.6550 | val/macro_f1=0.5239 | val/kl0_f1=0.6968 | val/kl1_recall=0.1046 | val/kl1_f1=0.1693 | val/kl2_recall=0.4434 | val/kl2_f1=0.5311 | val/low_grade_min_recall=0.1046 | val/low_grade_min_f1=0.1693 | val/low_grade_worst_class=1.0000 | val/score=0.4197
2026-09-16 10:20:44 | INFO     | trainer | epoch=7/60 | time=45.9s | lr=1.99e-05 | train/kl=1.4918 | train/main=1.4918 | train/total=1.4918 | train/fgbf_grad_norm=0.0000 | train/backbone_grad_norm=15.5080 | train/compartment_grad_norm=0.0000 | train/head_grad_norm=0.9575 | train/accuracy=0.4822 | val/kl=1.5236 | val/main=1.5236 | val/total=1.5236 | val/accuracy=0.4794 | val/kappa=0.3966 | val/mae=0.8947 | val/macro_f1=0.3700 | val/kl0_f1=0.6255 | val/kl1_recall=0.0000 | val/kl1_f1=0.0000 | val/kl2_recall=0.1840 | val/kl2_f1=0.2671 | val/low_grade_min_recall=0.0000 | val/low_grade_min_f1=0.0000 | val/low_grade_worst_class=1.0000 | val/score=0.2281
2026-09-16 10:21:43 | INFO     | trainer | epoch=8/60 | time=47.0s | lr=1.97e-05 | train/kl=1.7009 | train/main=1.7009 | train/total=1.7009 | train/fgbf_grad_norm=0.0000 | train/backbone_grad_norm=4.3202 | train/compartment_grad_norm=0.0000 | train/head_grad_norm=0.6956 | train/accuracy=0.3691 | val/kl=1.7064 | val/main=1.7064 | val/total=1.7064 | val/accuracy=0.3971 | val/kappa=0.0000 | val/mae=1.2143 | val/macro_f1=0.1137 | val/kl0_f1=0.5685 | val/kl1_recall=0.0000 | val/kl1_f1=0.0000 | val/kl2_recall=0.0000 | val/kl2_f1=0.0000 | val/low_grade_min_recall=0.0000 | val/low_grade_min_f1=0.0000 | val/low_grade_worst_class=1.0000 | val/score=0.0455
2026-09-16 10:22:42 | INFO     | trainer | epoch=9/60 | time=46.8s | lr=1.93e-05 | train/kl=1.6708 | train/main=1.6708 | train/total=1.6708 | train/fgbf_grad_norm=0.0000 | train/backbone_grad_norm=4.2316 | train/compartment_grad_norm=0.0000 | train/head_grad_norm=0.4555 | train/accuracy=0.3949 | val/kl=1.6172 | val/main=1.6172 | val/total=1.6172 | val/accuracy=0.4189 | val/kappa=0.1166 | val/mae=1.1271 | val/macro_f1=0.2459 | val/kl0_f1=0.5756 | val/kl1_recall=0.0065 | val/kl1_f1=0.0129 | val/kl2_recall=0.0613 | val/kl2_f1=0.1066 | val/low_grade_min_recall=0.0065 | val/low_grade_min_f1=0.0129 | val/low_grade_worst_class=1.0000 | val/score=0.1342
2026-09-16 10:23:42 | INFO     | trainer | epoch=10/60 | time=46.9s | lr=1.88e-05 | train/kl=1.6402 | train/main=1.6402 | train/total=1.6402 | train/fgbf_grad_norm=0.0000 | train/backbone_grad_norm=5.4295 | train/compartment_grad_norm=0.0000 | train/head_grad_norm=0.4707 | train/accuracy=0.4249 | val/kl=1.5406 | val/main=1.5406 | val/total=1.5406 | val/accuracy=0.4564 | val/kappa=0.3018 | val/mae=0.9831 | val/macro_f1=0.3654 | val/kl0_f1=0.6050 | val/kl1_recall=0.0261 | val/kl1_f1=0.0455 | val/kl2_recall=0.1321 | val/kl2_f1=0.2051 | val/low_grade_min_recall=0.0261 | val/low_grade_min_f1=0.0455 | val/low_grade_worst_class=1.0000 | val/score=0.2214
2026-09-16 10:23:42 | INFO     | utils | Checkpoint saved → checkpoints\e3_epoch0010.pt
2026-09-16 10:24:41 | INFO     | trainer | epoch=11/60 | time=46.9s | lr=1.81e-05 | train/kl=1.5508 | train/main=1.5508 | train/total=1.5508 | train/fgbf_grad_norm=0.0000 | train/backbone_grad_norm=9.2334 | train/compartment_grad_norm=0.0000 | train/head_grad_norm=0.5641 | train/accuracy=0.4720 | val/kl=1.5551 | val/main=1.5551 | val/total=1.5551 | val/accuracy=0.4492 | val/kappa=0.2590 | val/mae=1.0194 | val/macro_f1=0.3170 | val/kl0_f1=0.6006 | val/kl1_recall=0.0000 | val/kl1_f1=0.0000 | val/kl2_recall=0.0943 | val/kl2_f1=0.1556 | val/low_grade_min_recall=0.0000 | val/low_grade_min_f1=0.0000 | val/low_grade_worst_class=1.0000 | val/score=0.1735
2026-09-16 10:25:40 | INFO     | trainer | epoch=12/60 | time=46.8s | lr=1.73e-05 | train/kl=1.5625 | train/main=1.5625 | train/total=1.5625 | train/fgbf_grad_norm=0.0000 | train/backbone_grad_norm=8.4993 | train/compartment_grad_norm=0.0000 | train/head_grad_norm=0.5435 | train/accuracy=0.4624 | val/kl=1.5597 | val/main=1.5597 | val/total=1.5597 | val/accuracy=0.4455 | val/kappa=0.2380 | val/mae=1.0133 | val/macro_f1=0.3228 | val/kl0_f1=0.5940 | val/kl1_recall=0.0327 | val/kl1_f1=0.0562 | val/kl2_recall=0.1415 | val/kl2_f1=0.2143 | val/low_grade_min_recall=0.0327 | val/low_grade_min_f1=0.0562 | val/low_grade_worst_class=1.0000 | val/score=0.2103
2026-09-16 10:26:39 | INFO     | trainer | epoch=13/60 | time=46.7s | lr=1.64e-05 | train/kl=1.4997 | train/main=1.4997 | train/total=1.4997 | train/fgbf_grad_norm=0.0000 | train/backbone_grad_norm=9.3129 | train/compartment_grad_norm=0.0000 | train/head_grad_norm=0.5842 | train/accuracy=0.4929 | val/kl=1.4701 | val/main=1.4701 | val/total=1.4701 | val/accuracy=0.5024 | val/kappa=0.4268 | val/mae=0.8475 | val/macro_f1=0.4294 | val/kl0_f1=0.6408 | val/kl1_recall=0.0719 | val/kl1_f1=0.1196 | val/kl2_recall=0.2170 | val/kl2_f1=0.3077 | val/low_grade_min_recall=0.0719 | val/low_grade_min_f1=0.1196 | val/low_grade_worst_class=1.0000 | val/score=0.2999
2026-09-16 10:27:38 | INFO     | trainer | epoch=14/60 | time=47.0s | lr=1.54e-05 | train/kl=1.4694 | train/main=1.4694 | train/total=1.4694 | train/fgbf_grad_norm=0.0000 | train/backbone_grad_norm=10.9017 | train/compartment_grad_norm=0.0000 | train/head_grad_norm=0.5817 | train/accuracy=0.5062 | val/kl=1.5411 | val/main=1.5411 | val/total=1.5411 | val/accuracy=0.4552 | val/kappa=0.2468 | val/mae=1.0109 | val/macro_f1=0.3625 | val/kl0_f1=0.5934 | val/kl1_recall=0.0654 | val/kl1_f1=0.1149 | val/kl2_recall=0.1321 | val/kl2_f1=0.2029 | val/low_grade_min_recall=0.0654 | val/low_grade_min_f1=0.1149 | val/low_grade_worst_class=1.0000 | val/score=0.2403
2026-09-16 10:28:37 | INFO     | trainer | epoch=15/60 | time=46.9s | lr=1.43e-05 | train/kl=1.4784 | train/main=1.4784 | train/total=1.4784 | train/fgbf_grad_norm=0.0000 | train/backbone_grad_norm=10.7941 | train/compartment_grad_norm=0.0000 | train/head_grad_norm=0.5421 | train/accuracy=0.4971 | val/kl=1.5067 | val/main=1.5067 | val/total=1.5067 | val/accuracy=0.4673 | val/kappa=0.4284 | val/mae=0.8450 | val/macro_f1=0.4355 | val/kl0_f1=0.6005 | val/kl1_recall=0.0719 | val/kl1_f1=0.1106 | val/kl2_recall=0.4481 | val/kl2_f1=0.3926 | val/low_grade_min_recall=0.0719 | val/low_grade_min_f1=0.1106 | val/low_grade_worst_class=1.0000 | val/score=0.3251
2026-09-16 10:29:37 | INFO     | trainer | epoch=16/60 | time=47.1s | lr=1.31e-05 | train/kl=1.4454 | train/main=1.4454 | train/total=1.4454 | train/fgbf_grad_norm=0.0000 | train/backbone_grad_norm=14.1207 | train/compartment_grad_norm=0.0000 | train/head_grad_norm=0.6197 | train/accuracy=0.5107 | val/kl=1.4628 | val/main=1.4628 | val/total=1.4628 | val/accuracy=0.5097 | val/kappa=0.5275 | val/mae=0.7591 | val/macro_f1=0.4591 | val/kl0_f1=0.6452 | val/kl1_recall=0.1111 | val/kl1_f1=0.1667 | val/kl2_recall=0.4292 | val/kl2_f1=0.4303 | val/low_grade_min_recall=0.1111 | val/low_grade_min_f1=0.1667 | val/low_grade_worst_class=1.0000 | val/score=0.3627
2026-09-16 10:30:35 | INFO     | trainer | epoch=17/60 | time=46.1s | lr=1.19e-05 | train/kl=1.4012 | train/main=1.4012 | train/total=1.4012 | train/fgbf_grad_norm=0.0000 | train/backbone_grad_norm=15.2718 | train/compartment_grad_norm=0.0000 | train/head_grad_norm=0.6657 | train/accuracy=0.5364 | val/kl=1.4409 | val/main=1.4409 | val/total=1.4409 | val/accuracy=0.5073 | val/kappa=0.5623 | val/mae=0.7373 | val/macro_f1=0.4541 | val/kl0_f1=0.6539 | val/kl1_recall=0.0980 | val/kl1_f1=0.1395 | val/kl2_recall=0.3868 | val/kl2_f1=0.4260 | val/low_grade_min_recall=0.0980 | val/low_grade_min_f1=0.1395 | val/low_grade_worst_class=1.0000 | val/score=0.3513
2026-09-16 10:31:34 | INFO     | trainer | epoch=18/60 | time=46.9s | lr=1.06e-05 | train/kl=1.4053 | train/main=1.4053 | train/total=1.4053 | train/fgbf_grad_norm=0.0000 | train/backbone_grad_norm=15.0061 | train/compartment_grad_norm=0.0000 | train/head_grad_norm=0.6441 | train/accuracy=0.5433 | val/kl=1.4606 | val/main=1.4606 | val/total=1.4606 | val/accuracy=0.4952 | val/kappa=0.4919 | val/mae=0.8002 | val/macro_f1=0.4284 | val/kl0_f1=0.6378 | val/kl1_recall=0.0654 | val/kl1_f1=0.1058 | val/kl2_recall=0.2830 | val/kl2_f1=0.3478 | val/low_grade_min_recall=0.0654 | val/low_grade_min_f1=0.1058 | val/low_grade_worst_class=1.0000 | val/score=0.3075
2026-09-16 10:32:34 | INFO     | trainer | epoch=19/60 | time=47.0s | lr=9.37e-06 | train/kl=1.4002 | train/main=1.4002 | train/total=1.4002 | train/fgbf_grad_norm=0.0000 | train/backbone_grad_norm=15.7457 | train/compartment_grad_norm=0.0000 | train/head_grad_norm=0.6445 | train/accuracy=0.5410 | val/kl=1.4676 | val/main=1.4676 | val/total=1.4676 | val/accuracy=0.4770 | val/kappa=0.5377 | val/mae=0.7639 | val/macro_f1=0.4603 | val/kl0_f1=0.6327 | val/kl1_recall=0.1503 | val/kl1_f1=0.1769 | val/kl2_recall=0.3538 | val/kl2_f1=0.3817 | val/low_grade_min_recall=0.1503 | val/low_grade_min_f1=0.1769 | val/low_grade_worst_class=1.0000 | val/score=0.3517
2026-09-16 10:33:32 | INFO     | trainer | epoch=20/60 | time=46.6s | lr=8.13e-06 | train/kl=1.3952 | train/main=1.3952 | train/total=1.3952 | train/fgbf_grad_norm=0.0000 | train/backbone_grad_norm=16.0846 | train/compartment_grad_norm=0.0000 | train/head_grad_norm=0.6548 | train/accuracy=0.5403 | val/kl=1.4292 | val/main=1.4292 | val/total=1.4292 | val/accuracy=0.5363 | val/kappa=0.5949 | val/mae=0.6889 | val/macro_f1=0.4815 | val/kl0_f1=0.6724 | val/kl1_recall=0.0915 | val/kl1_f1=0.1346 | val/kl2_recall=0.4198 | val/kl2_f1=0.4709 | val/low_grade_min_recall=0.0915 | val/low_grade_min_f1=0.1346 | val/low_grade_worst_class=1.0000 | val/score=0.3743
2026-09-16 10:33:33 | INFO     | utils | Checkpoint saved → checkpoints\e3_epoch0020.pt
2026-09-16 10:34:32 | INFO     | trainer | epoch=21/60 | time=46.9s | lr=6.91e-06 | train/kl=1.3469 | train/main=1.3469 | train/total=1.3469 | train/fgbf_grad_norm=0.0000 | train/backbone_grad_norm=17.6431 | train/compartment_grad_norm=0.0000 | train/head_grad_norm=0.6829 | train/accuracy=0.5724 | val/kl=1.4046 | val/main=1.4046 | val/total=1.4046 | val/accuracy=0.5412 | val/kappa=0.6390 | val/mae=0.6441 | val/macro_f1=0.5171 | val/kl0_f1=0.6703 | val/kl1_recall=0.1503 | val/kl1_f1=0.1878 | val/kl2_recall=0.4340 | val/kl2_f1=0.4742 | val/low_grade_min_recall=0.1503 | val/low_grade_min_f1=0.1878 | val/low_grade_worst_class=1.0000 | val/score=0.4054
2026-09-16 10:35:30 | INFO     | trainer | epoch=22/60 | time=45.9s | lr=5.74e-06 | train/kl=1.3332 | train/main=1.3332 | train/total=1.3332 | train/fgbf_grad_norm=0.0000 | train/backbone_grad_norm=18.6586 | train/compartment_grad_norm=0.0000 | train/head_grad_norm=0.7148 | train/accuracy=0.5686 | val/kl=1.4041 | val/main=1.4041 | val/total=1.4041 | val/accuracy=0.5400 | val/kappa=0.6139 | val/mae=0.6707 | val/macro_f1=0.4937 | val/kl0_f1=0.6714 | val/kl1_recall=0.0850 | val/kl1_f1=0.1244 | val/kl2_recall=0.3962 | val/kl2_f1=0.4468 | val/low_grade_min_recall=0.0850 | val/low_grade_min_f1=0.1244 | val/low_grade_worst_class=1.0000 | val/score=0.3689
2026-09-16 10:36:29 | INFO     | trainer | epoch=23/60 | time=46.8s | lr=4.64e-06 | train/kl=1.3138 | train/main=1.3138 | train/total=1.3138 | train/fgbf_grad_norm=0.0000 | train/backbone_grad_norm=18.4119 | train/compartment_grad_norm=0.0000 | train/head_grad_norm=0.6965 | train/accuracy=0.5720 | val/kl=1.3902 | val/main=1.3902 | val/total=1.3902 | val/accuracy=0.5400 | val/kappa=0.6232 | val/mae=0.6622 | val/macro_f1=0.4818 | val/kl0_f1=0.6854 | val/kl1_recall=0.0523 | val/kl1_f1=0.0788 | val/kl2_recall=0.4151 | val/kl2_f1=0.4501 | val/low_grade_min_recall=0.0523 | val/low_grade_min_f1=0.0788 | val/low_grade_worst_class=1.0000 | val/score=0.3514
2026-09-16 10:37:28 | INFO     | trainer | epoch=24/60 | time=46.8s | lr=3.63e-06 | train/kl=1.2995 | train/main=1.2995 | train/total=1.2995 | train/fgbf_grad_norm=0.0000 | train/backbone_grad_norm=18.8522 | train/compartment_grad_norm=0.0000 | train/head_grad_norm=0.7021 | train/accuracy=0.5824 | val/kl=1.3836 | val/main=1.3836 | val/total=1.3836 | val/accuracy=0.5436 | val/kappa=0.6666 | val/mae=0.6259 | val/macro_f1=0.4902 | val/kl0_f1=0.6897 | val/kl1_recall=0.0980 | val/kl1_f1=0.1299 | val/kl2_recall=0.4434 | val/kl2_f1=0.4883 | val/low_grade_min_recall=0.0980 | val/low_grade_min_f1=0.1299 | val/low_grade_worst_class=1.0000 | val/score=0.3815
2026-09-16 10:38:27 | INFO     | trainer | epoch=25/60 | time=46.8s | lr=2.71e-06 | train/kl=1.3017 | train/main=1.3017 | train/total=1.3017 | train/fgbf_grad_norm=0.0000 | train/backbone_grad_norm=19.0339 | train/compartment_grad_norm=0.0000 | train/head_grad_norm=0.7010 | train/accuracy=0.5900 | val/kl=1.3645 | val/main=1.3645 | val/total=1.3645 | val/accuracy=0.5605 | val/kappa=0.6826 | val/mae=0.5920 | val/macro_f1=0.5320 | val/kl0_f1=0.6776 | val/kl1_recall=0.1111 | val/kl1_f1=0.1478 | val/kl2_recall=0.5519 | val/kl2_f1=0.5429 | val/low_grade_min_recall=0.1111 | val/low_grade_min_f1=0.1478 | val/low_grade_worst_class=1.0000 | val/score=0.4200
2026-09-16 10:39:26 | INFO     | trainer | epoch=26/60 | time=46.8s | lr=1.91e-06 | train/kl=1.2928 | train/main=1.2928 | train/total=1.2928 | train/fgbf_grad_norm=0.0000 | train/backbone_grad_norm=19.0743 | train/compartment_grad_norm=0.0000 | train/head_grad_norm=0.7110 | train/accuracy=0.5871 | val/kl=1.3704 | val/main=1.3704 | val/total=1.3704 | val/accuracy=0.5508 | val/kappa=0.6650 | val/mae=0.6053 | val/macro_f1=0.5275 | val/kl0_f1=0.6864 | val/kl1_recall=0.1830 | val/kl1_f1=0.2097 | val/kl2_recall=0.4575 | val/kl2_f1=0.4899 | val/low_grade_min_recall=0.1830 | val/low_grade_min_f1=0.2097 | val/low_grade_worst_class=1.0000 | val/score=0.4209
2026-09-16 10:40:26 | INFO     | trainer | epoch=27/60 | time=47.0s | lr=1.24e-06 | train/kl=1.2785 | train/main=1.2785 | train/total=1.2785 | train/fgbf_grad_norm=0.0000 | train/backbone_grad_norm=19.2514 | train/compartment_grad_norm=0.0000 | train/head_grad_norm=0.7115 | train/accuracy=0.5997 | val/kl=1.3675 | val/main=1.3675 | val/total=1.3675 | val/accuracy=0.5545 | val/kappa=0.6644 | val/mae=0.6138 | val/macro_f1=0.5321 | val/kl0_f1=0.6904 | val/kl1_recall=0.1765 | val/kl1_f1=0.2169 | val/kl2_recall=0.4717 | val/kl2_f1=0.4843 | val/low_grade_min_recall=0.1765 | val/low_grade_min_f1=0.2169 | val/low_grade_worst_class=1.0000 | val/score=0.4232
2026-09-16 10:41:25 | INFO     | trainer | epoch=28/60 | time=46.9s | lr=7.02e-07 | train/kl=1.2814 | train/main=1.2814 | train/total=1.2814 | train/fgbf_grad_norm=0.0000 | train/backbone_grad_norm=19.5034 | train/compartment_grad_norm=0.0000 | train/head_grad_norm=0.7020 | train/accuracy=0.5950 | val/kl=1.3772 | val/main=1.3772 | val/total=1.3772 | val/accuracy=0.5557 | val/kappa=0.6758 | val/mae=0.6005 | val/macro_f1=0.5235 | val/kl0_f1=0.6930 | val/kl1_recall=0.1569 | val/kl1_f1=0.1912 | val/kl2_recall=0.4528 | val/kl2_f1=0.4936 | val/low_grade_min_recall=0.1569 | val/low_grade_min_f1=0.1912 | val/low_grade_worst_class=1.0000 | val/score=0.4149
2026-09-16 10:42:24 | INFO     | trainer | epoch=29/60 | time=46.9s | lr=3.14e-07 | train/kl=1.2803 | train/main=1.2803 | train/total=1.2803 | train/fgbf_grad_norm=0.0000 | train/backbone_grad_norm=19.4053 | train/compartment_grad_norm=0.0000 | train/head_grad_norm=0.6873 | train/accuracy=0.5954 | val/kl=1.3706 | val/main=1.3706 | val/total=1.3706 | val/accuracy=0.5593 | val/kappa=0.6902 | val/mae=0.5811 | val/macro_f1=0.5345 | val/kl0_f1=0.6964 | val/kl1_recall=0.1569 | val/kl1_f1=0.1860 | val/kl2_recall=0.4670 | val/kl2_f1=0.5051 | val/low_grade_min_recall=0.1569 | val/low_grade_min_f1=0.1860 | val/low_grade_worst_class=1.0000 | val/score=0.4211
2026-09-16 10:42:24 | INFO     | trainer | Early stopping triggered at epoch 29 (no composite score improvement for 15 epochs; min_epochs=15).
2026-09-16 10:42:24 | INFO     | utils | Checkpoint saved → checkpoints\e3_final.pt
2026-09-16 10:42:24 | INFO     | trainer | Restoring best model checkpoint (best_score=0.4693, val_qwk=0.7289) from checkpoints\e3_best.pt for evaluation...
2026-09-16 10:42:24 | INFO     | utils | Checkpoint loaded ← checkpoints\e3_best.pt  (experiment=e3  epoch=4)
2026-09-16 10:42:24 | INFO     | trainer | Training complete. Generating reports …
2026-09-16 10:42:25 | INFO     | reporting | Results directory: results\e3
2026-09-16 10:42:25 | INFO     | trainer | Collecting val logits …
2026-09-16 10:42:37 | INFO     | trainer | Collecting train logits …
2026-09-16 10:42:59 | INFO     | trainer | Collecting test logits …
2026-09-16 10:43:14 | INFO     | reporting | Generating reports for experiment 'e3' …
2026-09-16 10:43:14 | INFO     | reporting | Saved results\e3\val_confusion_matrix.png
2026-09-16 10:43:14 | INFO     | reporting | Saved results\e3\val_confusion_matrix.csv
2026-09-16 10:43:15 | INFO     | reporting | Saved results\e3\test_confusion_matrix.png
2026-09-16 10:43:15 | INFO     | reporting | Saved results\e3\test_confusion_matrix.csv
2026-09-16 10:43:15 | INFO     | reporting | Saved results\e3\classification_report_val.txt
2026-09-16 10:43:15 | INFO     | reporting | Saved results\e3\classification_report_test.txt
2026-09-16 10:43:15 | INFO     | reporting | Saved results\e3\predictions.csv
2026-09-16 10:43:15 | INFO     | reporting | Saved results\e3\metrics.json
2026-09-16 10:43:15 | INFO     | reporting | Saved results\e3\metrics.csv
2026-09-16 10:43:15 | INFO     | reporting | Saved results\e3\plots\loss_curve.png
2026-09-16 10:43:15 | INFO     | reporting | Saved results\e3\plots\accuracy_curve.png
2026-09-16 10:43:15 | INFO     | reporting | Saved results\e3\plots\loss_vs_accuracy.png
2026-09-16 10:43:15 | INFO     | reporting | Saved results\e3\plots\f1_curve.png
2026-09-16 10:43:15 | INFO     | reporting | Saved results\e3\plots\qwk_curve.png
2026-09-16 10:43:16 | INFO     | reporting | Saved results\e3\plots\mae_curve.png
2026-09-16 10:43:16 | INFO     | reporting | Saved results\e3\plots\learning_rate_curve.png
2026-09-16 10:43:16 | INFO     | reporting | ====================================================
2026-09-16 10:43:16 | INFO     | reporting |   FINAL RESULTS
2026-09-16 10:43:16 | INFO     | reporting | ====================================================
2026-09-16 10:43:16 | INFO     | reporting | TRAIN
2026-09-16 10:43:16 | INFO     | reporting |   Overall Accuracy   : 0.6342
2026-09-16 10:43:16 | INFO     | reporting |   Macro Precision    : 0.5941
2026-09-16 10:43:16 | INFO     | reporting |   Macro Recall       : 0.6596
2026-09-16 10:43:16 | INFO     | reporting |   Macro F1           : 0.6129
2026-09-16 10:43:16 | INFO     | reporting |   Weighted Precision : 0.6063
2026-09-16 10:43:16 | INFO     | reporting |   Weighted Recall    : 0.6342
2026-09-16 10:43:16 | INFO     | reporting |   Weighted F1        : 0.6103
2026-09-16 10:43:16 | INFO     | reporting |   MAE                : 0.4673
2026-09-16 10:43:16 | INFO     | reporting |   QWK                : 0.7804
2026-09-16 10:43:16 | INFO     | reporting |   KL0 Recall         : 0.8206
2026-09-16 10:43:16 | INFO     | reporting |   KL1 Recall         : 0.1866
2026-09-16 10:43:16 | INFO     | reporting |   KL1 F1             : 0.2436
2026-09-16 10:43:16 | INFO     | reporting |   KL2 Recall         : 0.5386
2026-09-16 10:43:16 | INFO     | reporting |   Boundary Error Counts:
2026-09-16 10:43:16 | INFO     | reporting |     KL1 -> KL0       : 544
2026-09-16 10:43:16 | INFO     | reporting |     KL1 -> KL2       : 231
2026-09-16 10:43:16 | INFO     | reporting |     KL0 -> KL1       : 206
2026-09-16 10:43:16 | INFO     | reporting |     KL2 -> KL1       : 148
2026-09-16 10:43:16 | INFO     | reporting |   ------------------------------------------------
2026-09-16 10:43:16 | INFO     | reporting | VALIDATION
2026-09-16 10:43:16 | INFO     | reporting |   Overall Accuracy   : 0.5896
2026-09-16 10:43:16 | INFO     | reporting |   Macro Precision    : 0.5800
2026-09-16 10:43:16 | INFO     | reporting |   Macro Recall       : 0.6350
2026-09-16 10:43:16 | INFO     | reporting |   Macro F1           : 0.5978
2026-09-16 10:43:16 | INFO     | reporting |   Weighted Precision : 0.5730
2026-09-16 10:43:16 | INFO     | reporting |   Weighted Recall    : 0.5896
2026-09-16 10:43:16 | INFO     | reporting |   Weighted F1        : 0.5736
2026-09-16 10:43:16 | INFO     | reporting |   MAE                : 0.5424
2026-09-16 10:43:16 | INFO     | reporting |   QWK                : 0.7289
2026-09-16 10:43:16 | INFO     | reporting |   KL0 Recall         : 0.7470
2026-09-16 10:43:16 | INFO     | reporting |   KL1 Recall         : 0.2288
2026-09-16 10:43:16 | INFO     | reporting |   KL1 F1             : 0.2593
2026-09-16 10:43:16 | INFO     | reporting |   KL2 Recall         : 0.4434
2026-09-16 10:43:16 | INFO     | reporting |   Boundary Error Counts:
2026-09-16 10:43:16 | INFO     | reporting |     KL1 -> KL0       : 78
2026-09-16 10:43:16 | INFO     | reporting |     KL1 -> KL2       : 30
2026-09-16 10:43:16 | INFO     | reporting |     KL0 -> KL1       : 44
2026-09-16 10:43:16 | INFO     | reporting |     KL2 -> KL1       : 35
2026-09-16 10:43:16 | INFO     | reporting |   ------------------------------------------------
2026-09-16 10:43:16 | INFO     | reporting | TEST
2026-09-16 10:43:16 | INFO     | reporting |   Overall Accuracy   : 0.6389
2026-09-16 10:43:16 | INFO     | reporting |   Macro Precision    : 0.6105
2026-09-16 10:43:16 | INFO     | reporting |   Macro Recall       : 0.6696
2026-09-16 10:43:16 | INFO     | reporting |   Macro F1           : 0.6232
2026-09-16 10:43:16 | INFO     | reporting |   Weighted Precision : 0.6260
2026-09-16 10:43:16 | INFO     | reporting |   Weighted Recall    : 0.6389
2026-09-16 10:43:16 | INFO     | reporting |   Weighted F1        : 0.6172
2026-09-16 10:43:16 | INFO     | reporting |   MAE                : 0.4547
2026-09-16 10:43:16 | INFO     | reporting |   QWK                : 0.7925
2026-09-16 10:43:16 | INFO     | reporting |   KL0 Recall         : 0.8529
2026-09-16 10:43:16 | INFO     | reporting |   KL1 Recall         : 0.2568
2026-09-16 10:43:16 | INFO     | reporting |   KL1 F1             : 0.3016
2026-09-16 10:43:16 | INFO     | reporting |   KL2 Recall         : 0.4452
2026-09-16 10:43:16 | INFO     | reporting |   Boundary Error Counts:
2026-09-16 10:43:16 | INFO     | reporting |     KL1 -> KL0       : 144
2026-09-16 10:43:16 | INFO     | reporting |     KL1 -> KL2       : 53
2026-09-16 10:43:16 | INFO     | reporting |     KL0 -> KL1       : 60
2026-09-16 10:43:16 | INFO     | reporting |     KL2 -> KL1       : 69
2026-09-16 10:43:16 | INFO     | reporting | ====================================================
2026-09-16 10:43:16 | INFO     | reporting | Ablation summary updated → results\ablation_summary.csv
