2026-10-08 19:25:23 | INFO     | utils | Logging to logs/e7.log
2026-10-08 19:25:23 | INFO     | __main__ | CoRD-Net Ablation Suite | device=auto | batch=4 | steps=3
2026-10-08 19:25:23 | INFO     | __main__ | 
2026-10-08 19:25:23 | INFO     | __main__ | ==============================================================
2026-10-08 19:25:23 | INFO     | __main__ |   E7 — E6 + Relational Token Coupling
2026-10-08 19:25:23 | INFO     | __main__ | ==============================================================
2026-10-08 19:25:24 | INFO     | utils | ┌─ E7 active modules ──────────────────────────────────┐
2026-10-08 19:25:24 | INFO     | utils | │  ✓  STN (Auto-Localization)                        │
2026-10-08 19:25:24 | INFO     | utils | │  ✗  Dual-Intensity Stem                            │
2026-10-08 19:25:24 | INFO     | utils | │  ✓  Compartment Branches                           │
2026-10-08 19:25:24 | INFO     | utils | │  ✓  Soft ROI Mask (DRP Block)                      │
2026-10-08 19:25:24 | INFO     | utils | │  ✓  Prototype-Guided Refinement (PGR)              │
2026-10-08 19:25:24 | INFO     | utils | │  ✓  Relational Token Coupling (RTC)                │
2026-10-08 19:25:24 | INFO     | utils | │  ✗  Auxiliary Heads                                │
2026-10-08 19:25:24 | INFO     | utils | └────────────────────────────────────────────────────┘
2026-10-08 19:25:24 | INFO     | utils | ┌─ E7 parameter summary ──────────────────────────────┐
2026-10-08 19:25:24 | INFO     | utils | │  Total parameters    : 34,808,583                  │
2026-10-08 19:25:24 | INFO     | utils | │  Trainable parameters: 34,808,583                  │
2026-10-08 19:25:24 | INFO     | utils | └────────────────────────────────────────────────────┘
2026-10-08 19:25:26 | INFO     | trainer |   step 1/3  kl=1.7146 | main=1.7146 | total=2.3536 | proto=0.4828 | fgbf=1.0406 | fgbf_loss=1.0406 | weighted_fgbf=0.1561 | weighted_fgbf_loss=0.1561
2026-10-08 19:25:26 | INFO     | trainer |   step 2/3  kl=1.6783 | main=1.6783 | total=4.5499 | proto=2.7044 | fgbf=1.1148 | fgbf_loss=1.1148 | weighted_fgbf=0.1672 | weighted_fgbf_loss=0.1672
2026-10-08 19:25:26 | INFO     | trainer |   step 3/3  kl=1.8161 | main=1.8161 | total=4.7887 | proto=2.8130 | fgbf=1.0636 | fgbf_loss=1.0636 | weighted_fgbf=0.1595 | weighted_fgbf_loss=0.1595
2026-10-08 19:25:26 | INFO     | __main__ |   E7 PASS ✓  final total=4.7887
2026-10-08 19:25:26 | INFO     | __main__ | 
2026-10-08 19:25:26 | INFO     | __main__ | ==============================================================
2026-10-08 19:25:26 | INFO     | __main__ |   Done — 1 experiment(s) passed ✓
2026-10-08 19:25:26 | INFO     | __main__ | ==============================================================
2026-10-08 21:25:38 | INFO     | utils | Logging to logs/e7.log
2026-10-08 21:25:38 | INFO     | __main__ | ══════════════════════════════════════════════════════════════
2026-10-08 21:25:38 | INFO     | __main__ |   CoRD-Net — E6 + Relational Token Coupling
2026-10-08 21:25:38 | INFO     | __main__ |   Experiment  : E7
2026-10-08 21:25:38 | INFO     | __main__ |   Device      : cuda
2026-10-08 21:25:38 | INFO     | __main__ |   Epochs      : 60
2026-10-08 21:25:38 | INFO     | __main__ |   Batch size  : 8
2026-10-08 21:25:38 | INFO     | __main__ |   Loss type   : weighted_ce
2026-10-08 21:25:38 | INFO     | __main__ |   Sampler     : none
2026-10-08 21:25:38 | INFO     | __main__ |   SWA         : False
2026-10-08 21:25:38 | INFO     | __main__ |   Data root   : ./Dataset
2026-10-08 21:25:38 | INFO     | __main__ |   Pretrained  : True
2026-10-08 21:25:38 | INFO     | __main__ |   Grad ckpt   : True
2026-10-08 21:25:38 | INFO     | __main__ |   Grad accum  : 1
2026-10-08 21:25:38 | INFO     | __main__ |   Results dir : results
2026-10-08 21:25:38 | INFO     | __main__ | ══════════════════════════════════════════════════════════════
2026-10-08 21:25:38 | INFO     | dataset | Split mode: pre-split directories (train/ val/ test/)
2026-10-08 21:25:38 | INFO     | dataset | Pre-split layout detected: train=5778  val=826  test=1656
2026-10-08 21:25:38 | INFO     | dataset | Dataset ready — train: 5778  val: 826
2026-10-08 21:25:38 | INFO     | dataset | Split mode: pre-split directories (train/ val/ test/)
2026-10-08 21:25:39 | INFO     | dataset | Pre-split layout detected: train=5778  val=826  test=1656
2026-10-08 21:25:39 | INFO     | utils | ┌─ E7 active modules ──────────────────────────────────┐
2026-10-08 21:25:39 | INFO     | utils | │  ✓  STN (Auto-Localization)                        │
2026-10-08 21:25:39 | INFO     | utils | │  ✗  Dual-Intensity Stem                            │
2026-10-08 21:25:39 | INFO     | utils | │  ✓  Compartment Branches                           │
2026-10-08 21:25:39 | INFO     | utils | │  ✓  Soft ROI Mask (DRP Block)                      │
2026-10-08 21:25:39 | INFO     | utils | │  ✓  Prototype-Guided Refinement (PGR)              │
2026-10-08 21:25:39 | INFO     | utils | │  ✓  Relational Token Coupling (RTC)                │
2026-10-08 21:25:39 | INFO     | utils | │  ✗  Auxiliary Heads                                │
2026-10-08 21:25:39 | INFO     | utils | └────────────────────────────────────────────────────┘
2026-10-08 21:25:39 | INFO     | utils | ┌─ E7 parameter summary ──────────────────────────────┐
2026-10-08 21:25:39 | INFO     | utils | │  Total parameters    : 34,808,583                  │
2026-10-08 21:25:39 | INFO     | utils | │  Trainable parameters: 34,808,583                  │
2026-10-08 21:25:39 | INFO     | utils | └────────────────────────────────────────────────────┘
2026-10-08 21:25:39 | INFO     | trainer | Training E7 | epochs 1→60 | device=cuda
2026-10-08 21:26:12 | INFO     | utils | Logging to logs/e7.log
2026-10-08 21:26:12 | INFO     | __main__ | ══════════════════════════════════════════════════════════════
2026-10-08 21:26:12 | INFO     | __main__ |   CoRD-Net — E6 + Relational Token Coupling
2026-10-08 21:26:12 | INFO     | __main__ |   Experiment  : E7
2026-10-08 21:26:12 | INFO     | __main__ |   Device      : cuda
2026-10-08 21:26:12 | INFO     | __main__ |   Epochs      : 60
2026-10-08 21:26:12 | INFO     | __main__ |   Batch size  : 8
2026-10-08 21:26:12 | INFO     | __main__ |   Loss type   : weighted_ce
2026-10-08 21:26:12 | INFO     | __main__ |   Sampler     : none
2026-10-08 21:26:12 | INFO     | __main__ |   SWA         : False
2026-10-08 21:26:12 | INFO     | __main__ |   Data root   : ./Dataset
2026-10-08 21:26:12 | INFO     | __main__ |   Pretrained  : True
2026-10-08 21:26:12 | INFO     | __main__ |   Grad ckpt   : True
2026-10-08 21:26:12 | INFO     | __main__ |   Grad accum  : 1
2026-10-08 21:26:12 | INFO     | __main__ |   Results dir : results
2026-10-08 21:26:12 | INFO     | __main__ | ══════════════════════════════════════════════════════════════
2026-10-08 21:26:12 | INFO     | dataset | Split mode: pre-split directories (train/ val/ test/)
2026-10-08 21:26:12 | INFO     | dataset | Pre-split layout detected: train=5778  val=826  test=1656
2026-10-08 21:26:12 | INFO     | dataset | Dataset ready — train: 5778  val: 826
2026-10-08 21:26:12 | INFO     | dataset | Split mode: pre-split directories (train/ val/ test/)
2026-10-08 21:26:12 | INFO     | dataset | Pre-split layout detected: train=5778  val=826  test=1656
2026-10-08 21:26:13 | INFO     | utils | ┌─ E7 active modules ──────────────────────────────────┐
2026-10-08 21:26:13 | INFO     | utils | │  ✓  STN (Auto-Localization)                        │
2026-10-08 21:26:13 | INFO     | utils | │  ✗  Dual-Intensity Stem                            │
2026-10-08 21:26:13 | INFO     | utils | │  ✓  Compartment Branches                           │
2026-10-08 21:26:13 | INFO     | utils | │  ✓  Soft ROI Mask (DRP Block)                      │
2026-10-08 21:26:13 | INFO     | utils | │  ✓  Prototype-Guided Refinement (PGR)              │
2026-10-08 21:26:13 | INFO     | utils | │  ✓  Relational Token Coupling (RTC)                │
2026-10-08 21:26:13 | INFO     | utils | │  ✗  Auxiliary Heads                                │
2026-10-08 21:26:13 | INFO     | utils | └────────────────────────────────────────────────────┘
2026-10-08 21:26:13 | INFO     | utils | ┌─ E7 parameter summary ──────────────────────────────┐
2026-10-08 21:26:13 | INFO     | utils | │  Total parameters    : 34,808,583                  │
2026-10-08 21:26:13 | INFO     | utils | │  Trainable parameters: 34,808,583                  │
2026-10-08 21:26:13 | INFO     | utils | └────────────────────────────────────────────────────┘
2026-10-08 21:26:13 | INFO     | trainer | Training E7 | epochs 1→60 | device=cuda
2026-10-08 21:36:01 | INFO     | utils | Logging to logs/e7.log
2026-10-08 21:36:01 | INFO     | __main__ | ══════════════════════════════════════════════════════════════
2026-10-08 21:36:01 | INFO     | __main__ |   CoRD-Net — E6 + Relational Token Coupling
2026-10-08 21:36:01 | INFO     | __main__ |   Experiment  : E7
2026-10-08 21:36:01 | INFO     | __main__ |   Device      : cuda
2026-10-08 21:36:01 | INFO     | __main__ |   Epochs      : 60
2026-10-08 21:36:01 | INFO     | __main__ |   Batch size  : 8
2026-10-08 21:36:01 | INFO     | __main__ |   Loss type   : weighted_ce
2026-10-08 21:36:01 | INFO     | __main__ |   Sampler     : none
2026-10-08 21:36:01 | INFO     | __main__ |   SWA         : False
2026-10-08 21:36:01 | INFO     | __main__ |   Data root   : ./Dataset
2026-10-08 21:36:01 | INFO     | __main__ |   Pretrained  : True
2026-10-08 21:36:01 | INFO     | __main__ |   Grad ckpt   : True
2026-10-08 21:36:01 | INFO     | __main__ |   Grad accum  : 1
2026-10-08 21:36:01 | INFO     | __main__ |   Results dir : results
2026-10-08 21:36:01 | INFO     | __main__ | ══════════════════════════════════════════════════════════════
2026-10-08 21:36:01 | INFO     | dataset | Split mode: pre-split directories (train/ val/ test/)
2026-10-08 21:36:01 | INFO     | dataset | Pre-split layout detected: train=5778  val=826  test=1656
2026-10-08 21:36:01 | INFO     | dataset | Dataset ready — train: 5778  val: 826
2026-10-08 21:36:01 | INFO     | dataset | Split mode: pre-split directories (train/ val/ test/)
2026-10-08 21:36:01 | INFO     | dataset | Pre-split layout detected: train=5778  val=826  test=1656
2026-10-08 21:36:01 | INFO     | utils | ┌─ E7 active modules ──────────────────────────────────┐
2026-10-08 21:36:01 | INFO     | utils | │  ✓  STN (Auto-Localization)                        │
2026-10-08 21:36:01 | INFO     | utils | │  ✗  Dual-Intensity Stem                            │
2026-10-08 21:36:01 | INFO     | utils | │  ✓  Compartment Branches                           │
2026-10-08 21:36:01 | INFO     | utils | │  ✓  Soft ROI Mask (DRP Block)                      │
2026-10-08 21:36:01 | INFO     | utils | │  ✓  Prototype-Guided Refinement (PGR)              │
2026-10-08 21:36:01 | INFO     | utils | │  ✓  Relational Token Coupling (RTC)                │
2026-10-08 21:36:01 | INFO     | utils | │  ✗  Auxiliary Heads                                │
2026-10-08 21:36:01 | INFO     | utils | └────────────────────────────────────────────────────┘
2026-10-08 21:36:01 | INFO     | utils | ┌─ E7 parameter summary ──────────────────────────────┐
2026-10-08 21:36:01 | INFO     | utils | │  Total parameters    : 34,808,583                  │
2026-10-08 21:36:01 | INFO     | utils | │  Trainable parameters: 34,808,583                  │
2026-10-08 21:36:01 | INFO     | utils | └────────────────────────────────────────────────────┘
2026-10-08 21:36:01 | INFO     | trainer | Training E7 | epochs 1→60 | device=cuda
2026-10-08 21:38:12 | INFO     | utils | Checkpoint saved → checkpoints/e7_best.pt
2026-10-08 21:38:12 | INFO     | trainer | epoch=1/60 | time=121.4s | lr=2.00e-06 | train/kl=1.5247 | train/main=1.5247 | train/total=2.0821 | train/proto=0.3967 | train/fgbf=1.0714 | train/fgbf_loss=1.0714 | train/weighted_fgbf=0.1607 | train/weighted_fgbf_loss=0.1607 | train/fgbf_grad_norm=1.4240 | train/backbone_grad_norm=20.7506 | train/compartment_grad_norm=5.0757 | train/head_grad_norm=5.1342 | train/accuracy=0.4687 | val/kl=1.4247 | val/main=1.4247 | val/total=1.9218 | val/proto=0.3670 | val/fgbf=0.8667 | val/fgbf_loss=0.8667 | val/weighted_fgbf=0.1300 | val/weighted_fgbf_loss=0.1300 | val/accuracy=0.5412 | val/kappa=0.6457 | val/mae=0.6816 | val/macro_f1=0.4517 | val/kl0_f1=0.6775 | val/kl1_recall=0.0392 | val/kl1_f1=0.0710 | val/kl2_recall=0.3255 | val/kl2_f1=0.4119 | val/low_grade_min_recall=0.0392 | val/low_grade_min_f1=0.0710 | val/low_grade_worst_class=1.0000 | val/fgbf_low_grade_accuracy=0.5108 | val/fgbf_kl0_precision=0.4962 | val/fgbf_kl0_recall=0.9848 | val/fgbf_kl0_f1=0.6599 | val/fgbf_kl1_precision=0.0000 | val/fgbf_kl1_recall=0.0000 | val/fgbf_kl1_f1=0.0000 | val/fgbf_kl2_precision=0.7381 | val/fgbf_kl2_recall=0.1462 | val/fgbf_kl2_f1=0.2441 | val/fgbf_boundary_KL1_to_KL0=147.0000 | val/fgbf_boundary_KL1_to_KL2=6.0000 | val/score=0.3255
2026-10-08 21:40:16 | INFO     | utils | Checkpoint saved → checkpoints/e7_best.pt
2026-10-08 21:40:16 | INFO     | trainer | epoch=2/60 | time=116.2s | lr=5.60e-06 | train/kl=1.3531 | train/main=1.3531 | train/total=1.8209 | train/proto=0.3213 | train/fgbf=0.9773 | train/fgbf_loss=0.9773 | train/weighted_fgbf=0.1466 | train/weighted_fgbf_loss=0.1466 | train/fgbf_grad_norm=1.6068 | train/backbone_grad_norm=34.5272 | train/compartment_grad_norm=7.5772 | train/head_grad_norm=4.5088 | train/accuracy=0.5608 | val/kl=1.3571 | val/main=1.3571 | val/total=1.7781 | val/proto=0.3091 | val/fgbf=0.7459 | val/fgbf_loss=0.7459 | val/weighted_fgbf=0.1119 | val/weighted_fgbf_loss=0.1119 | val/accuracy=0.6029 | val/kappa=0.7130 | val/mae=0.5642 | val/macro_f1=0.5557 | val/kl0_f1=0.7069 | val/kl1_recall=0.0196 | val/kl1_f1=0.0351 | val/kl2_recall=0.3538 | val/kl2_f1=0.4762 | val/low_grade_min_recall=0.0196 | val/low_grade_min_f1=0.0351 | val/low_grade_worst_class=1.0000 | val/fgbf_low_grade_accuracy=0.6061 | val/fgbf_kl0_precision=0.5683 | val/fgbf_kl0_recall=0.9390 | val/fgbf_kl0_f1=0.7080 | val/fgbf_kl1_precision=0.0000 | val/fgbf_kl1_recall=0.0000 | val/fgbf_kl1_f1=0.0000 | val/fgbf_kl2_precision=0.7417 | val/fgbf_kl2_recall=0.5283 | val/fgbf_kl2_f1=0.6171 | val/fgbf_boundary_KL1_to_KL0=134.0000 | val/fgbf_boundary_KL1_to_KL2=19.0000 | val/score=0.3757
2026-10-08 21:42:20 | INFO     | utils | Checkpoint saved → checkpoints/e7_best.pt
2026-10-08 21:42:20 | INFO     | trainer | epoch=3/60 | time=115.5s | lr=9.20e-06 | train/kl=1.2720 | train/main=1.2720 | train/total=1.6821 | train/proto=0.2753 | train/fgbf=0.8991 | train/fgbf_loss=0.8991 | train/weighted_fgbf=0.1349 | train/weighted_fgbf_loss=0.1349 | train/fgbf_grad_norm=1.3701 | train/backbone_grad_norm=36.6134 | train/compartment_grad_norm=5.4521 | train/head_grad_norm=3.6336 | train/accuracy=0.6079 | val/kl=1.3588 | val/main=1.3588 | val/total=1.7527 | val/proto=0.2852 | val/fgbf=0.7246 | val/fgbf_loss=0.7246 | val/weighted_fgbf=0.1087 | val/weighted_fgbf_loss=0.1087 | val/accuracy=0.5884 | val/kappa=0.6655 | val/mae=0.6065 | val/macro_f1=0.5555 | val/kl0_f1=0.6858 | val/kl1_recall=0.0458 | val/kl1_f1=0.0800 | val/kl2_recall=0.6557 | val/kl2_f1=0.5560 | val/low_grade_min_recall=0.0458 | val/low_grade_min_f1=0.0800 | val/low_grade_worst_class=1.0000 | val/fgbf_low_grade_accuracy=0.6118 | val/fgbf_kl0_precision=0.6271 | val/fgbf_kl0_recall=0.8049 | val/fgbf_kl0_f1=0.7049 | val/fgbf_kl1_precision=0.3000 | val/fgbf_kl1_recall=0.0196 | val/fgbf_kl1_f1=0.0368 | val/fgbf_kl2_precision=0.5992 | val/fgbf_kl2_recall=0.7406 | val/fgbf_kl2_f1=0.6624 | val/fgbf_boundary_KL1_to_KL0=103.0000 | val/fgbf_boundary_KL1_to_KL2=47.0000 | val/score=0.4130
2026-10-08 21:44:24 | INFO     | utils | Checkpoint saved → checkpoints/e7_best.pt
2026-10-08 21:44:24 | INFO     | trainer | epoch=4/60 | time=116.2s | lr=1.28e-05 | train/kl=1.2478 | train/main=1.2478 | train/total=1.6435 | train/proto=0.2637 | train/fgbf=0.8799 | train/fgbf_loss=0.8799 | train/weighted_fgbf=0.1320 | train/weighted_fgbf_loss=0.1320 | train/fgbf_grad_norm=1.1422 | train/backbone_grad_norm=37.5813 | train/compartment_grad_norm=4.2560 | train/head_grad_norm=3.1680 | train/accuracy=0.6136 | val/kl=1.2528 | val/main=1.2528 | val/total=1.6129 | val/proto=0.2573 | val/fgbf=0.6852 | val/fgbf_loss=0.6852 | val/weighted_fgbf=0.1028 | val/weighted_fgbf_loss=0.1028 | val/accuracy=0.6525 | val/kappa=0.7823 | val/mae=0.4479 | val/macro_f1=0.6416 | val/kl0_f1=0.7519 | val/kl1_recall=0.1765 | val/kl1_f1=0.2379 | val/kl2_recall=0.5377 | val/kl2_f1=0.6064 | val/low_grade_min_recall=0.1765 | val/low_grade_min_f1=0.2379 | val/low_grade_worst_class=1.0000 | val/fgbf_low_grade_accuracy=0.6580 | val/fgbf_kl0_precision=0.6230 | val/fgbf_kl0_recall=0.9421 | val/fgbf_kl0_f1=0.7500 | val/fgbf_kl1_precision=0.5333 | val/fgbf_kl1_recall=0.0523 | val/fgbf_kl1_f1=0.0952 | val/fgbf_kl2_precision=0.7637 | val/fgbf_kl2_recall=0.6557 | val/fgbf_kl2_f1=0.7056 | val/fgbf_boundary_KL1_to_KL0=117.0000 | val/fgbf_boundary_KL1_to_KL2=28.0000 | val/score=0.5099
2026-10-08 21:46:28 | INFO     | trainer | epoch=5/60 | time=115.8s | lr=1.64e-05 | train/kl=1.2297 | train/main=1.2297 | train/total=1.6251 | train/proto=0.2636 | train/fgbf=0.8784 | train/fgbf_loss=0.8784 | train/weighted_fgbf=0.1318 | train/weighted_fgbf_loss=0.1318 | train/fgbf_grad_norm=0.9326 | train/backbone_grad_norm=35.1916 | train/compartment_grad_norm=3.5686 | train/head_grad_norm=2.6914 | train/accuracy=0.6302 | val/kl=1.2800 | val/main=1.2800 | val/total=1.6536 | val/proto=0.2711 | val/fgbf=0.6831 | val/fgbf_loss=0.6831 | val/weighted_fgbf=0.1025 | val/weighted_fgbf_loss=0.1025 | val/accuracy=0.6441 | val/kappa=0.7715 | val/mae=0.4649 | val/macro_f1=0.6347 | val/kl0_f1=0.7528 | val/kl1_recall=0.2157 | val/kl1_f1=0.2640 | val/kl2_recall=0.4340 | val/kl2_f1=0.5559 | val/low_grade_min_recall=0.2157 | val/low_grade_min_f1=0.2640 | val/low_grade_worst_class=1.0000 | val/fgbf_low_grade_accuracy=0.6436 | val/fgbf_kl0_precision=0.6317 | val/fgbf_kl0_recall=0.9360 | val/fgbf_kl0_f1=0.7543 | val/fgbf_kl1_precision=0.2857 | val/fgbf_kl1_recall=0.0654 | val/fgbf_kl1_f1=0.1064 | val/fgbf_kl2_precision=0.7500 | val/fgbf_kl2_recall=0.6085 | val/fgbf_kl2_f1=0.6719 | val/fgbf_boundary_KL1_to_KL0=115.0000 | val/fgbf_boundary_KL1_to_KL2=28.0000 | val/score=0.4999
2026-10-08 21:48:31 | INFO     | utils | Checkpoint saved → checkpoints/e7_best.pt
2026-10-08 21:48:31 | INFO     | trainer | epoch=6/60 | time=115.3s | lr=2.00e-05 | train/kl=1.2236 | train/main=1.2236 | train/total=1.6045 | train/proto=0.2540 | train/fgbf=0.8466 | train/fgbf_loss=0.8466 | train/weighted_fgbf=0.1270 | train/weighted_fgbf_loss=0.1270 | train/fgbf_grad_norm=0.7637 | train/backbone_grad_norm=33.2285 | train/compartment_grad_norm=2.8624 | train/head_grad_norm=2.3732 | train/accuracy=0.6382 | val/kl=1.2675 | val/main=1.2675 | val/total=1.6183 | val/proto=0.2491 | val/fgbf=0.6779 | val/fgbf_loss=0.6779 | val/weighted_fgbf=0.1017 | val/weighted_fgbf_loss=0.1017 | val/accuracy=0.6380 | val/kappa=0.7932 | val/mae=0.4358 | val/macro_f1=0.6633 | val/kl0_f1=0.7382 | val/kl1_recall=0.3725 | val/kl1_f1=0.3508 | val/kl2_recall=0.5189 | val/kl2_f1=0.5914 | val/low_grade_min_recall=0.3725 | val/low_grade_min_f1=0.3508 | val/low_grade_worst_class=1.0000 | val/fgbf_low_grade_accuracy=0.6465 | val/fgbf_kl0_precision=0.6575 | val/fgbf_kl0_recall=0.8780 | val/fgbf_kl0_f1=0.7520 | val/fgbf_kl1_precision=0.3590 | val/fgbf_kl1_recall=0.1830 | val/fgbf_kl1_f1=0.2424 | val/fgbf_kl2_precision=0.7458 | val/fgbf_kl2_recall=0.6226 | val/fgbf_kl2_f1=0.6787 | val/fgbf_boundary_KL1_to_KL0=96.0000 | val/fgbf_boundary_KL1_to_KL2=29.0000 | val/score=0.5480
2026-10-08 21:50:33 | INFO     | trainer | epoch=7/60 | time=114.6s | lr=1.99e-05 | train/kl=1.1954 | train/main=1.1954 | train/total=1.5718 | train/proto=0.2504 | train/fgbf=0.8401 | train/fgbf_loss=0.8401 | train/weighted_fgbf=0.1260 | train/weighted_fgbf_loss=0.1260 | train/fgbf_grad_norm=0.6497 | train/backbone_grad_norm=31.1638 | train/compartment_grad_norm=2.2130 | train/head_grad_norm=2.1795 | train/accuracy=0.6579 | val/kl=1.2818 | val/main=1.2818 | val/total=1.6294 | val/proto=0.2483 | val/fgbf=0.6624 | val/fgbf_loss=0.6624 | val/weighted_fgbf=0.0994 | val/weighted_fgbf_loss=0.0994 | val/accuracy=0.6174 | val/kappa=0.7867 | val/mae=0.4600 | val/macro_f1=0.6325 | val/kl0_f1=0.7303 | val/kl1_recall=0.3922 | val/kl1_f1=0.3670 | val/kl2_recall=0.5566 | val/kl2_f1=0.5871 | val/low_grade_min_recall=0.3922 | val/low_grade_min_f1=0.3670 | val/low_grade_worst_class=1.0000 | val/fgbf_low_grade_accuracy=0.6522 | val/fgbf_kl0_precision=0.7672 | val/fgbf_kl0_recall=0.7134 | val/fgbf_kl0_f1=0.7393 | val/fgbf_kl1_precision=0.3690 | val/fgbf_kl1_recall=0.4052 | val/fgbf_kl1_f1=0.3863 | val/fgbf_kl2_precision=0.7091 | val/fgbf_kl2_recall=0.7358 | val/fgbf_kl2_f1=0.7222 | val/fgbf_boundary_KL1_to_KL0=54.0000 | val/fgbf_boundary_KL1_to_KL2=37.0000 | val/score=0.5392
2026-10-08 21:52:34 | INFO     | trainer | epoch=8/60 | time=113.0s | lr=1.97e-05 | train/kl=1.2090 | train/main=1.2090 | train/total=1.5980 | train/proto=0.2597 | train/fgbf=0.8621 | train/fgbf_loss=0.8621 | train/weighted_fgbf=0.1293 | train/weighted_fgbf_loss=0.1293 | train/fgbf_grad_norm=0.5774 | train/backbone_grad_norm=33.6667 | train/compartment_grad_norm=2.1854 | train/head_grad_norm=2.1907 | train/accuracy=0.6437 | val/kl=1.2516 | val/main=1.2516 | val/total=1.6032 | val/proto=0.2513 | val/fgbf=0.6686 | val/fgbf_loss=0.6686 | val/weighted_fgbf=0.1003 | val/weighted_fgbf_loss=0.1003 | val/accuracy=0.6283 | val/kappa=0.7811 | val/mae=0.4467 | val/macro_f1=0.6493 | val/kl0_f1=0.7485 | val/kl1_recall=0.4379 | val/kl1_f1=0.3743 | val/kl2_recall=0.4858 | val/kl2_f1=0.5706 | val/low_grade_min_recall=0.4379 | val/low_grade_min_f1=0.3743 | val/low_grade_worst_class=1.0000 | val/fgbf_low_grade_accuracy=0.6479 | val/fgbf_kl0_precision=0.7067 | val/fgbf_kl0_recall=0.8079 | val/fgbf_kl0_f1=0.7539 | val/fgbf_kl1_precision=0.3704 | val/fgbf_kl1_recall=0.3268 | val/fgbf_kl1_f1=0.3472 | val/fgbf_kl2_precision=0.7322 | val/fgbf_kl2_recall=0.6321 | val/fgbf_kl2_f1=0.6785 | val/fgbf_boundary_KL1_to_KL0=71.0000 | val/fgbf_boundary_KL1_to_KL2=32.0000 | val/score=0.5432
2026-10-08 21:54:33 | INFO     | trainer | epoch=9/60 | time=111.3s | lr=1.93e-05 | train/kl=1.1754 | train/main=1.1754 | train/total=1.5410 | train/proto=0.2431 | train/fgbf=0.8171 | train/fgbf_loss=0.8171 | train/weighted_fgbf=0.1226 | train/weighted_fgbf_loss=0.1226 | train/fgbf_grad_norm=0.5308 | train/backbone_grad_norm=29.9524 | train/compartment_grad_norm=1.7115 | train/head_grad_norm=2.2633 | train/accuracy=0.6631 | val/kl=1.2365 | val/main=1.2365 | val/total=1.5771 | val/proto=0.2413 | val/fgbf=0.6623 | val/fgbf_loss=0.6623 | val/weighted_fgbf=0.0993 | val/weighted_fgbf_loss=0.0993 | val/accuracy=0.6695 | val/kappa=0.7941 | val/mae=0.4237 | val/macro_f1=0.6593 | val/kl0_f1=0.7694 | val/kl1_recall=0.2353 | val/kl1_f1=0.3025 | val/kl2_recall=0.6321 | val/kl2_f1=0.6336 | val/low_grade_min_recall=0.2353 | val/low_grade_min_f1=0.3025 | val/low_grade_worst_class=1.0000 | val/fgbf_low_grade_accuracy=0.6667 | val/fgbf_kl0_precision=0.6874 | val/fgbf_kl0_recall=0.8780 | val/fgbf_kl0_f1=0.7711 | val/fgbf_kl1_precision=0.4179 | val/fgbf_kl1_recall=0.1830 | val/fgbf_kl1_f1=0.2545 | val/fgbf_kl2_precision=0.7053 | val/fgbf_kl2_recall=0.6887 | val/fgbf_kl2_f1=0.6969 | val/fgbf_boundary_KL1_to_KL0=83.0000 | val/fgbf_boundary_KL1_to_KL2=42.0000 | val/score=0.5446
2026-10-08 21:56:32 | INFO     | utils | Checkpoint saved → checkpoints/e7_best.pt
2026-10-08 21:56:32 | INFO     | trainer | epoch=10/60 | time=111.6s | lr=1.88e-05 | train/kl=1.1885 | train/main=1.1885 | train/total=1.5539 | train/proto=0.2437 | train/fgbf=0.8119 | train/fgbf_loss=0.8119 | train/weighted_fgbf=0.1218 | train/weighted_fgbf_loss=0.1218 | train/fgbf_grad_norm=0.5055 | train/backbone_grad_norm=29.4182 | train/compartment_grad_norm=1.5127 | train/head_grad_norm=2.4109 | train/accuracy=0.6506 | val/kl=1.3074 | val/main=1.3074 | val/total=1.6824 | val/proto=0.2635 | val/fgbf=0.7438 | val/fgbf_loss=0.7438 | val/weighted_fgbf=0.1116 | val/weighted_fgbf_loss=0.1116 | val/accuracy=0.5896 | val/kappa=0.7575 | val/mae=0.4843 | val/macro_f1=0.6389 | val/kl0_f1=0.6112 | val/kl1_recall=0.3791 | val/kl1_f1=0.3169 | val/kl2_recall=0.7877 | val/kl2_f1=0.6627 | val/low_grade_min_recall=0.3791 | val/low_grade_min_f1=0.3169 | val/low_grade_worst_class=1.0000 | val/fgbf_low_grade_accuracy=0.5887 | val/fgbf_kl0_precision=0.8224 | val/fgbf_kl0_recall=0.5366 | val/fgbf_kl0_f1=0.6494 | val/fgbf_kl1_precision=0.3000 | val/fgbf_kl1_recall=0.3529 | val/fgbf_kl1_f1=0.3243 | val/fgbf_kl2_precision=0.5953 | val/fgbf_kl2_recall=0.8396 | val/fgbf_kl2_f1=0.6967 | val/fgbf_boundary_KL1_to_KL0=30.0000 | val/fgbf_boundary_KL1_to_KL2=69.0000 | val/score=0.5495
2026-10-08 21:56:32 | INFO     | utils | Checkpoint saved → checkpoints/e7_epoch0010.pt
2026-10-08 21:58:32 | INFO     | trainer | epoch=11/60 | time=111.6s | lr=1.81e-05 | train/kl=1.1682 | train/main=1.1682 | train/total=1.5367 | train/proto=0.2449 | train/fgbf=0.8245 | train/fgbf_loss=0.8245 | train/weighted_fgbf=0.1237 | train/weighted_fgbf_loss=0.1237 | train/fgbf_grad_norm=0.4761 | train/backbone_grad_norm=31.7635 | train/compartment_grad_norm=1.4989 | train/head_grad_norm=2.4969 | train/accuracy=0.6574 | val/kl=1.2841 | val/main=1.2841 | val/total=1.6550 | val/proto=0.2648 | val/fgbf=0.7067 | val/fgbf_loss=0.7067 | val/weighted_fgbf=0.1060 | val/weighted_fgbf_loss=0.1060 | val/accuracy=0.6283 | val/kappa=0.7643 | val/mae=0.4685 | val/macro_f1=0.6212 | val/kl0_f1=0.7574 | val/kl1_recall=0.2941 | val/kl1_f1=0.3103 | val/kl2_recall=0.4387 | val/kl2_f1=0.5376 | val/low_grade_min_recall=0.2941 | val/low_grade_min_f1=0.3103 | val/low_grade_worst_class=1.0000 | val/fgbf_low_grade_accuracy=0.6104 | val/fgbf_kl0_precision=0.6426 | val/fgbf_kl0_recall=0.9207 | val/fgbf_kl0_f1=0.7569 | val/fgbf_kl1_precision=0.2975 | val/fgbf_kl1_recall=0.2353 | val/fgbf_kl1_f1=0.2628 | val/fgbf_kl2_precision=0.8333 | val/fgbf_kl2_recall=0.4009 | val/fgbf_kl2_f1=0.5414 | val/fgbf_boundary_KL1_to_KL0=107.0000 | val/fgbf_boundary_KL1_to_KL2=10.0000 | val/score=0.5028
2026-10-08 22:00:30 | INFO     | trainer | epoch=12/60 | time=111.3s | lr=1.73e-05 | train/kl=1.2060 | train/main=1.2060 | train/total=1.5916 | train/proto=0.2590 | train/fgbf=0.8437 | train/fgbf_loss=0.8437 | train/weighted_fgbf=0.1265 | train/weighted_fgbf_loss=0.1265 | train/fgbf_grad_norm=0.4529 | train/backbone_grad_norm=32.2993 | train/compartment_grad_norm=1.5548 | train/head_grad_norm=2.4988 | train/accuracy=0.6447 | val/kl=1.2487 | val/main=1.2487 | val/total=1.6031 | val/proto=0.2527 | val/fgbf=0.6781 | val/fgbf_loss=0.6781 | val/weighted_fgbf=0.1017 | val/weighted_fgbf_loss=0.1017 | val/accuracy=0.6344 | val/kappa=0.7436 | val/mae=0.4903 | val/macro_f1=0.6198 | val/kl0_f1=0.7353 | val/kl1_recall=0.1569 | val/kl1_f1=0.2143 | val/kl2_recall=0.5755 | val/kl2_f1=0.5908 | val/low_grade_min_recall=0.1569 | val/low_grade_min_f1=0.2143 | val/low_grade_worst_class=1.0000 | val/fgbf_low_grade_accuracy=0.6364 | val/fgbf_kl0_precision=0.6564 | val/fgbf_kl0_recall=0.8445 | val/fgbf_kl0_f1=0.7387 | val/fgbf_kl1_precision=0.3947 | val/fgbf_kl1_recall=0.1961 | val/fgbf_kl1_f1=0.2620 | val/fgbf_kl2_precision=0.6872 | val/fgbf_kl2_recall=0.6321 | val/fgbf_kl2_f1=0.6585 | val/fgbf_boundary_KL1_to_KL0=89.0000 | val/fgbf_boundary_KL1_to_KL2=34.0000 | val/score=0.4894
2026-10-08 22:02:29 | INFO     | trainer | epoch=13/60 | time=111.0s | lr=1.64e-05 | train/kl=1.2369 | train/main=1.2369 | train/total=1.6307 | train/proto=0.2647 | train/fgbf=0.8607 | train/fgbf_loss=0.8607 | train/weighted_fgbf=0.1291 | train/weighted_fgbf_loss=0.1291 | train/fgbf_grad_norm=0.4653 | train/backbone_grad_norm=32.9001 | train/compartment_grad_norm=1.4286 | train/head_grad_norm=2.5813 | train/accuracy=0.6238 | val/kl=1.2710 | val/main=1.2710 | val/total=1.6351 | val/proto=0.2610 | val/fgbf=0.6876 | val/fgbf_loss=0.6876 | val/weighted_fgbf=0.1031 | val/weighted_fgbf_loss=0.1031 | val/accuracy=0.6271 | val/kappa=0.7450 | val/mae=0.4806 | val/macro_f1=0.6170 | val/kl0_f1=0.7465 | val/kl1_recall=0.2157 | val/kl1_f1=0.2762 | val/kl2_recall=0.6840 | val/kl2_f1=0.6054 | val/low_grade_min_recall=0.2157 | val/low_grade_min_f1=0.2762 | val/low_grade_worst_class=1.0000 | val/fgbf_low_grade_accuracy=0.6176 | val/fgbf_kl0_precision=0.6856 | val/fgbf_kl0_recall=0.7713 | val/fgbf_kl0_f1=0.7260 | val/fgbf_kl1_precision=0.3520 | val/fgbf_kl1_recall=0.2876 | val/fgbf_kl1_f1=0.3165 | val/fgbf_kl2_precision=0.6583 | val/fgbf_kl2_recall=0.6179 | val/fgbf_kl2_f1=0.6375 | val/fgbf_boundary_KL1_to_KL0=71.0000 | val/fgbf_boundary_KL1_to_KL2=38.0000 | val/score=0.5113
2026-10-08 22:04:27 | INFO     | trainer | epoch=14/60 | time=110.9s | lr=1.54e-05 | train/kl=1.2861 | train/main=1.2861 | train/total=1.6998 | train/proto=0.2822 | train/fgbf=0.8767 | train/fgbf_loss=0.8767 | train/weighted_fgbf=0.1315 | train/weighted_fgbf_loss=0.1315 | train/fgbf_grad_norm=0.4063 | train/backbone_grad_norm=30.5471 | train/compartment_grad_norm=1.3392 | train/head_grad_norm=2.7594 | train/accuracy=0.5975 | val/kl=1.3776 | val/main=1.3776 | val/total=1.7897 | val/proto=0.3047 | val/fgbf=0.7164 | val/fgbf_loss=0.7164 | val/weighted_fgbf=0.1075 | val/weighted_fgbf_loss=0.1075 | val/accuracy=0.5775 | val/kappa=0.5453 | val/mae=0.6416 | val/macro_f1=0.5356 | val/kl0_f1=0.6770 | val/kl1_recall=0.3203 | val/kl1_f1=0.3322 | val/kl2_recall=0.4858 | val/kl2_f1=0.5583 | val/low_grade_min_recall=0.3203 | val/low_grade_min_f1=0.3322 | val/low_grade_worst_class=1.0000 | val/fgbf_low_grade_accuracy=0.6061 | val/fgbf_kl0_precision=0.6332 | val/fgbf_kl0_recall=0.8262 | val/fgbf_kl0_f1=0.7169 | val/fgbf_kl1_precision=0.3462 | val/fgbf_kl1_recall=0.2941 | val/fgbf_kl1_f1=0.3180 | val/fgbf_kl2_precision=0.7704 | val/fgbf_kl2_recall=0.4906 | val/fgbf_kl2_f1=0.5994 | val/fgbf_boundary_KL1_to_KL0=91.0000 | val/fgbf_boundary_KL1_to_KL2=17.0000 | val/score=0.4814
2026-10-08 22:06:26 | INFO     | trainer | epoch=15/60 | time=111.0s | lr=1.43e-05 | train/kl=1.4051 | train/main=1.4051 | train/total=1.8596 | train/proto=0.3161 | train/fgbf=0.9222 | train/fgbf_loss=0.9222 | train/weighted_fgbf=0.1383 | train/weighted_fgbf_loss=0.1383 | train/fgbf_grad_norm=0.3709 | train/backbone_grad_norm=22.1154 | train/compartment_grad_norm=0.9730 | train/head_grad_norm=2.9946 | train/accuracy=0.5242 | val/kl=1.4371 | val/main=1.4371 | val/total=1.8813 | val/proto=0.3313 | val/fgbf=0.7531 | val/fgbf_loss=0.7531 | val/weighted_fgbf=0.1130 | val/weighted_fgbf_loss=0.1130 | val/accuracy=0.5654 | val/kappa=0.4624 | val/mae=0.7506 | val/macro_f1=0.4817 | val/kl0_f1=0.6695 | val/kl1_recall=0.0915 | val/kl1_f1=0.1573 | val/kl2_recall=0.3868 | val/kl2_f1=0.4955 | val/low_grade_min_recall=0.0915 | val/low_grade_min_f1=0.1573 | val/low_grade_worst_class=1.0000 | val/fgbf_low_grade_accuracy=0.5945 | val/fgbf_kl0_precision=0.5647 | val/fgbf_kl0_recall=0.9451 | val/fgbf_kl0_f1=0.7070 | val/fgbf_kl1_precision=0.4500 | val/fgbf_kl1_recall=0.1176 | val/fgbf_kl1_f1=0.1865 | val/fgbf_kl2_precision=0.8077 | val/fgbf_kl2_recall=0.3962 | val/fgbf_kl2_f1=0.5316 | val/fgbf_boundary_KL1_to_KL0=126.0000 | val/fgbf_boundary_KL1_to_KL2=9.0000 | val/score=0.3885
2026-10-08 22:08:25 | INFO     | utils | Checkpoint saved → checkpoints/e7_best.pt
2026-10-08 22:08:25 | INFO     | trainer | epoch=16/60 | time=111.0s | lr=1.31e-05 | train/kl=1.2855 | train/main=1.2855 | train/total=1.6922 | train/proto=0.2781 | train/fgbf=0.8571 | train/fgbf_loss=0.8571 | train/weighted_fgbf=0.1286 | train/weighted_fgbf_loss=0.1286 | train/fgbf_grad_norm=0.3502 | train/backbone_grad_norm=25.9006 | train/compartment_grad_norm=0.8322 | train/head_grad_norm=2.9341 | train/accuracy=0.6016 | val/kl=1.2627 | val/main=1.2627 | val/total=1.6114 | val/proto=0.2482 | val/fgbf=0.6696 | val/fgbf_loss=0.6696 | val/weighted_fgbf=0.1004 | val/weighted_fgbf_loss=0.1004 | val/accuracy=0.6622 | val/kappa=0.8041 | val/mae=0.4165 | val/macro_f1=0.6463 | val/kl0_f1=0.7712 | val/kl1_recall=0.3137 | val/kl1_f1=0.3542 | val/kl2_recall=0.6179 | val/kl2_f1=0.6375 | val/low_grade_min_recall=0.3137 | val/low_grade_min_f1=0.3542 | val/low_grade_worst_class=1.0000 | val/fgbf_low_grade_accuracy=0.6667 | val/fgbf_kl0_precision=0.7083 | val/fgbf_kl0_recall=0.8293 | val/fgbf_kl0_f1=0.7640 | val/fgbf_kl1_precision=0.4340 | val/fgbf_kl1_recall=0.3007 | val/fgbf_kl1_f1=0.3552 | val/fgbf_kl2_precision=0.7094 | val/fgbf_kl2_recall=0.6792 | val/fgbf_kl2_f1=0.6940 | val/fgbf_boundary_KL1_to_KL0=75.0000 | val/fgbf_boundary_KL1_to_KL2=32.0000 | val/score=0.5560
2026-10-08 22:10:23 | INFO     | trainer | epoch=17/60 | time=110.7s | lr=1.19e-05 | train/kl=1.1706 | train/main=1.1706 | train/total=1.5303 | train/proto=0.2400 | train/fgbf=0.7976 | train/fgbf_loss=0.7976 | train/weighted_fgbf=0.1196 | train/weighted_fgbf_loss=0.1196 | train/fgbf_grad_norm=0.3706 | train/backbone_grad_norm=32.4911 | train/compartment_grad_norm=0.9437 | train/head_grad_norm=3.2270 | train/accuracy=0.6640 | val/kl=1.3385 | val/main=1.3385 | val/total=1.7271 | val/proto=0.2793 | val/fgbf=0.7284 | val/fgbf_loss=0.7284 | val/weighted_fgbf=0.1093 | val/weighted_fgbf_loss=0.1093 | val/accuracy=0.5956 | val/kappa=0.6897 | val/mae=0.5484 | val/macro_f1=0.5847 | val/kl0_f1=0.7114 | val/kl1_recall=0.2810 | val/kl1_f1=0.2986 | val/kl2_recall=0.4623 | val/kl2_f1=0.5326 | val/low_grade_min_recall=0.2810 | val/low_grade_min_f1=0.2986 | val/low_grade_worst_class=1.0000 | val/fgbf_low_grade_accuracy=0.6089 | val/fgbf_kl0_precision=0.6633 | val/fgbf_kl0_recall=0.8049 | val/fgbf_kl0_f1=0.7273 | val/fgbf_kl1_precision=0.3478 | val/fgbf_kl1_recall=0.3137 | val/fgbf_kl1_f1=0.3299 | val/fgbf_kl2_precision=0.7006 | val/fgbf_kl2_recall=0.5189 | val/fgbf_kl2_f1=0.5962 | val/fgbf_boundary_KL1_to_KL0=80.0000 | val/fgbf_boundary_KL1_to_KL2=25.0000 | val/score=0.4832
2026-10-08 22:12:22 | INFO     | trainer | epoch=18/60 | time=110.9s | lr=1.06e-05 | train/kl=1.2815 | train/main=1.2815 | train/total=1.6908 | train/proto=0.2794 | train/fgbf=0.8664 | train/fgbf_loss=0.8664 | train/weighted_fgbf=0.1300 | train/weighted_fgbf_loss=0.1300 | train/fgbf_grad_norm=0.3819 | train/backbone_grad_norm=28.7146 | train/compartment_grad_norm=0.9330 | train/head_grad_norm=3.0645 | train/accuracy=0.6091 | val/kl=1.3111 | val/main=1.3111 | val/total=1.6828 | val/proto=0.2651 | val/fgbf=0.7111 | val/fgbf_loss=0.7111 | val/weighted_fgbf=0.1067 | val/weighted_fgbf_loss=0.1067 | val/accuracy=0.6259 | val/kappa=0.7003 | val/mae=0.5266 | val/macro_f1=0.6273 | val/kl0_f1=0.7169 | val/kl1_recall=0.2222 | val/kl1_f1=0.2764 | val/kl2_recall=0.5047 | val/kl2_f1=0.5676 | val/low_grade_min_recall=0.2222 | val/low_grade_min_f1=0.2764 | val/low_grade_worst_class=1.0000 | val/fgbf_low_grade_accuracy=0.6364 | val/fgbf_kl0_precision=0.6651 | val/fgbf_kl0_recall=0.8476 | val/fgbf_kl0_f1=0.7453 | val/fgbf_kl1_precision=0.4105 | val/fgbf_kl1_recall=0.2549 | val/fgbf_kl1_f1=0.3145 | val/fgbf_kl2_precision=0.6889 | val/fgbf_kl2_recall=0.5849 | val/fgbf_kl2_f1=0.6327 | val/fgbf_boundary_KL1_to_KL0=81.0000 | val/fgbf_boundary_KL1_to_KL2=33.0000 | val/score=0.5042
2026-10-08 22:14:20 | INFO     | trainer | epoch=19/60 | time=111.0s | lr=9.37e-06 | train/kl=1.2535 | train/main=1.2535 | train/total=1.6501 | train/proto=0.2702 | train/fgbf=0.8429 | train/fgbf_loss=0.8429 | train/weighted_fgbf=0.1264 | train/weighted_fgbf_loss=0.1264 | train/fgbf_grad_norm=0.3643 | train/backbone_grad_norm=29.7243 | train/compartment_grad_norm=0.9371 | train/head_grad_norm=3.0874 | train/accuracy=0.6248 | val/kl=1.2868 | val/main=1.2868 | val/total=1.6536 | val/proto=0.2610 | val/fgbf=0.7056 | val/fgbf_loss=0.7056 | val/weighted_fgbf=0.1058 | val/weighted_fgbf_loss=0.1058 | val/accuracy=0.6017 | val/kappa=0.7413 | val/mae=0.5061 | val/macro_f1=0.6273 | val/kl0_f1=0.6944 | val/kl1_recall=0.3791 | val/kl1_f1=0.3494 | val/kl2_recall=0.5189 | val/kl2_f1=0.5612 | val/low_grade_min_recall=0.3791 | val/low_grade_min_f1=0.3494 | val/low_grade_worst_class=1.0000 | val/fgbf_low_grade_accuracy=0.6306 | val/fgbf_kl0_precision=0.7085 | val/fgbf_kl0_recall=0.7409 | val/fgbf_kl0_f1=0.7243 | val/fgbf_kl1_precision=0.3856 | val/fgbf_kl1_recall=0.3856 | val/fgbf_kl1_f1=0.3856 | val/fgbf_kl2_precision=0.6853 | val/fgbf_kl2_recall=0.6368 | val/fgbf_kl2_f1=0.6601 | val/fgbf_boundary_KL1_to_KL0=61.0000 | val/fgbf_boundary_KL1_to_KL2=33.0000 | val/score=0.5241
2026-10-08 22:16:19 | INFO     | utils | Checkpoint saved → checkpoints/e7_best.pt
2026-10-08 22:16:19 | INFO     | trainer | epoch=20/60 | time=111.1s | lr=8.13e-06 | train/kl=1.1634 | train/main=1.1634 | train/total=1.5251 | train/proto=0.2423 | train/fgbf=0.7958 | train/fgbf_loss=0.7958 | train/weighted_fgbf=0.1194 | train/weighted_fgbf_loss=0.1194 | train/fgbf_grad_norm=0.3727 | train/backbone_grad_norm=30.5342 | train/compartment_grad_norm=0.9448 | train/head_grad_norm=2.9328 | train/accuracy=0.6756 | val/kl=1.2643 | val/main=1.2643 | val/total=1.6230 | val/proto=0.2561 | val/fgbf=0.6837 | val/fgbf_loss=0.6837 | val/weighted_fgbf=0.1026 | val/weighted_fgbf_loss=0.1026 | val/accuracy=0.6356 | val/kappa=0.7539 | val/mae=0.4625 | val/macro_f1=0.6529 | val/kl0_f1=0.7267 | val/kl1_recall=0.3791 | val/kl1_f1=0.3828 | val/kl2_recall=0.6651 | val/kl2_f1=0.6253 | val/low_grade_min_recall=0.3791 | val/low_grade_min_f1=0.3828 | val/low_grade_worst_class=1.0000 | val/fgbf_low_grade_accuracy=0.6407 | val/fgbf_kl0_precision=0.7106 | val/fgbf_kl0_recall=0.7561 | val/fgbf_kl0_f1=0.7326 | val/fgbf_kl1_precision=0.3893 | val/fgbf_kl1_recall=0.3333 | val/fgbf_kl1_f1=0.3592 | val/fgbf_kl2_precision=0.6808 | val/fgbf_kl2_recall=0.6840 | val/fgbf_kl2_f1=0.6824 | val/fgbf_boundary_KL1_to_KL0=64.0000 | val/fgbf_boundary_KL1_to_KL2=38.0000 | val/score=0.5636
2026-10-08 22:16:19 | INFO     | utils | Checkpoint saved → checkpoints/e7_epoch0020.pt
2026-10-08 22:18:18 | INFO     | utils | Checkpoint saved → checkpoints/e7_best.pt
2026-10-08 22:18:18 | INFO     | trainer | epoch=21/60 | time=111.1s | lr=6.91e-06 | train/kl=1.1347 | train/main=1.1347 | train/total=1.4838 | train/proto=0.2322 | train/fgbf=0.7789 | train/fgbf_loss=0.7789 | train/weighted_fgbf=0.1168 | train/weighted_fgbf_loss=0.1168 | train/fgbf_grad_norm=0.4062 | train/backbone_grad_norm=34.0979 | train/compartment_grad_norm=1.0504 | train/head_grad_norm=3.0555 | train/accuracy=0.6787 | val/kl=1.2742 | val/main=1.2742 | val/total=1.6311 | val/proto=0.2511 | val/fgbf=0.7061 | val/fgbf_loss=0.7061 | val/weighted_fgbf=0.1059 | val/weighted_fgbf_loss=0.1059 | val/accuracy=0.6332 | val/kappa=0.7774 | val/mae=0.4443 | val/macro_f1=0.6739 | val/kl0_f1=0.7061 | val/kl1_recall=0.4837 | val/kl1_f1=0.4055 | val/kl2_recall=0.5849 | val/kl2_f1=0.6216 | val/low_grade_min_recall=0.4837 | val/low_grade_min_f1=0.4055 | val/low_grade_worst_class=1.0000 | val/fgbf_low_grade_accuracy=0.6291 | val/fgbf_kl0_precision=0.7177 | val/fgbf_kl0_recall=0.7287 | val/fgbf_kl0_f1=0.7231 | val/fgbf_kl1_precision=0.3810 | val/fgbf_kl1_recall=0.4183 | val/fgbf_kl1_f1=0.3988 | val/fgbf_kl2_precision=0.6927 | val/fgbf_kl2_recall=0.6274 | val/fgbf_kl2_f1=0.6584 | val/fgbf_boundary_KL1_to_KL0=58.0000 | val/fgbf_boundary_KL1_to_KL2=31.0000 | val/score=0.5777
2026-10-08 22:20:17 | INFO     | trainer | epoch=22/60 | time=110.9s | lr=5.74e-06 | train/kl=1.1173 | train/main=1.1173 | train/total=1.4548 | train/proto=0.2237 | train/fgbf=0.7582 | train/fgbf_loss=0.7582 | train/weighted_fgbf=0.1137 | train/weighted_fgbf_loss=0.1137 | train/fgbf_grad_norm=0.4184 | train/backbone_grad_norm=35.0367 | train/compartment_grad_norm=1.0974 | train/head_grad_norm=3.0365 | train/accuracy=0.6937 | val/kl=1.2816 | val/main=1.2816 | val/total=1.6455 | val/proto=0.2586 | val/fgbf=0.7021 | val/fgbf_loss=0.7021 | val/weighted_fgbf=0.1053 | val/weighted_fgbf_loss=0.1053 | val/accuracy=0.6404 | val/kappa=0.7541 | val/mae=0.4746 | val/macro_f1=0.6495 | val/kl0_f1=0.7294 | val/kl1_recall=0.3072 | val/kl1_f1=0.3469 | val/kl2_recall=0.6179 | val/kl2_f1=0.6051 | val/low_grade_min_recall=0.3072 | val/low_grade_min_f1=0.3469 | val/low_grade_worst_class=1.0000 | val/fgbf_low_grade_accuracy=0.6465 | val/fgbf_kl0_precision=0.7163 | val/fgbf_kl0_recall=0.7622 | val/fgbf_kl0_f1=0.7386 | val/fgbf_kl1_precision=0.4590 | val/fgbf_kl1_recall=0.3660 | val/fgbf_kl1_f1=0.4073 | val/fgbf_kl2_precision=0.6396 | val/fgbf_kl2_recall=0.6698 | val/fgbf_kl2_f1=0.6544 | val/fgbf_boundary_KL1_to_KL0=56.0000 | val/fgbf_boundary_KL1_to_KL2=41.0000 | val/score=0.5454
2026-10-08 22:22:15 | INFO     | utils | Checkpoint saved → checkpoints/e7_best.pt
2026-10-08 22:22:15 | INFO     | trainer | epoch=23/60 | time=110.8s | lr=4.64e-06 | train/kl=1.0982 | train/main=1.0982 | train/total=1.4273 | train/proto=0.2174 | train/fgbf=0.7453 | train/fgbf_loss=0.7453 | train/weighted_fgbf=0.1118 | train/weighted_fgbf_loss=0.1118 | train/fgbf_grad_norm=0.4173 | train/backbone_grad_norm=35.7605 | train/compartment_grad_norm=1.0854 | train/head_grad_norm=2.8903 | train/accuracy=0.7064 | val/kl=1.2525 | val/main=1.2525 | val/total=1.6095 | val/proto=0.2542 | val/fgbf=0.6852 | val/fgbf_loss=0.6852 | val/weighted_fgbf=0.1028 | val/weighted_fgbf_loss=0.1028 | val/accuracy=0.6646 | val/kappa=0.7874 | val/mae=0.4249 | val/macro_f1=0.6810 | val/kl0_f1=0.7545 | val/kl1_recall=0.3856 | val/kl1_f1=0.4000 | val/kl2_recall=0.6085 | val/kl2_f1=0.6277 | val/low_grade_min_recall=0.3856 | val/low_grade_min_f1=0.4000 | val/low_grade_worst_class=1.0000 | val/fgbf_low_grade_accuracy=0.6840 | val/fgbf_kl0_precision=0.7348 | val/fgbf_kl0_recall=0.8110 | val/fgbf_kl0_f1=0.7710 | val/fgbf_kl1_precision=0.5045 | val/fgbf_kl1_recall=0.3660 | val/fgbf_kl1_f1=0.4242 | val/fgbf_kl2_precision=0.6909 | val/fgbf_kl2_recall=0.7170 | val/fgbf_kl2_f1=0.7037 | val/fgbf_boundary_KL1_to_KL0=62.0000 | val/fgbf_boundary_KL1_to_KL2=35.0000 | val/score=0.5807
2026-10-08 22:24:14 | INFO     | trainer | epoch=24/60 | time=110.7s | lr=3.63e-06 | train/kl=1.0819 | train/main=1.0819 | train/total=1.4009 | train/proto=0.2108 | train/fgbf=0.7213 | train/fgbf_loss=0.7213 | train/weighted_fgbf=0.1082 | train/weighted_fgbf_loss=0.1082 | train/fgbf_grad_norm=0.4532 | train/backbone_grad_norm=36.5686 | train/compartment_grad_norm=1.1205 | train/head_grad_norm=2.9067 | train/accuracy=0.7149 | val/kl=1.2482 | val/main=1.2482 | val/total=1.6030 | val/proto=0.2507 | val/fgbf=0.6939 | val/fgbf_loss=0.6939 | val/weighted_fgbf=0.1041 | val/weighted_fgbf_loss=0.1041 | val/accuracy=0.6489 | val/kappa=0.7680 | val/mae=0.4467 | val/macro_f1=0.6638 | val/kl0_f1=0.7381 | val/kl1_recall=0.3725 | val/kl1_f1=0.3775 | val/kl2_recall=0.6368 | val/kl2_f1=0.6279 | val/low_grade_min_recall=0.3725 | val/low_grade_min_f1=0.3775 | val/low_grade_worst_class=1.0000 | val/fgbf_low_grade_accuracy=0.6349 | val/fgbf_kl0_precision=0.7194 | val/fgbf_kl0_recall=0.7348 | val/fgbf_kl0_f1=0.7270 | val/fgbf_kl1_precision=0.3933 | val/fgbf_kl1_recall=0.3856 | val/fgbf_kl1_f1=0.3894 | val/fgbf_kl2_precision=0.6731 | val/fgbf_kl2_recall=0.6604 | val/fgbf_kl2_f1=0.6667 | val/fgbf_boundary_KL1_to_KL0=57.0000 | val/fgbf_boundary_KL1_to_KL2=37.0000 | val/score=0.5671
2026-10-08 22:26:12 | INFO     | trainer | epoch=25/60 | time=111.1s | lr=2.71e-06 | train/kl=1.0976 | train/main=1.0976 | train/total=1.4255 | train/proto=0.2173 | train/fgbf=0.7368 | train/fgbf_loss=0.7368 | train/weighted_fgbf=0.1105 | train/weighted_fgbf_loss=0.1105 | train/fgbf_grad_norm=0.4843 | train/backbone_grad_norm=36.9787 | train/compartment_grad_norm=1.1731 | train/head_grad_norm=2.8889 | train/accuracy=0.7105 | val/kl=1.2879 | val/main=1.2879 | val/total=1.6590 | val/proto=0.2650 | val/fgbf=0.7073 | val/fgbf_loss=0.7073 | val/weighted_fgbf=0.1061 | val/weighted_fgbf_loss=0.1061 | val/accuracy=0.6477 | val/kappa=0.7626 | val/mae=0.4588 | val/macro_f1=0.6639 | val/kl0_f1=0.7275 | val/kl1_recall=0.3791 | val/kl1_f1=0.3932 | val/kl2_recall=0.6179 | val/kl2_f1=0.6268 | val/low_grade_min_recall=0.3791 | val/low_grade_min_f1=0.3932 | val/low_grade_worst_class=1.0000 | val/fgbf_low_grade_accuracy=0.6263 | val/fgbf_kl0_precision=0.7085 | val/fgbf_kl0_recall=0.7409 | val/fgbf_kl0_f1=0.7243 | val/fgbf_kl1_precision=0.3651 | val/fgbf_kl1_recall=0.3007 | val/fgbf_kl1_f1=0.3297 | val/fgbf_kl2_precision=0.6473 | val/fgbf_kl2_recall=0.6840 | val/fgbf_kl2_f1=0.6651 | val/fgbf_boundary_KL1_to_KL0=65.0000 | val/fgbf_boundary_KL1_to_KL2=42.0000 | val/score=0.5716
2026-10-08 22:28:11 | INFO     | trainer | epoch=26/60 | time=110.9s | lr=1.91e-06 | train/kl=1.0935 | train/main=1.0935 | train/total=1.4179 | train/proto=0.2149 | train/fgbf=0.7297 | train/fgbf_loss=0.7297 | train/weighted_fgbf=0.1095 | train/weighted_fgbf_loss=0.1095 | train/fgbf_grad_norm=0.4693 | train/backbone_grad_norm=35.9343 | train/compartment_grad_norm=1.1275 | train/head_grad_norm=2.7436 | train/accuracy=0.7074 | val/kl=1.2807 | val/main=1.2807 | val/total=1.6568 | val/proto=0.2662 | val/fgbf=0.7327 | val/fgbf_loss=0.7327 | val/weighted_fgbf=0.1099 | val/weighted_fgbf_loss=0.1099 | val/accuracy=0.6501 | val/kappa=0.7647 | val/mae=0.4540 | val/macro_f1=0.6725 | val/kl0_f1=0.7330 | val/kl1_recall=0.3399 | val/kl1_f1=0.3562 | val/kl2_recall=0.5943 | val/kl2_f1=0.6284 | val/low_grade_min_recall=0.3399 | val/low_grade_min_f1=0.3562 | val/low_grade_worst_class=1.0000 | val/fgbf_low_grade_accuracy=0.6248 | val/fgbf_kl0_precision=0.6891 | val/fgbf_kl0_recall=0.7500 | val/fgbf_kl0_f1=0.7182 | val/fgbf_kl1_precision=0.3724 | val/fgbf_kl1_recall=0.3529 | val/fgbf_kl1_f1=0.3624 | val/fgbf_kl2_precision=0.6963 | val/fgbf_kl2_recall=0.6274 | val/fgbf_kl2_f1=0.6600 | val/fgbf_boundary_KL1_to_KL0=72.0000 | val/fgbf_boundary_KL1_to_KL2=27.0000 | val/score=0.5644
2026-10-08 22:30:09 | INFO     | trainer | epoch=27/60 | time=111.0s | lr=1.24e-06 | train/kl=1.0900 | train/main=1.0900 | train/total=1.4137 | train/proto=0.2147 | train/fgbf=0.7262 | train/fgbf_loss=0.7262 | train/weighted_fgbf=0.1089 | train/weighted_fgbf_loss=0.1089 | train/fgbf_grad_norm=0.4858 | train/backbone_grad_norm=36.5216 | train/compartment_grad_norm=1.1715 | train/head_grad_norm=2.7735 | train/accuracy=0.7112 | val/kl=1.3079 | val/main=1.3079 | val/total=1.6872 | val/proto=0.2689 | val/fgbf=0.7358 | val/fgbf_loss=0.7358 | val/weighted_fgbf=0.1104 | val/weighted_fgbf_loss=0.1104 | val/accuracy=0.6320 | val/kappa=0.7712 | val/mae=0.4588 | val/macro_f1=0.6515 | val/kl0_f1=0.7289 | val/kl1_recall=0.3660 | val/kl1_f1=0.3544 | val/kl2_recall=0.5519 | val/kl2_f1=0.5954 | val/low_grade_min_recall=0.3660 | val/low_grade_min_f1=0.3544 | val/low_grade_worst_class=1.0000 | val/fgbf_low_grade_accuracy=0.6263 | val/fgbf_kl0_precision=0.7155 | val/fgbf_kl0_recall=0.7439 | val/fgbf_kl0_f1=0.7294 | val/fgbf_kl1_precision=0.3618 | val/fgbf_kl1_recall=0.3595 | val/fgbf_kl1_f1=0.3607 | val/fgbf_kl2_precision=0.6750 | val/fgbf_kl2_recall=0.6368 | val/fgbf_kl2_f1=0.6553 | val/fgbf_boundary_KL1_to_KL0=62.0000 | val/fgbf_boundary_KL1_to_KL2=36.0000 | val/score=0.5456
2026-10-08 22:32:09 | INFO     | trainer | epoch=28/60 | time=111.7s | lr=7.02e-07 | train/kl=1.0694 | train/main=1.0694 | train/total=1.3834 | train/proto=0.2074 | train/fgbf=0.7109 | train/fgbf_loss=0.7109 | train/weighted_fgbf=0.1066 | train/weighted_fgbf_loss=0.1066 | train/fgbf_grad_norm=0.4940 | train/backbone_grad_norm=37.0746 | train/compartment_grad_norm=1.1982 | train/head_grad_norm=2.7432 | train/accuracy=0.7223 | val/kl=1.3067 | val/main=1.3067 | val/total=1.6801 | val/proto=0.2653 | val/fgbf=0.7204 | val/fgbf_loss=0.7204 | val/weighted_fgbf=0.1081 | val/weighted_fgbf_loss=0.1081 | val/accuracy=0.6320 | val/kappa=0.7637 | val/mae=0.4673 | val/macro_f1=0.6531 | val/kl0_f1=0.7228 | val/kl1_recall=0.3856 | val/kl1_f1=0.3782 | val/kl2_recall=0.5708 | val/kl2_f1=0.5946 | val/low_grade_min_recall=0.3856 | val/low_grade_min_f1=0.3782 | val/low_grade_worst_class=1.0000 | val/fgbf_low_grade_accuracy=0.6335 | val/fgbf_kl0_precision=0.7259 | val/fgbf_kl0_recall=0.7348 | val/fgbf_kl0_f1=0.7303 | val/fgbf_kl1_precision=0.3816 | val/fgbf_kl1_recall=0.3791 | val/fgbf_kl1_f1=0.3803 | val/fgbf_kl2_precision=0.6699 | val/fgbf_kl2_recall=0.6604 | val/fgbf_kl2_f1=0.6651 | val/fgbf_boundary_KL1_to_KL0=61.0000 | val/fgbf_boundary_KL1_to_KL2=34.0000 | val/score=0.5531
2026-10-08 22:34:08 | INFO     | trainer | epoch=29/60 | time=111.6s | lr=3.14e-07 | train/kl=1.0669 | train/main=1.0669 | train/total=1.3842 | train/proto=0.2100 | train/fgbf=0.7159 | train/fgbf_loss=0.7159 | train/weighted_fgbf=0.1074 | train/weighted_fgbf_loss=0.1074 | train/fgbf_grad_norm=0.4992 | train/backbone_grad_norm=37.2702 | train/compartment_grad_norm=1.2055 | train/head_grad_norm=2.7418 | train/accuracy=0.7265 | val/kl=1.2907 | val/main=1.2907 | val/total=1.6620 | val/proto=0.2622 | val/fgbf=0.7278 | val/fgbf_loss=0.7278 | val/weighted_fgbf=0.1092 | val/weighted_fgbf_loss=0.1092 | val/accuracy=0.6453 | val/kappa=0.7907 | val/mae=0.4298 | val/macro_f1=0.6720 | val/kl0_f1=0.7463 | val/kl1_recall=0.3856 | val/kl1_f1=0.3609 | val/kl2_recall=0.5425 | val/kl2_f1=0.6053 | val/low_grade_min_recall=0.3856 | val/low_grade_min_f1=0.3609 | val/low_grade_worst_class=1.0000 | val/fgbf_low_grade_accuracy=0.6320 | val/fgbf_kl0_precision=0.7192 | val/fgbf_kl0_recall=0.7652 | val/fgbf_kl0_f1=0.7415 | val/fgbf_kl1_precision=0.3529 | val/fgbf_kl1_recall=0.3529 | val/fgbf_kl1_f1=0.3529 | val/fgbf_kl2_precision=0.6963 | val/fgbf_kl2_recall=0.6274 | val/fgbf_kl2_f1=0.6600 | val/fgbf_boundary_KL1_to_KL0=69.0000 | val/fgbf_boundary_KL1_to_KL2=30.0000 | val/score=0.5587
2026-10-08 22:36:07 | INFO     | trainer | epoch=30/60 | time=111.4s | lr=7.89e-08 | train/kl=1.0611 | train/main=1.0611 | train/total=1.3722 | train/proto=0.2048 | train/fgbf=0.7082 | train/fgbf_loss=0.7082 | train/weighted_fgbf=0.1062 | train/weighted_fgbf_loss=0.1062 | train/fgbf_grad_norm=0.4938 | train/backbone_grad_norm=37.1429 | train/compartment_grad_norm=1.2215 | train/head_grad_norm=2.7580 | train/accuracy=0.7251 | val/kl=1.3015 | val/main=1.3015 | val/total=1.6723 | val/proto=0.2627 | val/fgbf=0.7210 | val/fgbf_loss=0.7210 | val/weighted_fgbf=0.1082 | val/weighted_fgbf_loss=0.1082 | val/accuracy=0.6441 | val/kappa=0.7733 | val/mae=0.4479 | val/macro_f1=0.6643 | val/kl0_f1=0.7326 | val/kl1_recall=0.4118 | val/kl1_f1=0.3962 | val/kl2_recall=0.5943 | val/kl2_f1=0.6161 | val/low_grade_min_recall=0.4118 | val/low_grade_min_f1=0.3962 | val/low_grade_worst_class=1.0000 | val/fgbf_low_grade_accuracy=0.6378 | val/fgbf_kl0_precision=0.7265 | val/fgbf_kl0_recall=0.7530 | val/fgbf_kl0_f1=0.7395 | val/fgbf_kl1_precision=0.3806 | val/fgbf_kl1_recall=0.3856 | val/fgbf_kl1_f1=0.3831 | val/fgbf_kl2_precision=0.6869 | val/fgbf_kl2_recall=0.6415 | val/fgbf_kl2_f1=0.6634 | val/fgbf_boundary_KL1_to_KL0=62.0000 | val/fgbf_boundary_KL1_to_KL2=32.0000 | val/score=0.5694
2026-10-08 22:36:07 | INFO     | utils | Checkpoint saved → checkpoints/e7_epoch0030.pt
2026-10-08 22:38:06 | INFO     | trainer | epoch=31/60 | time=111.4s | lr=0.00e+00 | train/kl=1.0787 | train/main=1.0787 | train/total=1.3941 | train/proto=0.2095 | train/fgbf=0.7063 | train/fgbf_loss=0.7063 | train/weighted_fgbf=0.1059 | train/weighted_fgbf_loss=0.1059 | train/fgbf_grad_norm=0.4925 | train/backbone_grad_norm=37.3043 | train/compartment_grad_norm=1.2489 | train/head_grad_norm=2.8154 | train/accuracy=0.7228 | val/kl=1.2864 | val/main=1.2864 | val/total=1.6563 | val/proto=0.2609 | val/fgbf=0.7269 | val/fgbf_loss=0.7269 | val/weighted_fgbf=0.1090 | val/weighted_fgbf_loss=0.1090 | val/accuracy=0.6283 | val/kappa=0.7752 | val/mae=0.4564 | val/macro_f1=0.6580 | val/kl0_f1=0.7217 | val/kl1_recall=0.3464 | val/kl1_f1=0.3344 | val/kl2_recall=0.5849 | val/kl2_f1=0.6005 | val/low_grade_min_recall=0.3464 | val/low_grade_min_f1=0.3344 | val/low_grade_worst_class=1.0000 | val/fgbf_low_grade_accuracy=0.6219 | val/fgbf_kl0_precision=0.7080 | val/fgbf_kl0_recall=0.7317 | val/fgbf_kl0_f1=0.7196 | val/fgbf_kl1_precision=0.3624 | val/fgbf_kl1_recall=0.3529 | val/fgbf_kl1_f1=0.3576 | val/fgbf_kl2_precision=0.6683 | val/fgbf_kl2_recall=0.6462 | val/fgbf_kl2_f1=0.6571 | val/fgbf_boundary_KL1_to_KL0=66.0000 | val/fgbf_boundary_KL1_to_KL2=33.0000 | val/score=0.5437
2026-10-08 22:40:05 | INFO     | trainer | epoch=32/60 | time=111.6s | lr=7.89e-08 | train/kl=1.0637 | train/main=1.0637 | train/total=1.3750 | train/proto=0.2049 | train/fgbf=0.7095 | train/fgbf_loss=0.7095 | train/weighted_fgbf=0.1064 | train/weighted_fgbf_loss=0.1064 | train/fgbf_grad_norm=0.4908 | train/backbone_grad_norm=37.0080 | train/compartment_grad_norm=1.2247 | train/head_grad_norm=2.6937 | train/accuracy=0.7226 | val/kl=1.2929 | val/main=1.2929 | val/total=1.6605 | val/proto=0.2603 | val/fgbf=0.7154 | val/fgbf_loss=0.7154 | val/weighted_fgbf=0.1073 | val/weighted_fgbf_loss=0.1073 | val/accuracy=0.6453 | val/kappa=0.7769 | val/mae=0.4443 | val/macro_f1=0.6752 | val/kl0_f1=0.7316 | val/kl1_recall=0.3725 | val/kl1_f1=0.3631 | val/kl2_recall=0.5849 | val/kl2_f1=0.6154 | val/low_grade_min_recall=0.3725 | val/low_grade_min_f1=0.3631 | val/low_grade_worst_class=1.0000 | val/fgbf_low_grade_accuracy=0.6263 | val/fgbf_kl0_precision=0.7156 | val/fgbf_kl0_recall=0.7287 | val/fgbf_kl0_f1=0.7221 | val/fgbf_kl1_precision=0.3648 | val/fgbf_kl1_recall=0.3791 | val/fgbf_kl1_f1=0.3718 | val/fgbf_kl2_precision=0.6850 | val/fgbf_kl2_recall=0.6462 | val/fgbf_kl2_f1=0.6650 | val/fgbf_boundary_KL1_to_KL0=63.0000 | val/fgbf_boundary_KL1_to_KL2=32.0000 | val/score=0.5636
2026-10-08 22:42:04 | INFO     | trainer | epoch=33/60 | time=111.0s | lr=3.14e-07 | train/kl=1.0649 | train/main=1.0649 | train/total=1.3806 | train/proto=0.2086 | train/fgbf=0.7136 | train/fgbf_loss=0.7136 | train/weighted_fgbf=0.1070 | train/weighted_fgbf_loss=0.1070 | train/fgbf_grad_norm=0.5118 | train/backbone_grad_norm=37.6446 | train/compartment_grad_norm=1.2344 | train/head_grad_norm=2.7702 | train/accuracy=0.7275 | val/kl=1.2909 | val/main=1.2909 | val/total=1.6580 | val/proto=0.2595 | val/fgbf=0.7168 | val/fgbf_loss=0.7168 | val/weighted_fgbf=0.1075 | val/weighted_fgbf_loss=0.1075 | val/accuracy=0.6453 | val/kappa=0.7698 | val/mae=0.4504 | val/macro_f1=0.6602 | val/kl0_f1=0.7324 | val/kl1_recall=0.3660 | val/kl1_f1=0.3721 | val/kl2_recall=0.6085 | val/kl2_f1=0.6232 | val/low_grade_min_recall=0.3660 | val/low_grade_min_f1=0.3721 | val/low_grade_worst_class=1.0000 | val/fgbf_low_grade_accuracy=0.6320 | val/fgbf_kl0_precision=0.7109 | val/fgbf_kl0_recall=0.7348 | val/fgbf_kl0_f1=0.7226 | val/fgbf_kl1_precision=0.3655 | val/fgbf_kl1_recall=0.3464 | val/fgbf_kl1_f1=0.3557 | val/fgbf_kl2_precision=0.6890 | val/fgbf_kl2_recall=0.6792 | val/fgbf_kl2_f1=0.6841 | val/fgbf_boundary_KL1_to_KL0=66.0000 | val/fgbf_boundary_KL1_to_KL2=34.0000 | val/score=0.5627
2026-10-08 22:44:02 | INFO     | trainer | epoch=34/60 | time=111.0s | lr=7.02e-07 | train/kl=1.0732 | train/main=1.0732 | train/total=1.3901 | train/proto=0.2102 | train/fgbf=0.7114 | train/fgbf_loss=0.7114 | train/weighted_fgbf=0.1067 | train/weighted_fgbf_loss=0.1067 | train/fgbf_grad_norm=0.5070 | train/backbone_grad_norm=37.4148 | train/compartment_grad_norm=1.2434 | train/head_grad_norm=2.7260 | train/accuracy=0.7213 | val/kl=1.2927 | val/main=1.2927 | val/total=1.6591 | val/proto=0.2589 | val/fgbf=0.7163 | val/fgbf_loss=0.7163 | val/weighted_fgbf=0.1074 | val/weighted_fgbf_loss=0.1074 | val/accuracy=0.6513 | val/kappa=0.7683 | val/mae=0.4467 | val/macro_f1=0.6752 | val/kl0_f1=0.7346 | val/kl1_recall=0.4183 | val/kl1_f1=0.4103 | val/kl2_recall=0.6132 | val/kl2_f1=0.6161 | val/low_grade_min_recall=0.4183 | val/low_grade_min_f1=0.4103 | val/low_grade_worst_class=1.0000 | val/fgbf_low_grade_accuracy=0.6392 | val/fgbf_kl0_precision=0.7302 | val/fgbf_kl0_recall=0.7591 | val/fgbf_kl0_f1=0.7444 | val/fgbf_kl1_precision=0.3759 | val/fgbf_kl1_recall=0.3464 | val/fgbf_kl1_f1=0.3605 | val/fgbf_kl2_precision=0.6682 | val/fgbf_kl2_recall=0.6651 | val/fgbf_kl2_f1=0.6667 | val/fgbf_boundary_KL1_to_KL0=63.0000 | val/fgbf_boundary_KL1_to_KL2=37.0000 | val/score=0.5780
2026-10-08 22:46:00 | INFO     | trainer | epoch=35/60 | time=110.8s | lr=1.24e-06 | train/kl=1.0581 | train/main=1.0581 | train/total=1.3688 | train/proto=0.2044 | train/fgbf=0.7083 | train/fgbf_loss=0.7083 | train/weighted_fgbf=0.1062 | train/weighted_fgbf_loss=0.1062 | train/fgbf_grad_norm=0.5194 | train/backbone_grad_norm=37.7742 | train/compartment_grad_norm=1.2879 | train/head_grad_norm=2.7382 | train/accuracy=0.7268 | val/kl=1.2980 | val/main=1.2980 | val/total=1.6696 | val/proto=0.2633 | val/fgbf=0.7219 | val/fgbf_loss=0.7219 | val/weighted_fgbf=0.1083 | val/weighted_fgbf_loss=0.1083 | val/accuracy=0.6368 | val/kappa=0.7739 | val/mae=0.4492 | val/macro_f1=0.6577 | val/kl0_f1=0.7264 | val/kl1_recall=0.4248 | val/kl1_f1=0.3904 | val/kl2_recall=0.5849 | val/kl2_f1=0.6123 | val/low_grade_min_recall=0.4248 | val/low_grade_min_f1=0.3904 | val/low_grade_worst_class=1.0000 | val/fgbf_low_grade_accuracy=0.6291 | val/fgbf_kl0_precision=0.7151 | val/fgbf_kl0_recall=0.7500 | val/fgbf_kl0_f1=0.7321 | val/fgbf_kl1_precision=0.3694 | val/fgbf_kl1_recall=0.3791 | val/fgbf_kl1_f1=0.3742 | val/fgbf_kl2_precision=0.6875 | val/fgbf_kl2_recall=0.6226 | val/fgbf_kl2_f1=0.6535 | val/fgbf_boundary_KL1_to_KL0=61.0000 | val/fgbf_boundary_KL1_to_KL2=34.0000 | val/score=0.5639
2026-10-08 22:47:59 | INFO     | trainer | epoch=36/60 | time=111.2s | lr=1.91e-06 | train/kl=1.0587 | train/main=1.0587 | train/total=1.3696 | train/proto=0.2056 | train/fgbf=0.7019 | train/fgbf_loss=0.7019 | train/weighted_fgbf=0.1053 | train/weighted_fgbf_loss=0.1053 | train/fgbf_grad_norm=0.5109 | train/backbone_grad_norm=37.7963 | train/compartment_grad_norm=1.2644 | train/head_grad_norm=2.7729 | train/accuracy=0.7240 | val/kl=1.2759 | val/main=1.2759 | val/total=1.6400 | val/proto=0.2588 | val/fgbf=0.7021 | val/fgbf_loss=0.7021 | val/weighted_fgbf=0.1053 | val/weighted_fgbf_loss=0.1053 | val/accuracy=0.6598 | val/kappa=0.7717 | val/mae=0.4383 | val/macro_f1=0.6716 | val/kl0_f1=0.7466 | val/kl1_recall=0.3137 | val/kl1_f1=0.3466 | val/kl2_recall=0.6698 | val/kl2_f1=0.6455 | val/low_grade_min_recall=0.3137 | val/low_grade_min_f1=0.3466 | val/low_grade_worst_class=1.0000 | val/fgbf_low_grade_accuracy=0.6623 | val/fgbf_kl0_precision=0.7312 | val/fgbf_kl0_recall=0.7713 | val/fgbf_kl0_f1=0.7507 | val/fgbf_kl1_precision=0.4427 | val/fgbf_kl1_recall=0.3791 | val/fgbf_kl1_f1=0.4085 | val/fgbf_kl2_precision=0.6852 | val/fgbf_kl2_recall=0.6981 | val/fgbf_kl2_f1=0.6916 | val/fgbf_boundary_KL1_to_KL0=59.0000 | val/fgbf_boundary_KL1_to_KL2=36.0000 | val/score=0.5662
2026-10-08 22:49:58 | INFO     | utils | Checkpoint saved → checkpoints/e7_best.pt
2026-10-08 22:49:58 | INFO     | trainer | epoch=37/60 | time=111.0s | lr=2.71e-06 | train/kl=1.0542 | train/main=1.0542 | train/total=1.3628 | train/proto=0.2025 | train/fgbf=0.7076 | train/fgbf_loss=0.7076 | train/weighted_fgbf=0.1061 | train/weighted_fgbf_loss=0.1061 | train/fgbf_grad_norm=0.5550 | train/backbone_grad_norm=39.5269 | train/compartment_grad_norm=1.3125 | train/head_grad_norm=2.7702 | train/accuracy=0.7349 | val/kl=1.2949 | val/main=1.2949 | val/total=1.6727 | val/proto=0.2661 | val/fgbf=0.7443 | val/fgbf_loss=0.7443 | val/weighted_fgbf=0.1116 | val/weighted_fgbf_loss=0.1116 | val/accuracy=0.6501 | val/kappa=0.7738 | val/mae=0.4395 | val/macro_f1=0.6751 | val/kl0_f1=0.7287 | val/kl1_recall=0.4248 | val/kl1_f1=0.3963 | val/kl2_recall=0.6321 | val/kl2_f1=0.6396 | val/low_grade_min_recall=0.4248 | val/low_grade_min_f1=0.3963 | val/low_grade_worst_class=1.0000 | val/fgbf_low_grade_accuracy=0.6306 | val/fgbf_kl0_precision=0.7793 | val/fgbf_kl0_recall=0.6890 | val/fgbf_kl0_f1=0.7314 | val/fgbf_kl1_precision=0.3563 | val/fgbf_kl1_recall=0.3725 | val/fgbf_kl1_f1=0.3642 | val/fgbf_kl2_precision=0.6337 | val/fgbf_kl2_recall=0.7264 | val/fgbf_kl2_f1=0.6769 | val/fgbf_boundary_KL1_to_KL0=46.0000 | val/fgbf_boundary_KL1_to_KL2=50.0000 | val/score=0.5808
2026-10-08 22:51:57 | INFO     | trainer | epoch=38/60 | time=111.2s | lr=3.63e-06 | train/kl=1.0545 | train/main=1.0545 | train/total=1.3639 | train/proto=0.2031 | train/fgbf=0.7086 | train/fgbf_loss=0.7086 | train/weighted_fgbf=0.1063 | train/weighted_fgbf_loss=0.1063 | train/fgbf_grad_norm=0.5367 | train/backbone_grad_norm=39.1175 | train/compartment_grad_norm=1.2965 | train/head_grad_norm=2.7914 | train/accuracy=0.7311 | val/kl=1.3403 | val/main=1.3403 | val/total=1.7252 | val/proto=0.2686 | val/fgbf=0.7759 | val/fgbf_loss=0.7759 | val/weighted_fgbf=0.1164 | val/weighted_fgbf_loss=0.1164 | val/accuracy=0.6138 | val/kappa=0.7760 | val/mae=0.4564 | val/macro_f1=0.6652 | val/kl0_f1=0.6489 | val/kl1_recall=0.4902 | val/kl1_f1=0.3876 | val/kl2_recall=0.6604 | val/kl2_f1=0.6542 | val/low_grade_min_recall=0.4902 | val/low_grade_min_f1=0.3876 | val/low_grade_worst_class=1.0000 | val/fgbf_low_grade_accuracy=0.6017 | val/fgbf_kl0_precision=0.7792 | val/fgbf_kl0_recall=0.5701 | val/fgbf_kl0_f1=0.6585 | val/fgbf_kl1_precision=0.3333 | val/fgbf_kl1_recall=0.4575 | val/fgbf_kl1_f1=0.3857 | val/fgbf_kl2_precision=0.6584 | val/fgbf_kl2_recall=0.7547 | val/fgbf_kl2_f1=0.7033 | val/fgbf_boundary_KL1_to_KL0=40.0000 | val/fgbf_boundary_KL1_to_KL2=43.0000 | val/score=0.5786
2026-10-08 22:53:55 | INFO     | trainer | epoch=39/60 | time=110.8s | lr=4.64e-06 | train/kl=1.0361 | train/main=1.0361 | train/total=1.3330 | train/proto=0.1946 | train/fgbf=0.6820 | train/fgbf_loss=0.6820 | train/weighted_fgbf=0.1023 | train/weighted_fgbf_loss=0.1023 | train/fgbf_grad_norm=0.5513 | train/backbone_grad_norm=39.7423 | train/compartment_grad_norm=1.3529 | train/head_grad_norm=2.7784 | train/accuracy=0.7464 | val/kl=1.2750 | val/main=1.2750 | val/total=1.6322 | val/proto=0.2546 | val/fgbf=0.6835 | val/fgbf_loss=0.6835 | val/weighted_fgbf=0.1025 | val/weighted_fgbf_loss=0.1025 | val/accuracy=0.6562 | val/kappa=0.7866 | val/mae=0.4274 | val/macro_f1=0.6809 | val/kl0_f1=0.7403 | val/kl1_recall=0.3791 | val/kl1_f1=0.3754 | val/kl2_recall=0.5896 | val/kl2_f1=0.6281 | val/low_grade_min_recall=0.3791 | val/low_grade_min_f1=0.3754 | val/low_grade_worst_class=1.0000 | val/fgbf_low_grade_accuracy=0.6378 | val/fgbf_kl0_precision=0.7235 | val/fgbf_kl0_recall=0.7500 | val/fgbf_kl0_f1=0.7365 | val/fgbf_kl1_precision=0.3642 | val/fgbf_kl1_recall=0.3595 | val/fgbf_kl1_f1=0.3618 | val/fgbf_kl2_precision=0.6980 | val/fgbf_kl2_recall=0.6651 | val/fgbf_kl2_f1=0.6812 | val/fgbf_boundary_KL1_to_KL0=66.0000 | val/fgbf_boundary_KL1_to_KL2=32.0000 | val/score=0.5734
2026-10-08 22:55:54 | INFO     | trainer | epoch=40/60 | time=111.0s | lr=5.74e-06 | train/kl=1.0083 | train/main=1.0083 | train/total=1.2917 | train/proto=0.1836 | train/fgbf=0.6656 | train/fgbf_loss=0.6656 | train/weighted_fgbf=0.0998 | train/weighted_fgbf_loss=0.0998 | train/fgbf_grad_norm=0.5713 | train/backbone_grad_norm=41.3750 | train/compartment_grad_norm=1.3302 | train/head_grad_norm=2.7327 | train/accuracy=0.7597 | val/kl=1.3206 | val/main=1.3206 | val/total=1.7173 | val/proto=0.2759 | val/fgbf=0.8053 | val/fgbf_loss=0.8053 | val/weighted_fgbf=0.1208 | val/weighted_fgbf_loss=0.1208 | val/accuracy=0.6404 | val/kappa=0.7694 | val/mae=0.4504 | val/macro_f1=0.6677 | val/kl0_f1=0.7157 | val/kl1_recall=0.4314 | val/kl1_f1=0.3976 | val/kl2_recall=0.6179 | val/kl2_f1=0.6268 | val/low_grade_min_recall=0.4314 | val/low_grade_min_f1=0.3976 | val/low_grade_worst_class=1.0000 | val/fgbf_low_grade_accuracy=0.5974 | val/fgbf_kl0_precision=0.7463 | val/fgbf_kl0_recall=0.6098 | val/fgbf_kl0_f1=0.6711 | val/fgbf_kl1_precision=0.3280 | val/fgbf_kl1_recall=0.3987 | val/fgbf_kl1_f1=0.3599 | val/fgbf_kl2_precision=0.6402 | val/fgbf_kl2_recall=0.7217 | val/fgbf_kl2_f1=0.6785 | val/fgbf_boundary_KL1_to_KL0=50.0000 | val/fgbf_boundary_KL1_to_KL2=42.0000 | val/score=0.5744
2026-10-08 22:55:54 | INFO     | utils | Checkpoint saved → checkpoints/e7_epoch0040.pt
2026-10-08 22:57:52 | INFO     | trainer | epoch=41/60 | time=111.0s | lr=6.91e-06 | train/kl=1.0139 | train/main=1.0139 | train/total=1.3045 | train/proto=0.1890 | train/fgbf=0.6775 | train/fgbf_loss=0.6775 | train/weighted_fgbf=0.1016 | train/weighted_fgbf_loss=0.1016 | train/fgbf_grad_norm=0.5602 | train/backbone_grad_norm=40.3160 | train/compartment_grad_norm=1.3437 | train/head_grad_norm=2.8034 | train/accuracy=0.7633 | val/kl=1.3022 | val/main=1.3022 | val/total=1.6858 | val/proto=0.2724 | val/fgbf=0.7413 | val/fgbf_loss=0.7413 | val/weighted_fgbf=0.1112 | val/weighted_fgbf_loss=0.1112 | val/accuracy=0.6622 | val/kappa=0.7910 | val/mae=0.4237 | val/macro_f1=0.6817 | val/kl0_f1=0.7521 | val/kl1_recall=0.3725 | val/kl1_f1=0.3838 | val/kl2_recall=0.5613 | val/kl2_f1=0.6182 | val/low_grade_min_recall=0.3725 | val/low_grade_min_f1=0.3838 | val/low_grade_worst_class=1.0000 | val/fgbf_low_grade_accuracy=0.6681 | val/fgbf_kl0_precision=0.6894 | val/fgbf_kl0_recall=0.8323 | val/fgbf_kl0_f1=0.7541 | val/fgbf_kl1_precision=0.4419 | val/fgbf_kl1_recall=0.3725 | val/fgbf_kl1_f1=0.4043 | val/fgbf_kl2_precision=0.7917 | val/fgbf_kl2_recall=0.6274 | val/fgbf_kl2_f1=0.7000 | val/fgbf_boundary_KL1_to_KL0=80.0000 | val/fgbf_boundary_KL1_to_KL2=16.0000 | val/score=0.5733
2026-10-08 22:59:51 | INFO     | trainer | epoch=42/60 | time=111.0s | lr=8.13e-06 | train/kl=1.0218 | train/main=1.0218 | train/total=1.3129 | train/proto=0.1900 | train/fgbf=0.6744 | train/fgbf_loss=0.6744 | train/weighted_fgbf=0.1012 | train/weighted_fgbf_loss=0.1012 | train/fgbf_grad_norm=0.5692 | train/backbone_grad_norm=40.2857 | train/compartment_grad_norm=1.3327 | train/head_grad_norm=2.8154 | train/accuracy=0.7474 | val/kl=1.2775 | val/main=1.2775 | val/total=1.6562 | val/proto=0.2701 | val/fgbf=0.7240 | val/fgbf_loss=0.7240 | val/weighted_fgbf=0.1086 | val/weighted_fgbf_loss=0.1086 | val/accuracy=0.6610 | val/kappa=0.7691 | val/mae=0.4467 | val/macro_f1=0.6585 | val/kl0_f1=0.7490 | val/kl1_recall=0.2745 | val/kl1_f1=0.3401 | val/kl2_recall=0.6321 | val/kl2_f1=0.6336 | val/low_grade_min_recall=0.2745 | val/low_grade_min_f1=0.3401 | val/low_grade_worst_class=1.0000 | val/fgbf_low_grade_accuracy=0.6450 | val/fgbf_kl0_precision=0.6741 | val/fgbf_kl0_recall=0.8323 | val/fgbf_kl0_f1=0.7449 | val/fgbf_kl1_precision=0.3951 | val/fgbf_kl1_recall=0.2092 | val/fgbf_kl1_f1=0.2735 | val/fgbf_kl2_precision=0.6860 | val/fgbf_kl2_recall=0.6698 | val/fgbf_kl2_f1=0.6778 | val/fgbf_boundary_KL1_to_KL0=86.0000 | val/fgbf_boundary_KL1_to_KL2=35.0000 | val/score=0.5555
2026-10-08 23:01:50 | INFO     | trainer | epoch=43/60 | time=111.3s | lr=9.37e-06 | train/kl=1.1048 | train/main=1.1048 | train/total=1.4277 | train/proto=0.2148 | train/fgbf=0.7205 | train/fgbf_loss=0.7205 | train/weighted_fgbf=0.1081 | train/weighted_fgbf_loss=0.1081 | train/fgbf_grad_norm=0.5087 | train/backbone_grad_norm=37.6114 | train/compartment_grad_norm=1.2432 | train/head_grad_norm=2.8701 | train/accuracy=0.7020 | val/kl=1.3680 | val/main=1.3680 | val/total=1.7504 | val/proto=0.2703 | val/fgbf=0.7472 | val/fgbf_loss=0.7472 | val/weighted_fgbf=0.1121 | val/weighted_fgbf_loss=0.1121 | val/accuracy=0.6090 | val/kappa=0.7762 | val/mae=0.4613 | val/macro_f1=0.6483 | val/kl0_f1=0.6880 | val/kl1_recall=0.5359 | val/kl1_f1=0.4131 | val/kl2_recall=0.5142 | val/kl2_f1=0.5798 | val/low_grade_min_recall=0.5142 | val/low_grade_min_f1=0.4131 | val/low_grade_worst_class=2.0000 | val/fgbf_low_grade_accuracy=0.6147 | val/fgbf_kl0_precision=0.7360 | val/fgbf_kl0_recall=0.6799 | val/fgbf_kl0_f1=0.7068 | val/fgbf_kl1_precision=0.3529 | val/fgbf_kl1_recall=0.4706 | val/fgbf_kl1_f1=0.4034 | val/fgbf_kl2_precision=0.7043 | val/fgbf_kl2_recall=0.6179 | val/fgbf_kl2_f1=0.6583 | val/fgbf_boundary_KL1_to_KL0=50.0000 | val/fgbf_boundary_KL1_to_KL2=31.0000 | val/score=0.5572
2026-10-08 23:03:48 | INFO     | trainer | epoch=44/60 | time=111.0s | lr=1.06e-05 | train/kl=1.0392 | train/main=1.0392 | train/total=1.3305 | train/proto=0.1905 | train/fgbf=0.6722 | train/fgbf_loss=0.6722 | train/weighted_fgbf=0.1008 | train/weighted_fgbf_loss=0.1008 | train/fgbf_grad_norm=0.5433 | train/backbone_grad_norm=40.2762 | train/compartment_grad_norm=1.2112 | train/head_grad_norm=2.9535 | train/accuracy=0.7412 | val/kl=1.2453 | val/main=1.2453 | val/total=1.5958 | val/proto=0.2479 | val/fgbf=0.6842 | val/fgbf_loss=0.6842 | val/weighted_fgbf=0.1026 | val/weighted_fgbf_loss=0.1026 | val/accuracy=0.6525 | val/kappa=0.7827 | val/mae=0.4346 | val/macro_f1=0.6765 | val/kl0_f1=0.7401 | val/kl1_recall=0.3595 | val/kl1_f1=0.3691 | val/kl2_recall=0.6321 | val/kl2_f1=0.6262 | val/low_grade_min_recall=0.3595 | val/low_grade_min_f1=0.3691 | val/low_grade_worst_class=1.0000 | val/fgbf_low_grade_accuracy=0.6364 | val/fgbf_kl0_precision=0.7635 | val/fgbf_kl0_recall=0.6890 | val/fgbf_kl0_f1=0.7244 | val/fgbf_kl1_precision=0.3765 | val/fgbf_kl1_recall=0.3987 | val/fgbf_kl1_f1=0.3873 | val/fgbf_kl2_precision=0.6553 | val/fgbf_kl2_recall=0.7264 | val/fgbf_kl2_f1=0.6890 | val/fgbf_boundary_KL1_to_KL0=52.0000 | val/fgbf_boundary_KL1_to_KL2=40.0000 | val/score=0.5692
2026-10-08 23:05:47 | INFO     | trainer | epoch=45/60 | time=111.2s | lr=1.19e-05 | train/kl=1.0087 | train/main=1.0087 | train/total=1.2844 | train/proto=0.1785 | train/fgbf=0.6476 | train/fgbf_loss=0.6476 | train/weighted_fgbf=0.0971 | train/weighted_fgbf_loss=0.0971 | train/fgbf_grad_norm=0.5658 | train/backbone_grad_norm=42.3248 | train/compartment_grad_norm=1.1380 | train/head_grad_norm=2.9610 | train/accuracy=0.7583 | val/kl=1.3425 | val/main=1.3425 | val/total=1.7275 | val/proto=0.2723 | val/fgbf=0.7511 | val/fgbf_loss=0.7511 | val/weighted_fgbf=0.1127 | val/weighted_fgbf_loss=0.1127 | val/accuracy=0.5944 | val/kappa=0.7720 | val/mae=0.4697 | val/macro_f1=0.6509 | val/kl0_f1=0.6488 | val/kl1_recall=0.5556 | val/kl1_f1=0.4019 | val/kl2_recall=0.5566 | val/kl2_f1=0.5960 | val/low_grade_min_recall=0.5549 | val/low_grade_min_f1=0.4019 | val/low_grade_worst_class=0.0000 | val/fgbf_low_grade_accuracy=0.6017 | val/fgbf_kl0_precision=0.7725 | val/fgbf_kl0_recall=0.6006 | val/fgbf_kl0_f1=0.6758 | val/fgbf_kl1_precision=0.3416 | val/fgbf_kl1_recall=0.5425 | val/fgbf_kl1_f1=0.4192 | val/fgbf_kl2_precision=0.7026 | val/fgbf_kl2_recall=0.6462 | val/fgbf_kl2_f1=0.6732 | val/fgbf_boundary_KL1_to_KL0=37.0000 | val/fgbf_boundary_KL1_to_KL2=33.0000 | val/score=0.5597
2026-10-08 23:07:46 | INFO     | trainer | epoch=46/60 | time=111.1s | lr=1.31e-05 | train/kl=1.0203 | train/main=1.0203 | train/total=1.2991 | train/proto=0.1810 | train/fgbf=0.6513 | train/fgbf_loss=0.6513 | train/weighted_fgbf=0.0977 | train/weighted_fgbf_loss=0.0977 | train/fgbf_grad_norm=0.5920 | train/backbone_grad_norm=43.0586 | train/compartment_grad_norm=1.0540 | train/head_grad_norm=2.9701 | train/accuracy=0.7510 | val/kl=1.3197 | val/main=1.3197 | val/total=1.7114 | val/proto=0.2785 | val/fgbf=0.7544 | val/fgbf_loss=0.7544 | val/weighted_fgbf=0.1132 | val/weighted_fgbf_loss=0.1132 | val/accuracy=0.6235 | val/kappa=0.7657 | val/mae=0.4625 | val/macro_f1=0.6607 | val/kl0_f1=0.6988 | val/kl1_recall=0.3922 | val/kl1_f1=0.3540 | val/kl2_recall=0.6462 | val/kl2_f1=0.6199 | val/low_grade_min_recall=0.3922 | val/low_grade_min_f1=0.3540 | val/low_grade_worst_class=1.0000 | val/fgbf_low_grade_accuracy=0.6277 | val/fgbf_kl0_precision=0.7551 | val/fgbf_kl0_recall=0.6768 | val/fgbf_kl0_f1=0.7138 | val/fgbf_kl1_precision=0.3750 | val/fgbf_kl1_recall=0.4510 | val/fgbf_kl1_f1=0.4095 | val/fgbf_kl2_precision=0.6698 | val/fgbf_kl2_recall=0.6792 | val/fgbf_kl2_f1=0.6745 | val/fgbf_boundary_KL1_to_KL0=46.0000 | val/fgbf_boundary_KL1_to_KL2=38.0000 | val/score=0.5565
2026-10-08 23:09:44 | INFO     | trainer | epoch=47/60 | time=110.6s | lr=1.43e-05 | train/kl=1.0098 | train/main=1.0098 | train/total=1.2846 | train/proto=0.1791 | train/fgbf=0.6377 | train/fgbf_loss=0.6377 | train/weighted_fgbf=0.0957 | train/weighted_fgbf_loss=0.0957 | train/fgbf_grad_norm=0.5745 | train/backbone_grad_norm=44.1581 | train/compartment_grad_norm=1.1402 | train/head_grad_norm=2.8153 | train/accuracy=0.7614 | val/kl=1.2948 | val/main=1.2948 | val/total=1.6683 | val/proto=0.2642 | val/fgbf=0.7283 | val/fgbf_loss=0.7283 | val/weighted_fgbf=0.1092 | val/weighted_fgbf_loss=0.1092 | val/accuracy=0.6489 | val/kappa=0.7984 | val/mae=0.4189 | val/macro_f1=0.6743 | val/kl0_f1=0.7546 | val/kl1_recall=0.3595 | val/kl1_f1=0.3526 | val/kl2_recall=0.6274 | val/kl2_f1=0.6172 | val/low_grade_min_recall=0.3595 | val/low_grade_min_f1=0.3526 | val/low_grade_worst_class=1.0000 | val/fgbf_low_grade_accuracy=0.6335 | val/fgbf_kl0_precision=0.7432 | val/fgbf_kl0_recall=0.7500 | val/fgbf_kl0_f1=0.7466 | val/fgbf_kl1_precision=0.3503 | val/fgbf_kl1_recall=0.3595 | val/fgbf_kl1_f1=0.3548 | val/fgbf_kl2_precision=0.6732 | val/fgbf_kl2_recall=0.6509 | val/fgbf_kl2_f1=0.6619 | val/fgbf_boundary_KL1_to_KL0=60.0000 | val/fgbf_boundary_KL1_to_KL2=38.0000 | val/score=0.5606
2026-10-08 23:11:42 | INFO     | trainer | epoch=48/60 | time=110.8s | lr=1.54e-05 | train/kl=1.0485 | train/main=1.0485 | train/total=1.3393 | train/proto=0.1912 | train/fgbf=0.6637 | train/fgbf_loss=0.6637 | train/weighted_fgbf=0.0996 | train/weighted_fgbf_loss=0.0996 | train/fgbf_grad_norm=0.5286 | train/backbone_grad_norm=40.2955 | train/compartment_grad_norm=1.1246 | train/head_grad_norm=3.0626 | train/accuracy=0.7370 | val/kl=1.3268 | val/main=1.3268 | val/total=1.7362 | val/proto=0.2913 | val/fgbf=0.7869 | val/fgbf_loss=0.7869 | val/weighted_fgbf=0.1180 | val/weighted_fgbf_loss=0.1180 | val/accuracy=0.6308 | val/kappa=0.7578 | val/mae=0.4818 | val/macro_f1=0.6271 | val/kl0_f1=0.7468 | val/kl1_recall=0.1895 | val/kl1_f1=0.2489 | val/kl2_recall=0.6226 | val/kl2_f1=0.5841 | val/low_grade_min_recall=0.1895 | val/low_grade_min_f1=0.2489 | val/low_grade_worst_class=1.0000 | val/fgbf_low_grade_accuracy=0.6176 | val/fgbf_kl0_precision=0.7068 | val/fgbf_kl0_recall=0.7866 | val/fgbf_kl0_f1=0.7446 | val/fgbf_kl1_precision=0.3025 | val/fgbf_kl1_recall=0.2353 | val/fgbf_kl1_f1=0.2647 | val/fgbf_kl2_precision=0.6411 | val/fgbf_kl2_recall=0.6321 | val/fgbf_kl2_f1=0.6366 | val/fgbf_boundary_KL1_to_KL0=75.0000 | val/fgbf_boundary_KL1_to_KL2=42.0000 | val/score=0.5007
2026-10-08 23:13:40 | INFO     | trainer | epoch=49/60 | time=110.6s | lr=1.64e-05 | train/kl=1.3821 | train/main=1.3821 | train/total=1.8264 | train/proto=0.3086 | train/fgbf=0.9048 | train/fgbf_loss=0.9048 | train/weighted_fgbf=0.1357 | train/weighted_fgbf_loss=0.1357 | train/fgbf_grad_norm=0.4308 | train/backbone_grad_norm=27.8847 | train/compartment_grad_norm=0.9584 | train/head_grad_norm=3.2309 | train/accuracy=0.5587 | val/kl=1.4271 | val/main=1.4271 | val/total=1.8678 | val/proto=0.3261 | val/fgbf=0.7637 | val/fgbf_loss=0.7637 | val/weighted_fgbf=0.1146 | val/weighted_fgbf_loss=0.1146 | val/accuracy=0.5630 | val/kappa=0.5804 | val/mae=0.6501 | val/macro_f1=0.5718 | val/kl0_f1=0.6757 | val/kl1_recall=0.3137 | val/kl1_f1=0.3288 | val/kl2_recall=0.3585 | val/kl2_f1=0.4471 | val/low_grade_min_recall=0.3137 | val/low_grade_min_f1=0.3288 | val/low_grade_worst_class=1.0000 | val/fgbf_low_grade_accuracy=0.5960 | val/fgbf_kl0_precision=0.5938 | val/fgbf_kl0_recall=0.9360 | val/fgbf_kl0_f1=0.7266 | val/fgbf_kl1_precision=0.3714 | val/fgbf_kl1_recall=0.1699 | val/fgbf_kl1_f1=0.2332 | val/fgbf_kl2_precision=0.7547 | val/fgbf_kl2_recall=0.3774 | val/fgbf_kl2_f1=0.5031 | val/fgbf_boundary_KL1_to_KL0=109.0000 | val/fgbf_boundary_KL1_to_KL2=18.0000 | val/score=0.4615
2026-10-08 23:15:39 | INFO     | trainer | epoch=50/60 | time=110.8s | lr=1.73e-05 | train/kl=1.3187 | train/main=1.3187 | train/total=1.7430 | train/proto=0.2928 | train/fgbf=0.8765 | train/fgbf_loss=0.8765 | train/weighted_fgbf=0.1315 | train/weighted_fgbf_loss=0.1315 | train/fgbf_grad_norm=0.3531 | train/backbone_grad_norm=28.4573 | train/compartment_grad_norm=0.7829 | train/head_grad_norm=3.3653 | train/accuracy=0.5994 | val/kl=1.3330 | val/main=1.3330 | val/total=1.7357 | val/proto=0.2866 | val/fgbf=0.7738 | val/fgbf_loss=0.7738 | val/weighted_fgbf=0.1161 | val/weighted_fgbf_loss=0.1161 | val/accuracy=0.6174 | val/kappa=0.7337 | val/mae=0.4976 | val/macro_f1=0.6477 | val/kl0_f1=0.6907 | val/kl1_recall=0.3137 | val/kl1_f1=0.3288 | val/kl2_recall=0.6226 | val/kl2_f1=0.6041 | val/low_grade_min_recall=0.3137 | val/low_grade_min_f1=0.3288 | val/low_grade_worst_class=1.0000 | val/fgbf_low_grade_accuracy=0.6263 | val/fgbf_kl0_precision=0.7219 | val/fgbf_kl0_recall=0.7043 | val/fgbf_kl0_f1=0.7130 | val/fgbf_kl1_precision=0.3465 | val/fgbf_kl1_recall=0.2876 | val/fgbf_kl1_f1=0.3143 | val/fgbf_kl2_precision=0.6463 | val/fgbf_kl2_recall=0.7500 | val/fgbf_kl2_f1=0.6943 | val/fgbf_boundary_KL1_to_KL0=65.0000 | val/fgbf_boundary_KL1_to_KL2=44.0000 | val/score=0.5389
2026-10-08 23:15:39 | INFO     | utils | Checkpoint saved → checkpoints/e7_epoch0050.pt
2026-10-08 23:17:38 | INFO     | trainer | epoch=51/60 | time=110.9s | lr=1.81e-05 | train/kl=1.3233 | train/main=1.3233 | train/total=1.7426 | train/proto=0.2905 | train/fgbf=0.8580 | train/fgbf_loss=0.8580 | train/weighted_fgbf=0.1287 | train/weighted_fgbf_loss=0.1287 | train/fgbf_grad_norm=0.3695 | train/backbone_grad_norm=31.6214 | train/compartment_grad_norm=0.9158 | train/head_grad_norm=3.4479 | train/accuracy=0.5983 | val/kl=1.3975 | val/main=1.3975 | val/total=1.8424 | val/proto=0.3211 | val/fgbf=0.8251 | val/fgbf_loss=0.8251 | val/weighted_fgbf=0.1238 | val/weighted_fgbf_loss=0.1238 | val/accuracy=0.6041 | val/kappa=0.6621 | val/mae=0.5702 | val/macro_f1=0.6155 | val/kl0_f1=0.6831 | val/kl1_recall=0.2092 | val/kl1_f1=0.2759 | val/kl2_recall=0.6698 | val/kl2_f1=0.5796 | val/low_grade_min_recall=0.2092 | val/low_grade_min_f1=0.2759 | val/low_grade_worst_class=1.0000 | val/fgbf_low_grade_accuracy=0.5772 | val/fgbf_kl0_precision=0.6572 | val/fgbf_kl0_recall=0.7073 | val/fgbf_kl0_f1=0.6814 | val/fgbf_kl1_precision=0.3333 | val/fgbf_kl1_recall=0.2288 | val/fgbf_kl1_f1=0.2713 | val/fgbf_kl2_precision=0.5660 | val/fgbf_kl2_recall=0.6274 | val/fgbf_kl2_f1=0.5951 | val/fgbf_boundary_KL1_to_KL0=65.0000 | val/fgbf_boundary_KL1_to_KL2=53.0000 | val/score=0.5028
2026-10-08 23:19:36 | INFO     | trainer | epoch=52/60 | time=110.8s | lr=1.88e-05 | train/kl=1.3651 | train/main=1.3651 | train/total=1.8027 | train/proto=0.3048 | train/fgbf=0.8852 | train/fgbf_loss=0.8852 | train/weighted_fgbf=0.1328 | train/weighted_fgbf_loss=0.1328 | train/fgbf_grad_norm=0.3603 | train/backbone_grad_norm=29.1232 | train/compartment_grad_norm=0.7884 | train/head_grad_norm=3.3544 | train/accuracy=0.5601 | val/kl=1.4913 | val/main=1.4913 | val/total=1.9504 | val/proto=0.3281 | val/fgbf=0.8732 | val/fgbf_loss=0.8732 | val/weighted_fgbf=0.1310 | val/weighted_fgbf_loss=0.1310 | val/accuracy=0.5121 | val/kappa=0.6122 | val/mae=0.6368 | val/macro_f1=0.5758 | val/kl0_f1=0.5088 | val/kl1_recall=0.6144 | val/kl1_f1=0.4069 | val/kl2_recall=0.4528 | val/kl2_f1=0.5275 | val/low_grade_min_recall=0.4421 | val/low_grade_min_f1=0.4069 | val/low_grade_worst_class=0.0000 | val/fgbf_low_grade_accuracy=0.5065 | val/fgbf_kl0_precision=0.6403 | val/fgbf_kl0_recall=0.4939 | val/fgbf_kl0_f1=0.5577 | val/fgbf_kl1_precision=0.2823 | val/fgbf_kl1_recall=0.4575 | val/fgbf_kl1_f1=0.3491 | val/fgbf_kl2_precision=0.6198 | val/fgbf_kl2_recall=0.5613 | val/fgbf_kl2_f1=0.5891 | val/fgbf_boundary_KL1_to_KL0=46.0000 | val/fgbf_boundary_KL1_to_KL2=37.0000 | val/score=0.5106
2026-10-08 23:19:36 | INFO     | trainer | Early stopping triggered at epoch 52 (no composite score improvement for 15 epochs; min_epochs=15).
2026-10-08 23:19:36 | INFO     | utils | Checkpoint saved → checkpoints/e7_final.pt
2026-10-08 23:19:36 | INFO     | trainer | Restoring best model checkpoint (best_score=0.5808, val_qwk=0.7738) from checkpoints/e7_best.pt for evaluation...
2026-10-08 23:19:36 | INFO     | utils | Checkpoint loaded ← checkpoints/e7_best.pt  (experiment=e7  epoch=37)
2026-10-08 23:19:36 | INFO     | trainer | Training complete. Generating reports …
2026-10-08 23:19:37 | INFO     | reporting | Results directory: results/e7
2026-10-08 23:19:37 | INFO     | trainer | Collecting val logits …
2026-10-08 23:19:44 | INFO     | trainer | Collecting train logits …
2026-10-08 23:20:35 | INFO     | trainer | Collecting test logits …
2026-10-08 23:20:49 | INFO     | reporting | Generating reports for experiment 'e7' …
2026-10-08 23:20:49 | INFO     | reporting | Saved results/e7/val_confusion_matrix.png
2026-10-08 23:20:49 | INFO     | reporting | Saved results/e7/val_confusion_matrix.csv
2026-10-08 23:20:50 | INFO     | reporting | Saved results/e7/test_confusion_matrix.png
2026-10-08 23:20:50 | INFO     | reporting | Saved results/e7/test_confusion_matrix.csv
2026-10-08 23:20:50 | INFO     | reporting | Saved results/e7/val_fgbf_confusion_matrix.png
2026-10-08 23:20:50 | INFO     | reporting | Saved results/e7/val_fgbf_confusion_matrix.csv
2026-10-08 23:20:50 | INFO     | reporting | Saved results/e7/test_fgbf_confusion_matrix.png
2026-10-08 23:20:50 | INFO     | reporting | Saved results/e7/test_fgbf_confusion_matrix.csv
2026-10-08 23:20:50 | INFO     | reporting | Saved results/e7/classification_report_val.txt
2026-10-08 23:20:50 | INFO     | reporting | Saved results/e7/classification_report_test.txt
2026-10-08 23:20:50 | INFO     | reporting | Saved results/e7/predictions.csv
2026-10-08 23:20:50 | INFO     | reporting | Saved results/e7/metrics.json
2026-10-08 23:20:50 | INFO     | reporting | Saved results/e7/metrics.csv
2026-10-08 23:20:50 | INFO     | reporting | Saved results/e7/plots/loss_curve.png
2026-10-08 23:20:50 | INFO     | reporting | Saved results/e7/plots/accuracy_curve.png
2026-10-08 23:20:50 | INFO     | reporting | Saved results/e7/plots/loss_vs_accuracy.png
2026-10-08 23:20:51 | INFO     | reporting | Saved results/e7/plots/f1_curve.png
2026-10-08 23:20:51 | INFO     | reporting | Saved results/e7/plots/qwk_curve.png
2026-10-08 23:20:51 | INFO     | reporting | Saved results/e7/plots/mae_curve.png
2026-10-08 23:20:51 | INFO     | reporting | Saved results/e7/plots/learning_rate_curve.png
2026-10-08 23:20:51 | INFO     | reporting | ====================================================
2026-10-08 23:20:51 | INFO     | reporting |   FINAL RESULTS
2026-10-08 23:20:51 | INFO     | reporting | ====================================================
2026-10-08 23:20:51 | INFO     | reporting | TRAIN
2026-10-08 23:20:51 | INFO     | reporting |   Overall Accuracy   : 0.7559
2026-10-08 23:20:51 | INFO     | reporting |   Macro Precision    : 0.7828
2026-10-08 23:20:51 | INFO     | reporting |   Macro Recall       : 0.7800
2026-10-08 23:20:51 | INFO     | reporting |   Macro F1           : 0.7809
2026-10-08 23:20:51 | INFO     | reporting |   Weighted Precision : 0.7549
2026-10-08 23:20:51 | INFO     | reporting |   Weighted Recall    : 0.7559
2026-10-08 23:20:51 | INFO     | reporting |   Weighted F1        : 0.7546
2026-10-08 23:20:51 | INFO     | reporting |   MAE                : 0.3106
2026-10-08 23:20:51 | INFO     | reporting |   QWK                : 0.8374
2026-10-08 23:20:51 | INFO     | reporting |   KL0 Recall         : 0.8301
2026-10-08 23:20:51 | INFO     | reporting |   KL1 Recall         : 0.5287
2026-10-08 23:20:51 | INFO     | reporting |   KL1 F1             : 0.5353
2026-10-08 23:20:51 | INFO     | reporting |   KL2 Recall         : 0.7164
2026-10-08 23:20:51 | INFO     | reporting |   Boundary Error Counts:
2026-10-08 23:20:51 | INFO     | reporting |     KL1 -> KL0       : 339
2026-10-08 23:20:51 | INFO     | reporting |     KL1 -> KL2       : 143
2026-10-08 23:20:51 | INFO     | reporting |     KL0 -> KL1       : 282
2026-10-08 23:20:51 | INFO     | reporting |     KL2 -> KL1       : 172
2026-10-08 23:20:51 | INFO     | reporting |   FGBF Diagnostics (Auxiliary Head):
2026-10-08 23:20:51 | INFO     | reporting |     FGBF Low-Grade Acc : 0.7225
2026-10-08 23:20:51 | INFO     | reporting |     KL0 Prec/Rec/F1    : 0.7848 / 0.7933 / 0.7890
2026-10-08 23:20:51 | INFO     | reporting |     KL1 Prec/Rec/F1    : 0.5085 / 0.4885 / 0.4983
2026-10-08 23:20:51 | INFO     | reporting |     KL2 Prec/Rec/F1    : 0.7689 / 0.7770 / 0.7730
2026-10-08 23:20:51 | INFO     | reporting |     FGBF Boundary Errors:
2026-10-08 23:20:51 | INFO     | reporting |       KL1 -> KL0       : 326
2026-10-08 23:20:51 | INFO     | reporting |       KL1 -> KL2       : 209
2026-10-08 23:20:51 | INFO     | reporting |   ------------------------------------------------
2026-10-08 23:20:51 | INFO     | reporting | VALIDATION
2026-10-08 23:20:51 | INFO     | reporting |   Overall Accuracy   : 0.6501
2026-10-08 23:20:51 | INFO     | reporting |   Macro Precision    : 0.6624
2026-10-08 23:20:51 | INFO     | reporting |   Macro Recall       : 0.6921
2026-10-08 23:20:51 | INFO     | reporting |   Macro F1           : 0.6751
2026-10-08 23:20:51 | INFO     | reporting |   Weighted Precision : 0.6597
2026-10-08 23:20:51 | INFO     | reporting |   Weighted Recall    : 0.6501
2026-10-08 23:20:51 | INFO     | reporting |   Weighted F1        : 0.6539
2026-10-08 23:20:51 | INFO     | reporting |   MAE                : 0.4395
2026-10-08 23:20:51 | INFO     | reporting |   QWK                : 0.7738
2026-10-08 23:20:51 | INFO     | reporting |   KL0 Recall         : 0.7043
2026-10-08 23:20:51 | INFO     | reporting |   KL1 Recall         : 0.4248
2026-10-08 23:20:51 | INFO     | reporting |   KL1 F1             : 0.3963
2026-10-08 23:20:51 | INFO     | reporting |   KL2 Recall         : 0.6321
2026-10-08 23:20:51 | INFO     | reporting |   Boundary Error Counts:
2026-10-08 23:20:51 | INFO     | reporting |     KL1 -> KL0       : 49
2026-10-08 23:20:51 | INFO     | reporting |     KL1 -> KL2       : 36
2026-10-08 23:20:51 | INFO     | reporting |     KL0 -> KL1       : 65
2026-10-08 23:20:51 | INFO     | reporting |     KL2 -> KL1       : 41
2026-10-08 23:20:51 | INFO     | reporting |   FGBF Diagnostics (Auxiliary Head):
2026-10-08 23:20:51 | INFO     | reporting |     FGBF Low-Grade Acc : 0.6306
2026-10-08 23:20:51 | INFO     | reporting |     KL0 Prec/Rec/F1    : 0.7793 / 0.6890 / 0.7314
2026-10-08 23:20:51 | INFO     | reporting |     KL1 Prec/Rec/F1    : 0.3563 / 0.3725 / 0.3642
2026-10-08 23:20:51 | INFO     | reporting |     KL2 Prec/Rec/F1    : 0.6337 / 0.7264 / 0.6769
2026-10-08 23:20:51 | INFO     | reporting |     FGBF Boundary Errors:
2026-10-08 23:20:51 | INFO     | reporting |       KL1 -> KL0       : 46
2026-10-08 23:20:51 | INFO     | reporting |       KL1 -> KL2       : 50
2026-10-08 23:20:51 | INFO     | reporting |   ------------------------------------------------
2026-10-08 23:20:51 | INFO     | reporting | TEST
2026-10-08 23:20:51 | INFO     | reporting |   Overall Accuracy   : 0.6353
2026-10-08 23:20:51 | INFO     | reporting |   Macro Precision    : 0.6513
2026-10-08 23:20:51 | INFO     | reporting |   Macro Recall       : 0.6594
2026-10-08 23:20:51 | INFO     | reporting |   Macro F1           : 0.6540
2026-10-08 23:20:51 | INFO     | reporting |   Weighted Precision : 0.6423
2026-10-08 23:20:51 | INFO     | reporting |   Weighted Recall    : 0.6353
2026-10-08 23:20:51 | INFO     | reporting |   Weighted F1        : 0.6375
2026-10-08 23:20:51 | INFO     | reporting |   MAE                : 0.4312
2026-10-08 23:20:51 | INFO     | reporting |   QWK                : 0.7969
2026-10-08 23:20:51 | INFO     | reporting |   KL0 Recall         : 0.7355
2026-10-08 23:20:51 | INFO     | reporting |   KL1 Recall         : 0.3378
2026-10-08 23:20:51 | INFO     | reporting |   KL1 F1             : 0.3180
2026-10-08 23:20:51 | INFO     | reporting |   KL2 Recall         : 0.5705
2026-10-08 23:20:51 | INFO     | reporting |   Boundary Error Counts:
2026-10-08 23:20:51 | INFO     | reporting |     KL1 -> KL0       : 106
2026-10-08 23:20:51 | INFO     | reporting |     KL1 -> KL2       : 85
2026-10-08 23:20:51 | INFO     | reporting |     KL0 -> KL1       : 134
2026-10-08 23:20:51 | INFO     | reporting |     KL2 -> KL1       : 92
2026-10-08 23:20:51 | INFO     | reporting |   FGBF Diagnostics (Auxiliary Head):
2026-10-08 23:20:51 | INFO     | reporting |     FGBF Low-Grade Acc : 0.6194
2026-10-08 23:20:51 | INFO     | reporting |     KL0 Prec/Rec/F1    : 0.7487 / 0.6995 / 0.7233
2026-10-08 23:20:51 | INFO     | reporting |     KL1 Prec/Rec/F1    : 0.2801 / 0.2905 / 0.2852
2026-10-08 23:20:51 | INFO     | reporting |     KL2 Prec/Rec/F1    : 0.6757 / 0.7226 / 0.6984
2026-10-08 23:20:51 | INFO     | reporting |     FGBF Boundary Errors:
2026-10-08 23:20:51 | INFO     | reporting |       KL1 -> KL0       : 106
2026-10-08 23:20:51 | INFO     | reporting |       KL1 -> KL2       : 104
2026-10-08 23:20:51 | INFO     | reporting | ====================================================
2026-10-08 23:20:51 | INFO     | reporting | Ablation summary updated → results/ablation_summary.csv
